Archive member included because of file (symbol)

\Symbian\9.2\S60_3rd_FP1\EPOC32\RELEASE\ARMV5\UDEB\EDLL.LIB(uc_dll_.o)
                              (_E32Dll)
\Symbian\9.2\S60_3rd_FP1\EPOC32\RELEASE\ARMV5\UDEB\EDLL.LIB(uc_dll.o)
                              \Symbian\9.2\S60_3rd_FP1\EPOC32\RELEASE\ARMV5\UDEB\EDLL.LIB(uc_dll_.o) (_E32Dll_Body)
\Symbian\9.2\S60_3rd_FP1\EPOC32\RELEASE\ARMV5\UDEB\usrt2_2.lib(ucppinit_aeabi.o)
                              \Symbian\9.2\S60_3rd_FP1\EPOC32\RELEASE\ARMV5\UDEB\EDLL.LIB(uc_dll.o) (__cpp_initialize__aeabi_)
\Symbian\9.2\S60_3rd_FP1\EPOC32\RELEASE\ARMV5\UDEB\usrt2_2.lib(dllexp.o)
                              \Symbian\9.2\S60_3rd_FP1\EPOC32\RELEASE\ARMV5\UDEB\EDLL.LIB(uc_dll.o) (__DLL_Export_Table__)
C:\Program Files\CSL Arm Toolchain\bin\..\arm-none-symbianelf\lib\libsupc++.a(eh_personality.o)
                              \Symbian\9.2\S60_3rd_FP1\EPOC32\BUILD\Carbide\NewLibVersion\QBluetooth_selfsigned\QBLUETOOTH_DLL\GCCE\UDEB\moc_QBtSerialPortServer.o (__gxx_personality_v0)
C:\Program Files\CSL Arm Toolchain\bin\..\lib\gcc\arm-none-symbianelf\3.4.3\libgcc.a(pr-support.o)
                              C:\Program Files\CSL Arm Toolchain\bin\..\arm-none-symbianelf\lib\libsupc++.a(eh_personality.o) (__gnu_unwind_frame)

Memory Configuration

Name             Origin             Length             Attributes
*default*        0x00000000         0xffffffff

Linker script and memory map

Address of section .text set to 0x8000
Address of section .data set to 0x400000
LOAD \Symbian\9.2\S60_3rd_FP1\EPOC32\RELEASE\ARMV5\UDEB\EDLL.LIB
LOAD \Symbian\9.2\S60_3rd_FP1\EPOC32\BUILD\Carbide\NewLibVersion\QBluetooth_selfsigned\QBLUETOOTH_DLL\GCCE\UDEB\moc_QBtDeviceDiscoverer.o
LOAD \Symbian\9.2\S60_3rd_FP1\EPOC32\BUILD\Carbide\NewLibVersion\QBluetooth_selfsigned\QBLUETOOTH_DLL\GCCE\UDEB\moc_QBtSingleDeviceSelectorUI.o
LOAD \Symbian\9.2\S60_3rd_FP1\EPOC32\BUILD\Carbide\NewLibVersion\QBluetooth_selfsigned\QBLUETOOTH_DLL\GCCE\UDEB\moc_QBtServiceDiscoverer.o
LOAD \Symbian\9.2\S60_3rd_FP1\EPOC32\BUILD\Carbide\NewLibVersion\QBluetooth_selfsigned\QBLUETOOTH_DLL\GCCE\UDEB\moc_QBtServiceDiscovererForAll.o
LOAD \Symbian\9.2\S60_3rd_FP1\EPOC32\BUILD\Carbide\NewLibVersion\QBluetooth_selfsigned\QBLUETOOTH_DLL\GCCE\UDEB\moc_QBtServiceAdvertiser.o
LOAD \Symbian\9.2\S60_3rd_FP1\EPOC32\BUILD\Carbide\NewLibVersion\QBluetooth_selfsigned\QBLUETOOTH_DLL\GCCE\UDEB\moc_QBtSerialPortServer.o
LOAD \Symbian\9.2\S60_3rd_FP1\EPOC32\BUILD\Carbide\NewLibVersion\QBluetooth_selfsigned\QBLUETOOTH_DLL\GCCE\UDEB\moc_QBtSerialPortClient.o
LOAD \Symbian\9.2\S60_3rd_FP1\EPOC32\BUILD\Carbide\NewLibVersion\QBluetooth_selfsigned\QBLUETOOTH_DLL\GCCE\UDEB\moc_QBtObjectExchangeClient.o
LOAD \Symbian\9.2\S60_3rd_FP1\EPOC32\BUILD\Carbide\NewLibVersion\QBluetooth_selfsigned\QBLUETOOTH_DLL\GCCE\UDEB\moc_QBtLocalDevice.o
LOAD \Symbian\9.2\S60_3rd_FP1\EPOC32\BUILD\Carbide\NewLibVersion\QBluetooth_selfsigned\QBLUETOOTH_DLL\GCCE\UDEB\moc_QBtObjectExchangeServer.o
LOAD \Symbian\9.2\S60_3rd_FP1\EPOC32\BUILD\Carbide\NewLibVersion\QBluetooth_selfsigned\QBLUETOOTH_DLL\GCCE\UDEB\QBtService.o
LOAD \Symbian\9.2\S60_3rd_FP1\EPOC32\BUILD\Carbide\NewLibVersion\QBluetooth_selfsigned\QBLUETOOTH_DLL\GCCE\UDEB\QBtAddress.o
LOAD \Symbian\9.2\S60_3rd_FP1\EPOC32\BUILD\Carbide\NewLibVersion\QBluetooth_selfsigned\QBLUETOOTH_DLL\GCCE\UDEB\QBtDevice.o
LOAD \Symbian\9.2\S60_3rd_FP1\EPOC32\BUILD\Carbide\NewLibVersion\QBluetooth_selfsigned\QBLUETOOTH_DLL\GCCE\UDEB\QBtUuid.o
LOAD \Symbian\9.2\S60_3rd_FP1\EPOC32\BUILD\Carbide\NewLibVersion\QBluetooth_selfsigned\QBLUETOOTH_DLL\GCCE\UDEB\QBtObjectExchangeClient.o
LOAD \Symbian\9.2\S60_3rd_FP1\EPOC32\BUILD\Carbide\NewLibVersion\QBluetooth_selfsigned\QBLUETOOTH_DLL\GCCE\UDEB\QBtObjectExchangeClient_symbian.o
LOAD \Symbian\9.2\S60_3rd_FP1\EPOC32\BUILD\Carbide\NewLibVersion\QBluetooth_selfsigned\QBLUETOOTH_DLL\GCCE\UDEB\QBtObjectExchangeServer.o
LOAD \Symbian\9.2\S60_3rd_FP1\EPOC32\BUILD\Carbide\NewLibVersion\QBluetooth_selfsigned\QBLUETOOTH_DLL\GCCE\UDEB\QBtObjectExchangeServer_symbian.o
LOAD \Symbian\9.2\S60_3rd_FP1\EPOC32\BUILD\Carbide\NewLibVersion\QBluetooth_selfsigned\QBLUETOOTH_DLL\GCCE\UDEB\QBtSerialPortClient.o
LOAD \Symbian\9.2\S60_3rd_FP1\EPOC32\BUILD\Carbide\NewLibVersion\QBluetooth_selfsigned\QBLUETOOTH_DLL\GCCE\UDEB\QBtSerialPortClient_symbian.o
LOAD \Symbian\9.2\S60_3rd_FP1\EPOC32\BUILD\Carbide\NewLibVersion\QBluetooth_selfsigned\QBLUETOOTH_DLL\GCCE\UDEB\QBtSerialPortServer.o
LOAD \Symbian\9.2\S60_3rd_FP1\EPOC32\BUILD\Carbide\NewLibVersion\QBluetooth_selfsigned\QBLUETOOTH_DLL\GCCE\UDEB\QBtSerialPortServer_symbian.o
LOAD \Symbian\9.2\S60_3rd_FP1\EPOC32\BUILD\Carbide\NewLibVersion\QBluetooth_selfsigned\QBLUETOOTH_DLL\GCCE\UDEB\QBtSingleDeviceSelectorUI.o
LOAD \Symbian\9.2\S60_3rd_FP1\EPOC32\BUILD\Carbide\NewLibVersion\QBluetooth_selfsigned\QBLUETOOTH_DLL\GCCE\UDEB\QBtDeviceDiscoverer.o
LOAD \Symbian\9.2\S60_3rd_FP1\EPOC32\BUILD\Carbide\NewLibVersion\QBluetooth_selfsigned\QBLUETOOTH_DLL\GCCE\UDEB\QBtDeviceDiscoverer_symbian.o
LOAD \Symbian\9.2\S60_3rd_FP1\EPOC32\BUILD\Carbide\NewLibVersion\QBluetooth_selfsigned\QBLUETOOTH_DLL\GCCE\UDEB\QBtSingleDeviceSelectorUI_symbian.o
LOAD \Symbian\9.2\S60_3rd_FP1\EPOC32\BUILD\Carbide\NewLibVersion\QBluetooth_selfsigned\QBLUETOOTH_DLL\GCCE\UDEB\BtDeviceFinderDlg_symbian.o
LOAD \Symbian\9.2\S60_3rd_FP1\EPOC32\BUILD\Carbide\NewLibVersion\QBluetooth_selfsigned\QBLUETOOTH_DLL\GCCE\UDEB\QBtLocalDevice.o
LOAD \Symbian\9.2\S60_3rd_FP1\EPOC32\BUILD\Carbide\NewLibVersion\QBluetooth_selfsigned\QBLUETOOTH_DLL\GCCE\UDEB\QBtLocalDevice_symbian.o
LOAD \Symbian\9.2\S60_3rd_FP1\EPOC32\BUILD\Carbide\NewLibVersion\QBluetooth_selfsigned\QBLUETOOTH_DLL\GCCE\UDEB\QBtServiceAdvertiser.o
LOAD \Symbian\9.2\S60_3rd_FP1\EPOC32\BUILD\Carbide\NewLibVersion\QBluetooth_selfsigned\QBLUETOOTH_DLL\GCCE\UDEB\QBtServiceAdvertiser_symbian.o
LOAD \Symbian\9.2\S60_3rd_FP1\EPOC32\BUILD\Carbide\NewLibVersion\QBluetooth_selfsigned\QBLUETOOTH_DLL\GCCE\UDEB\QBtServiceDiscoverer.o
LOAD \Symbian\9.2\S60_3rd_FP1\EPOC32\BUILD\Carbide\NewLibVersion\QBluetooth_selfsigned\QBLUETOOTH_DLL\GCCE\UDEB\QBtServiceDiscovererForAll.o
LOAD \Symbian\9.2\S60_3rd_FP1\EPOC32\BUILD\Carbide\NewLibVersion\QBluetooth_selfsigned\QBLUETOOTH_DLL\GCCE\UDEB\QBtServiceDiscoverer_symbian.o
LOAD \Symbian\9.2\S60_3rd_FP1\EPOC32\RELEASE\ARMV5\UDEB\EDLLSTUB.lib
START GROUP
LOAD \Symbian\9.2\S60_3rd_FP1\EPOC32\RELEASE\ARMV5\UDEB\usrt2_2.lib
END GROUP
LOAD \Symbian\9.2\S60_3rd_FP1\EPOC32\RELEASE\ARMV5\LIB\bluetooth.dso
LOAD \Symbian\9.2\S60_3rd_FP1\EPOC32\RELEASE\ARMV5\LIB\btextnotifiers.dso
LOAD \Symbian\9.2\S60_3rd_FP1\EPOC32\RELEASE\ARMV5\LIB\sdpdatabase.dso
LOAD \Symbian\9.2\S60_3rd_FP1\EPOC32\RELEASE\ARMV5\LIB\sdpagent.dso
LOAD \Symbian\9.2\S60_3rd_FP1\EPOC32\RELEASE\ARMV5\LIB\irobex.dso
LOAD \Symbian\9.2\S60_3rd_FP1\EPOC32\RELEASE\ARMV5\LIB\efsrv.dso
LOAD \Symbian\9.2\S60_3rd_FP1\EPOC32\RELEASE\ARMV5\LIB\featdiscovery.dso
LOAD \Symbian\9.2\S60_3rd_FP1\EPOC32\RELEASE\ARMV5\LIB\centralrepository.dso
LOAD \Symbian\9.2\S60_3rd_FP1\EPOC32\RELEASE\ARMV5\LIB\bafl.dso
LOAD \Symbian\9.2\S60_3rd_FP1\EPOC32\RELEASE\ARMV5\LIB\eikcore.dso
LOAD \Symbian\9.2\S60_3rd_FP1\EPOC32\RELEASE\ARMV5\LIB\cone.dso
LOAD \Symbian\9.2\S60_3rd_FP1\EPOC32\RELEASE\ARMV5\LIB\btdevice.dso
LOAD \Symbian\9.2\S60_3rd_FP1\EPOC32\RELEASE\ARMV5\LIB\btmanclient.dso
LOAD \Symbian\9.2\S60_3rd_FP1\EPOC32\RELEASE\ARMV5\LIB\esock.dso
LOAD \Symbian\9.2\S60_3rd_FP1\EPOC32\RELEASE\ARMV5\LIB\bteng.dso
LOAD \Symbian\9.2\S60_3rd_FP1\EPOC32\RELEASE\ARMV5\LIB\libstdcpp.dso
LOAD \Symbian\9.2\S60_3rd_FP1\EPOC32\RELEASE\ARMV5\LIB\QtGui.dso
LOAD \Symbian\9.2\S60_3rd_FP1\EPOC32\RELEASE\ARMV5\LIB\QtCore.dso
LOAD \Symbian\9.2\S60_3rd_FP1\EPOC32\RELEASE\ARMV5\LIB\libpthread.dso
LOAD \Symbian\9.2\S60_3rd_FP1\EPOC32\RELEASE\ARMV5\LIB\libc.dso
LOAD \Symbian\9.2\S60_3rd_FP1\EPOC32\RELEASE\ARMV5\LIB\libm.dso
LOAD \Symbian\9.2\S60_3rd_FP1\EPOC32\RELEASE\ARMV5\LIB\euser.dso
LOAD \Symbian\9.2\S60_3rd_FP1\EPOC32\RELEASE\ARMV5\LIB\libdl.dso
LOAD \Symbian\9.2\S60_3rd_FP1\EPOC32\RELEASE\ARMV5\LIB\dfpaeabi.dso
LOAD \Symbian\9.2\S60_3rd_FP1\EPOC32\RELEASE\ARMV5\LIB\dfprvct2_2.dso
LOAD \Symbian\9.2\S60_3rd_FP1\EPOC32\RELEASE\ARMV5\LIB\drtaeabi.dso
LOAD \Symbian\9.2\S60_3rd_FP1\EPOC32\RELEASE\ARMV5\LIB\scppnwdl.dso
LOAD \Symbian\9.2\S60_3rd_FP1\EPOC32\RELEASE\ARMV5\LIB\drtrvct2_2.dso
LOAD C:\Program Files\CSL Arm Toolchain\bin\..\arm-none-symbianelf\lib\libsupc++.a
LOAD C:\Program Files\CSL Arm Toolchain\bin\..\lib\gcc\arm-none-symbianelf\3.4.3\libgcc.a
                0x00008000                . = 0x8000
                0x00008000                PROVIDE (Image$$ER_RO$$Base, .)

.init
 *(.init)

.text           0x00008000    0x1e558
 *(.text .stub .text.* .gnu.linkonce.t.*)
 .text          0x00008000       0x30 \Symbian\9.2\S60_3rd_FP1\EPOC32\RELEASE\ARMV5\UDEB\EDLL.LIB(uc_dll.o)
                0x00008000                _E32Dll_Body
 .text          0x00008030      0x2fc \Symbian\9.2\S60_3rd_FP1\EPOC32\BUILD\Carbide\NewLibVersion\QBluetooth_selfsigned\QBLUETOOTH_DLL\GCCE\UDEB\moc_QBtDeviceDiscoverer.o
                0x00008048                QBtDeviceDiscoverer::metaObject() const
                0x00008224                QBtDeviceDiscoverer::newDeviceFound(QBtDevice const&)
                0x000080a4                QBtDeviceDiscoverer::qt_metacast(char const*)
                0x00008030                QBtDeviceDiscoverer::getStaticMetaObject()
                0x00008118                QBtDeviceDiscoverer::qt_metacall(QMetaObject::Call, int, void**)
                0x000082dc                QBtDeviceDiscoverer::error(QBtDeviceDiscoverer::DeviceDiscoveryErrors)
                0x00008274                QBtDeviceDiscoverer::discoveryStopped()
                0x000082a8                QBtDeviceDiscoverer::discoveryStarted()
 .text._ZNK14QScopedPointerI11QObjectData21QScopedPointerDeleterIS0_EEptEv
                0x0000832c       0x58 \Symbian\9.2\S60_3rd_FP1\EPOC32\BUILD\Carbide\NewLibVersion\QBluetooth_selfsigned\QBLUETOOTH_DLL\GCCE\UDEB\moc_QBtDeviceDiscoverer.o
                0x0000832c                QScopedPointer<QObjectData, QScopedPointerDeleter<QObjectData> >::operator->() const
 .text._Z7qt_noopv
                0x00008384       0x10 \Symbian\9.2\S60_3rd_FP1\EPOC32\BUILD\Carbide\NewLibVersion\QBluetooth_selfsigned\QBLUETOOTH_DLL\GCCE\UDEB\moc_QBtDeviceDiscoverer.o
                0x00008384                qt_noop()
 .text          0x00008394      0x278 \Symbian\9.2\S60_3rd_FP1\EPOC32\BUILD\Carbide\NewLibVersion\QBluetooth_selfsigned\QBLUETOOTH_DLL\GCCE\UDEB\moc_QBtSingleDeviceSelectorUI.o
                0x00008408                QBtSingleDeviceSelectorUI::qt_metacast(char const*)
                0x00008554                QBtSingleDeviceSelectorUI::discoveryCompleted(QBtDevice const&)
                0x0000847c                QBtSingleDeviceSelectorUI::qt_metacall(QMetaObject::Call, int, void**)
                0x000085d8                QBtSingleDeviceSelectorUI::userCanceled()
                0x000085a4                QBtSingleDeviceSelectorUI::discoveryStarted()
                0x000083ac                QBtSingleDeviceSelectorUI::metaObject() const
                0x00008394                QBtSingleDeviceSelectorUI::getStaticMetaObject()
 .text          0x0000860c      0x3dc \Symbian\9.2\S60_3rd_FP1\EPOC32\BUILD\Carbide\NewLibVersion\QBluetooth_selfsigned\QBLUETOOTH_DLL\GCCE\UDEB\moc_QBtServiceDiscoverer.o
                0x000088f4                QBtServiceDiscoverer::discoveryStopped()
                0x00008998                QBtServiceDiscoverer::error(QBtServiceDiscoverer::ServiceDiscoveryError)
                0x000086f4                QBtServiceDiscoverer::qt_metacall(QMetaObject::Call, int, void**)
                0x000088c0                QBtServiceDiscoverer::discoveryStarted()
                0x0000860c                QBtServiceDiscoverer::getStaticMetaObject()
                0x00008928                QBtServiceDiscoverer::newServiceFound(QBtDevice const&, QBtService const&)
                0x00008680                QBtServiceDiscoverer::qt_metacast(char const*)
                0x00008624                QBtServiceDiscoverer::metaObject() const
 .text          0x000089e8      0x4d8 \Symbian\9.2\S60_3rd_FP1\EPOC32\BUILD\Carbide\NewLibVersion\QBluetooth_selfsigned\QBLUETOOTH_DLL\GCCE\UDEB\moc_QBtServiceDiscovererForAll.o
                0x00008d7c                QBtServiceDiscovererForAll::discoveryEnded()
                0x000089e8                QBtServiceDiscovererForAll::getStaticMetaObject()
                0x00008a00                QBtServiceDiscovererForAll::metaObject() const
                0x00008ad0                QBtServiceDiscovererForAll::qt_metacall(QMetaObject::Call, int, void**)
                0x00008d48                QBtServiceDiscovererForAll::discoveryStarted()
                0x00008e00                QBtServiceDiscovererForAll::serviceDiscoveyError(QBtDevice const&, QBtServiceDiscoverer::ServiceDiscoveryError)
                0x00008db0                QBtServiceDiscovererForAll::newDeviceFound(QBtDevice const&)
                0x00008e70                QBtServiceDiscovererForAll::deviceDiscoveryError(QBtDeviceDiscoverer::DeviceDiscoveryErrors)
                0x00008a5c                QBtServiceDiscovererForAll::qt_metacast(char const*)
 .text          0x00008ec0      0x2bc \Symbian\9.2\S60_3rd_FP1\EPOC32\BUILD\Carbide\NewLibVersion\QBluetooth_selfsigned\QBLUETOOTH_DLL\GCCE\UDEB\moc_QBtServiceAdvertiser.o
                0x00008ed8                QBtServiceAdvertiser::metaObject() const
                0x0000912c                QBtServiceAdvertiser::error(QBtServiceAdvertiser::ErrorCodes)
                0x00008ec0                QBtServiceAdvertiser::getStaticMetaObject()
                0x000090a8                QBtServiceAdvertiser::advertisingStarted(QBtService const&)
                0x000090f8                QBtServiceAdvertiser::advertisingStopped()
                0x00008fa8                QBtServiceAdvertiser::qt_metacall(QMetaObject::Call, int, void**)
                0x00008f34                QBtServiceAdvertiser::qt_metacast(char const*)
 .text          0x0000917c      0x494 \Symbian\9.2\S60_3rd_FP1\EPOC32\BUILD\Carbide\NewLibVersion\QBluetooth_selfsigned\QBLUETOOTH_DLL\GCCE\UDEB\moc_QBtSerialPortServer.o
                0x00009508                QBtSerialPortServer::clientDisconnected()
                0x0000953c                QBtSerialPortServer::dataSent()
                0x00009484                QBtSerialPortServer::serverStopped()
                0x00009450                QBtSerialPortServer::serverStarted()
                0x00009264                QBtSerialPortServer::qt_metacall(QMetaObject::Call, int, void**)
                0x000091f0                QBtSerialPortServer::qt_metacast(char const*)
                0x0000917c                QBtSerialPortServer::getStaticMetaObject()
                0x00009570                QBtSerialPortServer::dataReceived(QString const&)
                0x000095c0                QBtSerialPortServer::error(QBtSerialPortServer::ErrorCode)
                0x00009194                QBtSerialPortServer::metaObject() const
                0x000094b8                QBtSerialPortServer::clientConnected(QBtAddress const&)
 .text._ZN7QStringD1Ev
                0x00009610       0x44 \Symbian\9.2\S60_3rd_FP1\EPOC32\BUILD\Carbide\NewLibVersion\QBluetooth_selfsigned\QBLUETOOTH_DLL\GCCE\UDEB\moc_QBtSerialPortServer.o
                0x00009610                QString::~QString()
 .text._ZN15QBasicAtomicInt5derefEv
                0x00009654       0x3c \Symbian\9.2\S60_3rd_FP1\EPOC32\BUILD\Carbide\NewLibVersion\QBluetooth_selfsigned\QBLUETOOTH_DLL\GCCE\UDEB\moc_QBtSerialPortServer.o
                0x00009654                QBasicAtomicInt::deref()
 .text._ZN7QStringC1EPKc
                0x00009690       0x3c \Symbian\9.2\S60_3rd_FP1\EPOC32\BUILD\Carbide\NewLibVersion\QBluetooth_selfsigned\QBLUETOOTH_DLL\GCCE\UDEB\moc_QBtSerialPortServer.o
                0x00009690                QString::QString(char const*)
 .text          0x000096cc      0x3e4 \Symbian\9.2\S60_3rd_FP1\EPOC32\BUILD\Carbide\NewLibVersion\QBluetooth_selfsigned\QBLUETOOTH_DLL\GCCE\UDEB\moc_QBtSerialPortClient.o
                0x00009a10                QBtSerialPortClient::dataReceived(QString const&)
                0x000099a8                QBtSerialPortClient::connectedToServer()
                0x00009940                QBtSerialPortClient::disconnectedFromServer()
                0x000096cc                QBtSerialPortClient::getStaticMetaObject()
                0x000096e4                QBtSerialPortClient::metaObject() const
                0x00009a60                QBtSerialPortClient::error(QBtSerialPortClient::ErrorCode)
                0x00009740                QBtSerialPortClient::qt_metacast(char const*)
                0x00009974                QBtSerialPortClient::connectionResetByPeer()
                0x000099dc                QBtSerialPortClient::dataSent()
                0x000097b4                QBtSerialPortClient::qt_metacall(QMetaObject::Call, int, void**)
 .text          0x00009ab0      0x410 \Symbian\9.2\S60_3rd_FP1\EPOC32\BUILD\Carbide\NewLibVersion\QBluetooth_selfsigned\QBLUETOOTH_DLL\GCCE\UDEB\moc_QBtObjectExchangeClient.o
                0x00009d9c                QBtObjectExchangeClient::objectSent()
                0x00009b24                QBtObjectExchangeClient::qt_metacast(char const*)
                0x00009d34                QBtObjectExchangeClient::connectedToServer()
                0x00009ab0                QBtObjectExchangeClient::getStaticMetaObject()
                0x00009e20                QBtObjectExchangeClient::dataReceived(QByteArray const&)
                0x00009ce4                QBtObjectExchangeClient::error(QBtObjectExchangeClient::ErrorCode)
                0x00009e70                QBtObjectExchangeClient::remotePathSet(QString const&)
                0x00009dd0                QBtObjectExchangeClient::fileReceived(QString const&)
                0x00009d68                QBtObjectExchangeClient::disconnectedFromServer()
                0x00009b98                QBtObjectExchangeClient::qt_metacall(QMetaObject::Call, int, void**)
                0x00009ac8                QBtObjectExchangeClient::metaObject() const
 .text          0x00009ec0      0x14c \Symbian\9.2\S60_3rd_FP1\EPOC32\BUILD\Carbide\NewLibVersion\QBluetooth_selfsigned\QBLUETOOTH_DLL\GCCE\UDEB\moc_QBtLocalDevice.o
                0x00009ed8                QBtLocalDevice::metaObject() const
                0x00009ec0                QBtLocalDevice::getStaticMetaObject()
                0x00009fa8                QBtLocalDevice::qt_metacall(QMetaObject::Call, int, void**)
                0x00009f34                QBtLocalDevice::qt_metacast(char const*)
 .text._ZN14QBtLocalDeviceD1Ev
                0x0000a00c       0x58 \Symbian\9.2\S60_3rd_FP1\EPOC32\BUILD\Carbide\NewLibVersion\QBluetooth_selfsigned\QBLUETOOTH_DLL\GCCE\UDEB\moc_QBtLocalDevice.o
                0x0000a00c                QBtLocalDevice::~QBtLocalDevice()
 .text._ZN14QBtLocalDeviceD0Ev
                0x0000a064       0x58 \Symbian\9.2\S60_3rd_FP1\EPOC32\BUILD\Carbide\NewLibVersion\QBluetooth_selfsigned\QBLUETOOTH_DLL\GCCE\UDEB\moc_QBtLocalDevice.o
                0x0000a064                QBtLocalDevice::~QBtLocalDevice()
 .text          0x0000a0bc      0x678 \Symbian\9.2\S60_3rd_FP1\EPOC32\BUILD\Carbide\NewLibVersion\QBluetooth_selfsigned\QBLUETOOTH_DLL\GCCE\UDEB\moc_QBtObjectExchangeServer.o
                0x0000a478                QBtObjectExchangeServer::error(QBtObjectExchangeServer::ErrorCode)
                0x0000a4c8                QBtObjectExchangeServer::receivingObjectInfo(int, int)
                0x0000a444                QBtObjectExchangeServer::serverStopped()
                0x0000a130                QBtObjectExchangeServer::qt_metacast(char const*)
                0x0000a660                QBtObjectExchangeServer::transmittingStarted(QString const&)
                0x0000a5bc                QBtObjectExchangeServer::transmittingRejected()
                0x0000a538                QBtObjectExchangeServer::receivingStarted()
                0x0000a5f0                QBtObjectExchangeServer::transmittingObjectInfo(int, int)
                0x0000a1a4                QBtObjectExchangeServer::qt_metacall(QMetaObject::Call, int, void**)
                0x0000a410                QBtObjectExchangeServer::serverStarted()
                0x0000a0bc                QBtObjectExchangeServer::getStaticMetaObject()
                0x0000a56c                QBtObjectExchangeServer::receivingStopped(QString const&)
                0x0000a700                QBtObjectExchangeServer::clientAbortedTransmittion()
                0x0000a0d4                QBtObjectExchangeServer::metaObject() const
                0x0000a6b0                QBtObjectExchangeServer::transmittingStopped(QString const&)
 .text          0x0000a734      0x4a8 \Symbian\9.2\S60_3rd_FP1\EPOC32\BUILD\Carbide\NewLibVersion\QBluetooth_selfsigned\QBLUETOOTH_DLL\GCCE\UDEB\QBtService.o
                0x0000a954                QBtService::getClass() const
                0x0000ab58                QBtService::addProtocol(QBtUuid const&)
                0x0000a9bc                QBtService::getDescription() const
                0x0000a9f4                QBtService::getPort() const
                0x0000ab28                QBtService::setProtocols(QList<QBtUuid> const&)
                0x0000aad0                QBtService::setPort(unsigned int)
                0x0000aa1c                QBtService::getHandle() const
                0x0000a828                QBtService::QBtService()
                0x0000a984                QBtService::getName() const
                0x0000a734                QBtService::QBtService()
                0x0000aa70                QBtService::setName(QString const&)
                0x0000aaa0                QBtService::setDescription(QString const&)
                0x0000aa44                QBtService::setClass(QBtUuid const&)
                0x0000aafc                QBtService::setHandle(unsigned int)
                0x0000a91c                QBtService::getProtocols() const
                0x0000aba4                QBtService::removeProtocol(QBtUuid const&)
 .text._ZN7QBtUuidD1Ev
                0x0000abdc       0x2c \Symbian\9.2\S60_3rd_FP1\EPOC32\BUILD\Carbide\NewLibVersion\QBluetooth_selfsigned\QBLUETOOTH_DLL\GCCE\UDEB\QBtService.o
                0x0000abdc                QBtUuid::~QBtUuid()
 .text._ZN7QBtUuidC1ERKS_
                0x0000ac08       0x34 \Symbian\9.2\S60_3rd_FP1\EPOC32\BUILD\Carbide\NewLibVersion\QBluetooth_selfsigned\QBLUETOOTH_DLL\GCCE\UDEB\QBtService.o
                0x0000ac08                QBtUuid::QBtUuid(QBtUuid const&)
 .text._ZN7QStringC1ERKS_
                0x0000ac3c       0x78 \Symbian\9.2\S60_3rd_FP1\EPOC32\BUILD\Carbide\NewLibVersion\QBluetooth_selfsigned\QBLUETOOTH_DLL\GCCE\UDEB\QBtService.o
                0x0000ac3c                QString::QString(QString const&)
 .text._ZN15QBasicAtomicInt3refEv
                0x0000acb4       0x3c \Symbian\9.2\S60_3rd_FP1\EPOC32\BUILD\Carbide\NewLibVersion\QBluetooth_selfsigned\QBLUETOOTH_DLL\GCCE\UDEB\QBtService.o
                0x0000acb4                QBasicAtomicInt::ref()
 .text._ZN7QBtUuidaSERKS_
                0x0000acf0       0x34 \Symbian\9.2\S60_3rd_FP1\EPOC32\BUILD\Carbide\NewLibVersion\QBluetooth_selfsigned\QBLUETOOTH_DLL\GCCE\UDEB\QBtService.o
                0x0000acf0                QBtUuid::operator=(QBtUuid const&)
 .text._ZN5QListI7QBtUuidEC1Ev
                0x0000ad24       0x40 \Symbian\9.2\S60_3rd_FP1\EPOC32\BUILD\Carbide\NewLibVersion\QBluetooth_selfsigned\QBLUETOOTH_DLL\GCCE\UDEB\QBtService.o
                0x0000ad24                QList<QBtUuid>::QList()
 .text._ZN5QListI7QBtUuidED1Ev
                0x0000ad64       0x58 \Symbian\9.2\S60_3rd_FP1\EPOC32\BUILD\Carbide\NewLibVersion\QBluetooth_selfsigned\QBLUETOOTH_DLL\GCCE\UDEB\QBtService.o
                0x0000ad64                QList<QBtUuid>::~QList()
 .text._ZN5QListI7QBtUuidE5clearEv
                0x0000adbc       0x5c \Symbian\9.2\S60_3rd_FP1\EPOC32\BUILD\Carbide\NewLibVersion\QBluetooth_selfsigned\QBLUETOOTH_DLL\GCCE\UDEB\QBtService.o
                0x0000adbc                QList<QBtUuid>::clear()
 .text._ZN5QListI7QBtUuidEC1ERKS1_
                0x0000ae18       0x68 \Symbian\9.2\S60_3rd_FP1\EPOC32\BUILD\Carbide\NewLibVersion\QBluetooth_selfsigned\QBLUETOOTH_DLL\GCCE\UDEB\QBtService.o
                0x0000ae18                QList<QBtUuid>::QList(QList<QBtUuid> const&)
 .text._ZN5QListI7QBtUuidEaSERKS1_
                0x0000ae80       0xa8 \Symbian\9.2\S60_3rd_FP1\EPOC32\BUILD\Carbide\NewLibVersion\QBluetooth_selfsigned\QBLUETOOTH_DLL\GCCE\UDEB\QBtService.o
                0x0000ae80                QList<QBtUuid>::operator=(QList<QBtUuid> const&)
 .text._ZNK5QListI7QBtUuidE7indexOfERKS0_i
                0x0000af28       0xf8 \Symbian\9.2\S60_3rd_FP1\EPOC32\BUILD\Carbide\NewLibVersion\QBluetooth_selfsigned\QBLUETOOTH_DLL\GCCE\UDEB\QBtService.o
                0x0000af28                QList<QBtUuid>::indexOf(QBtUuid const&, int) const
 .text._ZNK9QListData5beginEv
                0x0000b020       0x40 \Symbian\9.2\S60_3rd_FP1\EPOC32\BUILD\Carbide\NewLibVersion\QBluetooth_selfsigned\QBLUETOOTH_DLL\GCCE\UDEB\QBtService.o
                0x0000b020                QListData::begin() const
 .text._ZNK9QListData3endEv
                0x0000b060       0x40 \Symbian\9.2\S60_3rd_FP1\EPOC32\BUILD\Carbide\NewLibVersion\QBluetooth_selfsigned\QBLUETOOTH_DLL\GCCE\UDEB\QBtService.o
                0x0000b060                QListData::end() const
 .text._ZNK9QListData2atEi
                0x0000b0a0       0x50 \Symbian\9.2\S60_3rd_FP1\EPOC32\BUILD\Carbide\NewLibVersion\QBluetooth_selfsigned\QBLUETOOTH_DLL\GCCE\UDEB\QBtService.o
                0x0000b0a0                QListData::at(int) const
 .text._ZNK9QListData4sizeEv
                0x0000b0f0       0x3c \Symbian\9.2\S60_3rd_FP1\EPOC32\BUILD\Carbide\NewLibVersion\QBluetooth_selfsigned\QBLUETOOTH_DLL\GCCE\UDEB\QBtService.o
                0x0000b0f0                QListData::size() const
 .text._ZN5QListI7QBtUuidE6appendERKS0_
                0x0000b12c      0x108 \Symbian\9.2\S60_3rd_FP1\EPOC32\BUILD\Carbide\NewLibVersion\QBluetooth_selfsigned\QBLUETOOTH_DLL\GCCE\UDEB\QBtService.o
                0x0000b12c                QList<QBtUuid>::append(QBtUuid const&)
 .text._ZNK15QBasicAtomicIntneEi
                0x0000b234       0x3c \Symbian\9.2\S60_3rd_FP1\EPOC32\BUILD\Carbide\NewLibVersion\QBluetooth_selfsigned\QBLUETOOTH_DLL\GCCE\UDEB\QBtService.o
                0x0000b234                QBasicAtomicInt::operator!=(int) const
 .text._ZN5QListI7QBtUuidE9removeOneERKS0_
                0x0000b270       0x6c \Symbian\9.2\S60_3rd_FP1\EPOC32\BUILD\Carbide\NewLibVersion\QBluetooth_selfsigned\QBLUETOOTH_DLL\GCCE\UDEB\QBtService.o
                0x0000b270                QList<QBtUuid>::removeOne(QBtUuid const&)
 .text._ZN5QListI7QBtUuidE4freeEPN9QListData4DataE
                0x0000b2dc       0x78 \Symbian\9.2\S60_3rd_FP1\EPOC32\BUILD\Carbide\NewLibVersion\QBluetooth_selfsigned\QBLUETOOTH_DLL\GCCE\UDEB\QBtService.o
                0x0000b2dc                QList<QBtUuid>::free(QListData::Data*)
 .text._ZNK15QBasicAtomicInteqEi
                0x0000b354       0x3c \Symbian\9.2\S60_3rd_FP1\EPOC32\BUILD\Carbide\NewLibVersion\QBluetooth_selfsigned\QBLUETOOTH_DLL\GCCE\UDEB\QBtService.o
                0x0000b354                QBasicAtomicInt::operator==(int) const
 .text._ZN5QListI7QBtUuidE13detach_helperEv
                0x0000b390       0x30 \Symbian\9.2\S60_3rd_FP1\EPOC32\BUILD\Carbide\NewLibVersion\QBluetooth_selfsigned\QBLUETOOTH_DLL\GCCE\UDEB\QBtService.o
                0x0000b390                QList<QBtUuid>::detach_helper()
 .text._Z4qMaxIiERKT_S2_S2_
                0x0000b3c0       0x50 \Symbian\9.2\S60_3rd_FP1\EPOC32\BUILD\Carbide\NewLibVersion\QBluetooth_selfsigned\QBLUETOOTH_DLL\GCCE\UDEB\QBtService.o
                0x0000b3c0                int const& qMax<int>(int const&, int const&)
 .text._ZN5QListI7QBtUuidE4Node1tEv
                0x0000b410       0x28 \Symbian\9.2\S60_3rd_FP1\EPOC32\BUILD\Carbide\NewLibVersion\QBluetooth_selfsigned\QBLUETOOTH_DLL\GCCE\UDEB\QBtService.o
                0x0000b410                QList<QBtUuid>::Node::t()
 .text._ZN5QListI7QBtUuidE18detach_helper_growEii
                0x0000b438      0x1ac \Symbian\9.2\S60_3rd_FP1\EPOC32\BUILD\Carbide\NewLibVersion\QBluetooth_selfsigned\QBLUETOOTH_DLL\GCCE\UDEB\QBtService.o
                0x0000b438                QList<QBtUuid>::detach_helper_grow(int, int)
 .text._ZN5QListI7QBtUuidE14node_constructEPNS1_4NodeERKS0_
                0x0000b5e4       0x8c \Symbian\9.2\S60_3rd_FP1\EPOC32\BUILD\Carbide\NewLibVersion\QBluetooth_selfsigned\QBLUETOOTH_DLL\GCCE\UDEB\QBtService.o
                0x0000b5e4                QList<QBtUuid>::node_construct(QList<QBtUuid>::Node*, QBtUuid const&)
 .text._ZN5QListI7QBtUuidE12detachSharedEv
                0x0000b670       0x54 \Symbian\9.2\S60_3rd_FP1\EPOC32\BUILD\Carbide\NewLibVersion\QBluetooth_selfsigned\QBLUETOOTH_DLL\GCCE\UDEB\QBtService.o
                0x0000b670                QList<QBtUuid>::detachShared()
 .text._ZN5QListI7QBtUuidE8removeAtEi
                0x0000b6c4       0x70 \Symbian\9.2\S60_3rd_FP1\EPOC32\BUILD\Carbide\NewLibVersion\QBluetooth_selfsigned\QBLUETOOTH_DLL\GCCE\UDEB\QBtService.o
                0x0000b6c4                QList<QBtUuid>::removeAt(int)
 .text._ZN5QListI7QBtUuidE13node_destructEPNS1_4NodeE
                0x0000b734       0x48 \Symbian\9.2\S60_3rd_FP1\EPOC32\BUILD\Carbide\NewLibVersion\QBluetooth_selfsigned\QBLUETOOTH_DLL\GCCE\UDEB\QBtService.o
                0x0000b734                QList<QBtUuid>::node_destruct(QList<QBtUuid>::Node*)
 .text._ZN5QListI7QBtUuidE13node_destructEPNS1_4NodeES3_
                0x0000b77c       0x6c \Symbian\9.2\S60_3rd_FP1\EPOC32\BUILD\Carbide\NewLibVersion\QBluetooth_selfsigned\QBLUETOOTH_DLL\GCCE\UDEB\QBtService.o
                0x0000b77c                QList<QBtUuid>::node_destruct(QList<QBtUuid>::Node*, QList<QBtUuid>::Node*)
 .text._ZN5QListI7QBtUuidE13detach_helperEi
                0x0000b7e8       0xc8 \Symbian\9.2\S60_3rd_FP1\EPOC32\BUILD\Carbide\NewLibVersion\QBluetooth_selfsigned\QBLUETOOTH_DLL\GCCE\UDEB\QBtService.o
                0x0000b7e8                QList<QBtUuid>::detach_helper(int)
 .text._ZN5QListI7QBtUuidE9node_copyEPNS1_4NodeES3_S3_
                0x0000b8b0      0x134 \Symbian\9.2\S60_3rd_FP1\EPOC32\BUILD\Carbide\NewLibVersion\QBluetooth_selfsigned\QBLUETOOTH_DLL\GCCE\UDEB\QBtService.o
                0x0000b8b0                QList<QBtUuid>::node_copy(QList<QBtUuid>::Node*, QList<QBtUuid>::Node*, QList<QBtUuid>::Node*)
 .text._ZN5QListI7QBtUuidE6detachEv
                0x0000b9e4       0x3c \Symbian\9.2\S60_3rd_FP1\EPOC32\BUILD\Carbide\NewLibVersion\QBluetooth_selfsigned\QBLUETOOTH_DLL\GCCE\UDEB\QBtService.o
                0x0000b9e4                QList<QBtUuid>::detach()
 .text          0x0000ba20      0xfe4 \Symbian\9.2\S60_3rd_FP1\EPOC32\BUILD\Carbide\NewLibVersion\QBluetooth_selfsigned\QBLUETOOTH_DLL\GCCE\UDEB\QBtAddress.o
                0x0000baa0                QBtAddress::QBtAddress(QString const&)
                0x0000c4cc                QBtAddress::~QBtAddress()
                0x0000bd58                QBtAddress::QBtAddress(QByteArray const&)
                0x0000c838                QBtAddress::operator!=(QBtAddress const&)
                0x0000ba20                QBtAddress::QBtAddress()
                0x0000c4f8                QBtAddress::~QBtAddress()
                0x0000c57c                QBtAddress::toByteArray() const
                0x0000c1c0                QBtAddress::QBtAddress(TBTDevAddr const&)
                0x0000c998                QBtAddress::convertToSymbianBtDevAddr()
                0x0000c524                QBtAddress::isValid() const
                0x0000bbfc                QBtAddress::QBtAddress(QString const&)
                0x0000c54c                QBtAddress::toString() const
                0x0000c380                QBtAddress::getAddressFromReversedArray(QByteArray const&)
                0x0000ba60                QBtAddress::QBtAddress()
                0x0000c8b8                QBtAddress::operator==(QBtAddress const&)
                0x0000bf8c                QBtAddress::QBtAddress(QByteArray const&)
                0x0000c2a0                QBtAddress::QBtAddress(TBTDevAddr const&)
                0x0000c6cc                QBtAddress::toReversedByteArray() const
                0x0000c8f0                QBtAddress::operator<(QBtAddress const&)
 .text._ZNK5QBoolcvPKvEv
                0x0000ca04       0x44 \Symbian\9.2\S60_3rd_FP1\EPOC32\BUILD\Carbide\NewLibVersion\QBluetooth_selfsigned\QBLUETOOTH_DLL\GCCE\UDEB\QBtAddress.o
                0x0000ca04                QBool::operator void const*() const
 .text._ZNK7QString8containsER7QRegExp
                0x0000ca48       0x54 \Symbian\9.2\S60_3rd_FP1\EPOC32\BUILD\Carbide\NewLibVersion\QBluetooth_selfsigned\QBLUETOOTH_DLL\GCCE\UDEB\QBtAddress.o
                0x0000ca48                QString::contains(QRegExp&) const
 .text._ZN5QBoolC1Eb
                0x0000ca9c       0x38 \Symbian\9.2\S60_3rd_FP1\EPOC32\BUILD\Carbide\NewLibVersion\QBluetooth_selfsigned\QBLUETOOTH_DLL\GCCE\UDEB\QBtAddress.o
                0x0000ca9c                QBool::QBool(bool)
 .text._ZN7QStringpLEPKc
                0x0000cad4       0x74 \Symbian\9.2\S60_3rd_FP1\EPOC32\BUILD\Carbide\NewLibVersion\QBluetooth_selfsigned\QBLUETOOTH_DLL\GCCE\UDEB\QBtAddress.o
                0x0000cad4                QString::operator+=(char const*)
 .text._ZNK10QByteArrayixEi
                0x0000cb48       0x84 \Symbian\9.2\S60_3rd_FP1\EPOC32\BUILD\Carbide\NewLibVersion\QBluetooth_selfsigned\QBLUETOOTH_DLL\GCCE\UDEB\QBtAddress.o
                0x0000cb48                QByteArray::operator[](int) const
 .text._ZNK10QByteArray4sizeEv
                0x0000cbcc       0x2c \Symbian\9.2\S60_3rd_FP1\EPOC32\BUILD\Carbide\NewLibVersion\QBluetooth_selfsigned\QBLUETOOTH_DLL\GCCE\UDEB\QBtAddress.o
                0x0000cbcc                QByteArray::size() const
 .text._ZN10QBtAddressaSERKS_
                0x0000cbf8       0x44 \Symbian\9.2\S60_3rd_FP1\EPOC32\BUILD\Carbide\NewLibVersion\QBluetooth_selfsigned\QBLUETOOTH_DLL\GCCE\UDEB\QBtAddress.o
                0x0000cbf8                QBtAddress::operator=(QBtAddress const&)
 .text._ZN10QByteArrayD1Ev
                0x0000cc3c       0x44 \Symbian\9.2\S60_3rd_FP1\EPOC32\BUILD\Carbide\NewLibVersion\QBluetooth_selfsigned\QBLUETOOTH_DLL\GCCE\UDEB\QBtAddress.o
                0x0000cc3c                QByteArray::~QByteArray()
 .text._ZN7QStringC1Ev
                0x0000cc80       0x40 \Symbian\9.2\S60_3rd_FP1\EPOC32\BUILD\Carbide\NewLibVersion\QBluetooth_selfsigned\QBLUETOOTH_DLL\GCCE\UDEB\QBtAddress.o
                0x0000cc80                QString::QString()
 .text._ZN8QByteRefaSEc
                0x0000ccc0       0x94 \Symbian\9.2\S60_3rd_FP1\EPOC32\BUILD\Carbide\NewLibVersion\QBluetooth_selfsigned\QBLUETOOTH_DLL\GCCE\UDEB\QBtAddress.o
                0x0000ccc0                QByteRef::operator=(char)
 .text._ZN10QByteArray6detachEv
                0x0000cd54       0x6c \Symbian\9.2\S60_3rd_FP1\EPOC32\BUILD\Carbide\NewLibVersion\QBluetooth_selfsigned\QBLUETOOTH_DLL\GCCE\UDEB\QBtAddress.o
                0x0000cd54                QByteArray::detach()
 .text._ZN8QByteRefaSERKS_
                0x0000cdc0       0xac \Symbian\9.2\S60_3rd_FP1\EPOC32\BUILD\Carbide\NewLibVersion\QBluetooth_selfsigned\QBLUETOOTH_DLL\GCCE\UDEB\QBtAddress.o
                0x0000cdc0                QByteRef::operator=(QByteRef const&)
 .text._ZNK8QByteRefcvcEv
                0x0000ce6c       0x70 \Symbian\9.2\S60_3rd_FP1\EPOC32\BUILD\Carbide\NewLibVersion\QBluetooth_selfsigned\QBLUETOOTH_DLL\GCCE\UDEB\QBtAddress.o
                0x0000ce6c                QByteRef::operator char() const
 .text._ZN10QByteArrayixEi
                0x0000cedc       0x64 \Symbian\9.2\S60_3rd_FP1\EPOC32\BUILD\Carbide\NewLibVersion\QBluetooth_selfsigned\QBLUETOOTH_DLL\GCCE\UDEB\QBtAddress.o
                0x0000cedc                QByteArray::operator[](int)
 .text._ZN8QByteRefC1ER10QByteArrayi
                0x0000cf40       0x44 \Symbian\9.2\S60_3rd_FP1\EPOC32\BUILD\Carbide\NewLibVersion\QBluetooth_selfsigned\QBLUETOOTH_DLL\GCCE\UDEB\QBtAddress.o
                0x0000cf40                QByteRef::QByteRef(QByteArray&, int)
 .text._ZN10QByteArrayC1ERKS_
                0x0000cf84       0x44 \Symbian\9.2\S60_3rd_FP1\EPOC32\BUILD\Carbide\NewLibVersion\QBluetooth_selfsigned\QBLUETOOTH_DLL\GCCE\UDEB\QBtAddress.o
                0x0000cf84                QByteArray::QByteArray(QByteArray const&)
 .text._ZN10QByteArrayC1Ev
                0x0000cfc8       0x40 \Symbian\9.2\S60_3rd_FP1\EPOC32\BUILD\Carbide\NewLibVersion\QBluetooth_selfsigned\QBLUETOOTH_DLL\GCCE\UDEB\QBtAddress.o
                0x0000cfc8                QByteArray::QByteArray()
 .text._ZN6TPtrC83SetEPKhi
                0x0000d008       0x74 \Symbian\9.2\S60_3rd_FP1\EPOC32\BUILD\Carbide\NewLibVersion\QBluetooth_selfsigned\QBLUETOOTH_DLL\GCCE\UDEB\QBtAddress.o
                0x0000d008                TPtrC8::Set(unsigned char const*, int)
 .text._ZdlPvS_
                0x0000d07c       0x20 \Symbian\9.2\S60_3rd_FP1\EPOC32\BUILD\Carbide\NewLibVersion\QBluetooth_selfsigned\QBLUETOOTH_DLL\GCCE\UDEB\QBtAddress.o
                0x0000d07c                operator delete(void*, void*)
 .text._ZnwjPv  0x0000d09c       0x28 \Symbian\9.2\S60_3rd_FP1\EPOC32\BUILD\Carbide\NewLibVersion\QBluetooth_selfsigned\QBLUETOOTH_DLL\GCCE\UDEB\QBtAddress.o
                0x0000d09c                operator new(unsigned int, void*)
 .text._ZNK10QByteArray9constDataEv
                0x0000d0c4       0x2c \Symbian\9.2\S60_3rd_FP1\EPOC32\BUILD\Carbide\NewLibVersion\QBluetooth_selfsigned\QBLUETOOTH_DLL\GCCE\UDEB\QBtAddress.o
                0x0000d0c4                QByteArray::constData() const
 .text          0x0000d0f0      0x9bc \Symbian\9.2\S60_3rd_FP1\EPOC32\BUILD\Carbide\NewLibVersion\QBluetooth_selfsigned\QBLUETOOTH_DLL\GCCE\UDEB\QBtDevice.o
                0x0000d85c                QBtDevice::setType(QBtDevice::DeviceMajor)
                0x0000d988                QBtDevice::getTypeAsString() const
                0x0000d6c8                QBtDevice::~QBtDevice()
                0x0000d74c                QBtDevice::~QBtDevice()
                0x0000d1b8                QBtDevice::QBtDevice()
                0x0000d888                QBtDevice::setSupportedServices(QList<QBtService> const&)
                0x0000d600                QBtDevice::QBtDevice(QString const&, QBtAddress const&, QBtDevice::DeviceMajor)
                0x0000d82c                QBtDevice::setAddress(QBtAddress const&)
                0x0000d960                QBtDevice::getType() const
                0x0000d800                QBtDevice::setName(QString const&)
                0x0000d538                QBtDevice::QBtDevice(QString const&, QBtAddress const&, QBtDevice::DeviceMajor)
                0x0000d7d0                QBtDevice::addNewService(QBtService const&)
                0x0000da84                QBtDevice::getSupportedServices() const
                0x0000d0f0                QBtDevice::QBtDevice()
                0x0000d280                QBtDevice::QBtDevice(QBtDevice const&)
                0x0000d3dc                QBtDevice::QBtDevice(QBtDevice const&)
                0x0000d8f8                QBtDevice::getName() const
                0x0000d8d0                QBtDevice::serviceListUpdated() const
                0x0000d928                QBtDevice::getAddress() const
 .text._ZN10QBtAddressC1ERKS_
                0x0000daac       0x44 \Symbian\9.2\S60_3rd_FP1\EPOC32\BUILD\Carbide\NewLibVersion\QBluetooth_selfsigned\QBLUETOOTH_DLL\GCCE\UDEB\QBtDevice.o
                0x0000daac                QBtAddress::QBtAddress(QBtAddress const&)
 .text._ZN5QListI10QBtServiceEC1Ev
                0x0000daf0       0x40 \Symbian\9.2\S60_3rd_FP1\EPOC32\BUILD\Carbide\NewLibVersion\QBluetooth_selfsigned\QBLUETOOTH_DLL\GCCE\UDEB\QBtDevice.o
                0x0000daf0                QList<QBtService>::QList()
 .text._ZN5QListI10QBtServiceED1Ev
                0x0000db30       0x58 \Symbian\9.2\S60_3rd_FP1\EPOC32\BUILD\Carbide\NewLibVersion\QBluetooth_selfsigned\QBLUETOOTH_DLL\GCCE\UDEB\QBtDevice.o
                0x0000db30                QList<QBtService>::~QList()
 .text._ZN5QListI10QBtServiceE5clearEv
                0x0000db88       0x5c \Symbian\9.2\S60_3rd_FP1\EPOC32\BUILD\Carbide\NewLibVersion\QBluetooth_selfsigned\QBLUETOOTH_DLL\GCCE\UDEB\QBtDevice.o
                0x0000db88                QList<QBtService>::clear()
 .text._ZN5QListI10QBtServiceEaSERKS1_
                0x0000dbe4       0xa8 \Symbian\9.2\S60_3rd_FP1\EPOC32\BUILD\Carbide\NewLibVersion\QBluetooth_selfsigned\QBLUETOOTH_DLL\GCCE\UDEB\QBtDevice.o
                0x0000dbe4                QList<QBtService>::operator=(QList<QBtService> const&)
 .text._ZN5QListI10QBtServiceE6appendERKS0_
                0x0000dc8c      0x108 \Symbian\9.2\S60_3rd_FP1\EPOC32\BUILD\Carbide\NewLibVersion\QBluetooth_selfsigned\QBLUETOOTH_DLL\GCCE\UDEB\QBtDevice.o
                0x0000dc8c                QList<QBtService>::append(QBtService const&)
 .text._ZN5QListI10QBtServiceE4freeEPN9QListData4DataE
                0x0000dd94       0x78 \Symbian\9.2\S60_3rd_FP1\EPOC32\BUILD\Carbide\NewLibVersion\QBluetooth_selfsigned\QBLUETOOTH_DLL\GCCE\UDEB\QBtDevice.o
                0x0000dd94                QList<QBtService>::free(QListData::Data*)
 .text._ZN5QListI10QBtServiceE13detach_helperEv
                0x0000de0c       0x30 \Symbian\9.2\S60_3rd_FP1\EPOC32\BUILD\Carbide\NewLibVersion\QBluetooth_selfsigned\QBLUETOOTH_DLL\GCCE\UDEB\QBtDevice.o
                0x0000de0c                QList<QBtService>::detach_helper()
 .text._ZN5QListI10QBtServiceE18detach_helper_growEii
                0x0000de3c      0x1ac \Symbian\9.2\S60_3rd_FP1\EPOC32\BUILD\Carbide\NewLibVersion\QBluetooth_selfsigned\QBLUETOOTH_DLL\GCCE\UDEB\QBtDevice.o
                0x0000de3c                QList<QBtService>::detach_helper_grow(int, int)
 .text._ZN5QListI10QBtServiceE14node_constructEPNS1_4NodeERKS0_
                0x0000dfe8       0x8c \Symbian\9.2\S60_3rd_FP1\EPOC32\BUILD\Carbide\NewLibVersion\QBluetooth_selfsigned\QBLUETOOTH_DLL\GCCE\UDEB\QBtDevice.o
                0x0000dfe8                QList<QBtService>::node_construct(QList<QBtService>::Node*, QBtService const&)
 .text._ZN10QBtServiceC1ERKS_
                0x0000e074       0xf4 \Symbian\9.2\S60_3rd_FP1\EPOC32\BUILD\Carbide\NewLibVersion\QBluetooth_selfsigned\QBLUETOOTH_DLL\GCCE\UDEB\QBtDevice.o
                0x0000e074                QBtService::QBtService(QBtService const&)
 .text._ZN5QListI10QBtServiceE13node_destructEPNS1_4NodeES3_
                0x0000e168       0x6c \Symbian\9.2\S60_3rd_FP1\EPOC32\BUILD\Carbide\NewLibVersion\QBluetooth_selfsigned\QBLUETOOTH_DLL\GCCE\UDEB\QBtDevice.o
                0x0000e168                QList<QBtService>::node_destruct(QList<QBtService>::Node*, QList<QBtService>::Node*)
 .text._ZN10QBtServiceD1Ev
                0x0000e1d4       0xb0 \Symbian\9.2\S60_3rd_FP1\EPOC32\BUILD\Carbide\NewLibVersion\QBluetooth_selfsigned\QBLUETOOTH_DLL\GCCE\UDEB\QBtDevice.o
                0x0000e1d4                QBtService::~QBtService()
 .text._ZN5QListI10QBtServiceE13detach_helperEi
                0x0000e284       0xc8 \Symbian\9.2\S60_3rd_FP1\EPOC32\BUILD\Carbide\NewLibVersion\QBluetooth_selfsigned\QBLUETOOTH_DLL\GCCE\UDEB\QBtDevice.o
                0x0000e284                QList<QBtService>::detach_helper(int)
 .text._ZN5QListI10QBtServiceE9node_copyEPNS1_4NodeES3_S3_
                0x0000e34c      0x134 \Symbian\9.2\S60_3rd_FP1\EPOC32\BUILD\Carbide\NewLibVersion\QBluetooth_selfsigned\QBLUETOOTH_DLL\GCCE\UDEB\QBtDevice.o
                0x0000e34c                QList<QBtService>::node_copy(QList<QBtService>::Node*, QList<QBtService>::Node*, QList<QBtService>::Node*)
 .text          0x0000e480      0x8e4 \Symbian\9.2\S60_3rd_FP1\EPOC32\BUILD\Carbide\NewLibVersion\QBluetooth_selfsigned\QBLUETOOTH_DLL\GCCE\UDEB\QBtUuid.o
                0x0000e6fc                QBtUuid::set(QString const&)
                0x0000e4d4                QBtUuid::QBtUuid()
                0x0000ec58                QBtUuid::isFull() const
                0x0000ec98                QBtUuid::isNull() const
                0x0000e63c                QBtUuid::QBtUuid(QString const&)
                0x0000e958                QBtUuid::get() const
                0x0000ed30                QBtUuid::operator!=(QBtUuid const&) const
                0x0000e480                QBtUuid::QBtUuid()
                0x0000ecfc                QBtUuid::operator==(QBtUuid const&) const
                0x0000e698                QBtUuid::set(unsigned int)
                0x0000ecd8                QBtUuid::clear()
                0x0000e584                QBtUuid::QBtUuid(unsigned int)
                0x0000e5e0                QBtUuid::QBtUuid(QString const&)
                0x0000e528                QBtUuid::QBtUuid(unsigned int)
                0x0000ec28                QBtUuid::toString() const
                0x0000e9ac                QBtUuid::get(unsigned int&, unsigned int&, unsigned int&, unsigned int&) const
 .text._ZN7QString5clearEv
                0x0000ed64       0x6c \Symbian\9.2\S60_3rd_FP1\EPOC32\BUILD\Carbide\NewLibVersion\QBluetooth_selfsigned\QBLUETOOTH_DLL\GCCE\UDEB\QBtUuid.o
                0x0000ed64                QString::clear()
 .text._ZNK7QString6isNullEv
                0x0000edd0       0x3c \Symbian\9.2\S60_3rd_FP1\EPOC32\BUILD\Carbide\NewLibVersion\QBluetooth_selfsigned\QBLUETOOTH_DLL\GCCE\UDEB\QBtUuid.o
                0x0000edd0                QString::isNull() const
 .text._Z12UintToStringj
                0x0000ee0c      0x124 \Symbian\9.2\S60_3rd_FP1\EPOC32\BUILD\Carbide\NewLibVersion\QBluetooth_selfsigned\QBLUETOOTH_DLL\GCCE\UDEB\QBtUuid.o
                0x0000ee0c                UintToString(unsigned int)
 .text._ZNK7QString3argEjiiRK5QChar
                0x0000ef30       0x64 \Symbian\9.2\S60_3rd_FP1\EPOC32\BUILD\Carbide\NewLibVersion\QBluetooth_selfsigned\QBLUETOOTH_DLL\GCCE\UDEB\QBtUuid.o
                0x0000ef30                QString::arg(unsigned int, int, int, QChar const&) const
 .text._ZN5QCharC1E11QLatin1Char
                0x0000ef94       0x38 \Symbian\9.2\S60_3rd_FP1\EPOC32\BUILD\Carbide\NewLibVersion\QBluetooth_selfsigned\QBLUETOOTH_DLL\GCCE\UDEB\QBtUuid.o
                0x0000ef94                QChar::QChar(QLatin1Char)
 .text._ZNK11QLatin1Char7unicodeEv
                0x0000efcc       0x28 \Symbian\9.2\S60_3rd_FP1\EPOC32\BUILD\Carbide\NewLibVersion\QBluetooth_selfsigned\QBLUETOOTH_DLL\GCCE\UDEB\QBtUuid.o
                0x0000efcc                QLatin1Char::unicode() const
 .text._ZN11QLatin1CharC1Ec
                0x0000eff4       0x38 \Symbian\9.2\S60_3rd_FP1\EPOC32\BUILD\Carbide\NewLibVersion\QBluetooth_selfsigned\QBLUETOOTH_DLL\GCCE\UDEB\QBtUuid.o
                0x0000eff4                QLatin1Char::QLatin1Char(char)
 .text._ZN11QStringListD1Ev
                0x0000f02c       0x2c \Symbian\9.2\S60_3rd_FP1\EPOC32\BUILD\Carbide\NewLibVersion\QBluetooth_selfsigned\QBLUETOOTH_DLL\GCCE\UDEB\QBtUuid.o
                0x0000f02c                QStringList::~QStringList()
 .text._Z12_Assert_Msg2RK7QStringS1_S1_i
                0x0000f058      0x134 \Symbian\9.2\S60_3rd_FP1\EPOC32\BUILD\Carbide\NewLibVersion\QBluetooth_selfsigned\QBLUETOOTH_DLL\GCCE\UDEB\QBtUuid.o
                0x0000f058                _Assert_Msg2(QString const&, QString const&, QString const&, int)
 .text._Z11_Assert_Msg7QStringRKS_i
                0x0000f18c      0x2b4 \Symbian\9.2\S60_3rd_FP1\EPOC32\BUILD\Carbide\NewLibVersion\QBluetooth_selfsigned\QBLUETOOTH_DLL\GCCE\UDEB\QBtUuid.o
                0x0000f18c                _Assert_Msg(QString, QString const&, int)
 .text._Z10_Debug_MsgRK7QStringS1_i
                0x0000f440       0x94 \Symbian\9.2\S60_3rd_FP1\EPOC32\BUILD\Carbide\NewLibVersion\QBluetooth_selfsigned\QBLUETOOTH_DLL\GCCE\UDEB\QBtUuid.o
                0x0000f440                _Debug_Msg(QString const&, QString const&, int)
 .text._ZN6QDebugD1Ev
                0x0000f4d4      0x11c \Symbian\9.2\S60_3rd_FP1\EPOC32\BUILD\Carbide\NewLibVersion\QBluetooth_selfsigned\QBLUETOOTH_DLL\GCCE\UDEB\QBtUuid.o
                0x0000f4d4                QDebug::~QDebug()
 .text._ZN6QDebug6StreamD1Ev
                0x0000f5f0       0x58 \Symbian\9.2\S60_3rd_FP1\EPOC32\BUILD\Carbide\NewLibVersion\QBluetooth_selfsigned\QBLUETOOTH_DLL\GCCE\UDEB\QBtUuid.o
                0x0000f5f0                QDebug::Stream::~Stream()
 .text._ZN10QByteArray4dataEv
                0x0000f648       0x34 \Symbian\9.2\S60_3rd_FP1\EPOC32\BUILD\Carbide\NewLibVersion\QBluetooth_selfsigned\QBLUETOOTH_DLL\GCCE\UDEB\QBtUuid.o
                0x0000f648                QByteArray::data()
 .text._ZN6QDebuglsEi
                0x0000f67c       0x38 \Symbian\9.2\S60_3rd_FP1\EPOC32\BUILD\Carbide\NewLibVersion\QBluetooth_selfsigned\QBLUETOOTH_DLL\GCCE\UDEB\QBtUuid.o
                0x0000f67c                QDebug::operator<<(int)
 .text._ZN6QDebug10maybeSpaceEv
                0x0000f6b4       0x48 \Symbian\9.2\S60_3rd_FP1\EPOC32\BUILD\Carbide\NewLibVersion\QBluetooth_selfsigned\QBLUETOOTH_DLL\GCCE\UDEB\QBtUuid.o
                0x0000f6b4                QDebug::maybeSpace()
 .text._ZN6QDebuglsERK7QString
                0x0000f6fc       0x48 \Symbian\9.2\S60_3rd_FP1\EPOC32\BUILD\Carbide\NewLibVersion\QBluetooth_selfsigned\QBLUETOOTH_DLL\GCCE\UDEB\QBtUuid.o
                0x0000f6fc                QDebug::operator<<(QString const&)
 .text._ZN6QDebuglsEPKc
                0x0000f744       0x74 \Symbian\9.2\S60_3rd_FP1\EPOC32\BUILD\Carbide\NewLibVersion\QBluetooth_selfsigned\QBLUETOOTH_DLL\GCCE\UDEB\QBtUuid.o
                0x0000f744                QDebug::operator<<(char const*)
 .text._Z6qDebugv
                0x0000f7b8       0x28 \Symbian\9.2\S60_3rd_FP1\EPOC32\BUILD\Carbide\NewLibVersion\QBluetooth_selfsigned\QBLUETOOTH_DLL\GCCE\UDEB\QBtUuid.o
                0x0000f7b8                qDebug()
 .text._ZN6QDebugC1E9QtMsgType
                0x0000f7e0       0x90 \Symbian\9.2\S60_3rd_FP1\EPOC32\BUILD\Carbide\NewLibVersion\QBluetooth_selfsigned\QBLUETOOTH_DLL\GCCE\UDEB\QBtUuid.o
                0x0000f7e0                QDebug::QDebug(QtMsgType)
 .text._ZN6QDebug6StreamC1E9QtMsgType
                0x0000f870       0xa8 \Symbian\9.2\S60_3rd_FP1\EPOC32\BUILD\Carbide\NewLibVersion\QBluetooth_selfsigned\QBLUETOOTH_DLL\GCCE\UDEB\QBtUuid.o
                0x0000f870                QDebug::Stream::Stream(QtMsgType)
 .text._ZNK7QString3argEiiiRK5QChar
                0x0000f918       0x64 \Symbian\9.2\S60_3rd_FP1\EPOC32\BUILD\Carbide\NewLibVersion\QBluetooth_selfsigned\QBLUETOOTH_DLL\GCCE\UDEB\QBtUuid.o
                0x0000f918                QString::arg(int, int, int, QChar const&) const
 .text._Z11IsValidUuidRK7QString
                0x0000f97c      0x440 \Symbian\9.2\S60_3rd_FP1\EPOC32\BUILD\Carbide\NewLibVersion\QBluetooth_selfsigned\QBLUETOOTH_DLL\GCCE\UDEB\QBtUuid.o
                0x0000f97c                IsValidUuid(QString const&)
 .text._ZN11QStringListC1Ev
                0x0000fdbc       0x2c \Symbian\9.2\S60_3rd_FP1\EPOC32\BUILD\Carbide\NewLibVersion\QBluetooth_selfsigned\QBLUETOOTH_DLL\GCCE\UDEB\QBtUuid.o
                0x0000fdbc                QStringList::QStringList()
 .text._ZNK7QString6lengthEv
                0x0000fde8       0x2c \Symbian\9.2\S60_3rd_FP1\EPOC32\BUILD\Carbide\NewLibVersion\QBluetooth_selfsigned\QBLUETOOTH_DLL\GCCE\UDEB\QBtUuid.o
                0x0000fde8                QString::length() const
 .text._ZNK11QStringList4joinERK7QString
                0x0000fe14       0x38 \Symbian\9.2\S60_3rd_FP1\EPOC32\BUILD\Carbide\NewLibVersion\QBluetooth_selfsigned\QBLUETOOTH_DLL\GCCE\UDEB\QBtUuid.o
                0x0000fe14                QStringList::join(QString const&) const
 .text._ZNK7QStringneERKS_
                0x0000fe4c       0x38 \Symbian\9.2\S60_3rd_FP1\EPOC32\BUILD\Carbide\NewLibVersion\QBluetooth_selfsigned\QBLUETOOTH_DLL\GCCE\UDEB\QBtUuid.o
                0x0000fe4c                QString::operator!=(QString const&) const
 .text._ZN6QFlagsIN9QIODevice12OpenModeFlagEEC1ES1_
                0x0000fe84       0x34 \Symbian\9.2\S60_3rd_FP1\EPOC32\BUILD\Carbide\NewLibVersion\QBluetooth_selfsigned\QBLUETOOTH_DLL\GCCE\UDEB\QBtUuid.o
                0x0000fe84                QFlags<QIODevice::OpenModeFlag>::QFlags(QIODevice::OpenModeFlag)
 .text._ZN5QListI7QStringEC2Ev
                0x0000feb8       0x40 \Symbian\9.2\S60_3rd_FP1\EPOC32\BUILD\Carbide\NewLibVersion\QBluetooth_selfsigned\QBLUETOOTH_DLL\GCCE\UDEB\QBtUuid.o
                0x0000feb8                QList<QString>::QList()
 .text._ZN5QListI7QStringED2Ev
                0x0000fef8       0x58 \Symbian\9.2\S60_3rd_FP1\EPOC32\BUILD\Carbide\NewLibVersion\QBluetooth_selfsigned\QBLUETOOTH_DLL\GCCE\UDEB\QBtUuid.o
                0x0000fef8                QList<QString>::~QList()
 .text._ZN5QListI7QStringE6appendERKS0_
                0x0000ff50      0x10c \Symbian\9.2\S60_3rd_FP1\EPOC32\BUILD\Carbide\NewLibVersion\QBluetooth_selfsigned\QBLUETOOTH_DLL\GCCE\UDEB\QBtUuid.o
                0x0000ff50                QList<QString>::append(QString const&)
 .text._ZN6QFlagsIN11QMessageBox14StandardButtonEEC1ES1_
                0x0001005c       0x34 \Symbian\9.2\S60_3rd_FP1\EPOC32\BUILD\Carbide\NewLibVersion\QBluetooth_selfsigned\QBLUETOOTH_DLL\GCCE\UDEB\QBtUuid.o
                0x0001005c                QFlags<QMessageBox::StandardButton>::QFlags(QMessageBox::StandardButton)
 .text._ZNK5QListI7QStringE6lengthEv
                0x00010090       0x24 \Symbian\9.2\S60_3rd_FP1\EPOC32\BUILD\Carbide\NewLibVersion\QBluetooth_selfsigned\QBLUETOOTH_DLL\GCCE\UDEB\QBtUuid.o
                0x00010090                QList<QString>::length() const
 .text._ZN5QListI7QStringEixEi
                0x000100b4       0x84 \Symbian\9.2\S60_3rd_FP1\EPOC32\BUILD\Carbide\NewLibVersion\QBluetooth_selfsigned\QBLUETOOTH_DLL\GCCE\UDEB\QBtUuid.o
                0x000100b4                QList<QString>::operator[](int)
 .text._ZN5QListI7QStringE4freeEPN9QListData4DataE
                0x00010138       0x78 \Symbian\9.2\S60_3rd_FP1\EPOC32\BUILD\Carbide\NewLibVersion\QBluetooth_selfsigned\QBLUETOOTH_DLL\GCCE\UDEB\QBtUuid.o
                0x00010138                QList<QString>::free(QListData::Data*)
 .text._ZN5QListI7QStringE18detach_helper_growEii
                0x000101b0      0x1ac \Symbian\9.2\S60_3rd_FP1\EPOC32\BUILD\Carbide\NewLibVersion\QBluetooth_selfsigned\QBLUETOOTH_DLL\GCCE\UDEB\QBtUuid.o
                0x000101b0                QList<QString>::detach_helper_grow(int, int)
 .text._ZN5QListI7QStringE14node_constructEPNS1_4NodeERKS0_
                0x0001035c       0x70 \Symbian\9.2\S60_3rd_FP1\EPOC32\BUILD\Carbide\NewLibVersion\QBluetooth_selfsigned\QBLUETOOTH_DLL\GCCE\UDEB\QBtUuid.o
                0x0001035c                QList<QString>::node_construct(QList<QString>::Node*, QString const&)
 .text._ZN5QListI7QStringE13node_destructEPNS1_4NodeE
                0x000103cc       0x28 \Symbian\9.2\S60_3rd_FP1\EPOC32\BUILD\Carbide\NewLibVersion\QBluetooth_selfsigned\QBLUETOOTH_DLL\GCCE\UDEB\QBtUuid.o
                0x000103cc                QList<QString>::node_destruct(QList<QString>::Node*)
 .text._ZN5QListI7QStringE9node_copyEPNS1_4NodeES3_S3_
                0x000103f4       0xf4 \Symbian\9.2\S60_3rd_FP1\EPOC32\BUILD\Carbide\NewLibVersion\QBluetooth_selfsigned\QBLUETOOTH_DLL\GCCE\UDEB\QBtUuid.o
                0x000103f4                QList<QString>::node_copy(QList<QString>::Node*, QList<QString>::Node*, QList<QString>::Node*)
 .text._ZN5QListI7QStringE6detachEv
                0x000104e8       0x3c \Symbian\9.2\S60_3rd_FP1\EPOC32\BUILD\Carbide\NewLibVersion\QBluetooth_selfsigned\QBLUETOOTH_DLL\GCCE\UDEB\QBtUuid.o
                0x000104e8                QList<QString>::detach()
 .text._ZN5QListI7QStringE13detach_helperEv
                0x00010524       0x30 \Symbian\9.2\S60_3rd_FP1\EPOC32\BUILD\Carbide\NewLibVersion\QBluetooth_selfsigned\QBLUETOOTH_DLL\GCCE\UDEB\QBtUuid.o
                0x00010524                QList<QString>::detach_helper()
 .text._ZN5QListI7QStringE4Node1tEv
                0x00010554       0x24 \Symbian\9.2\S60_3rd_FP1\EPOC32\BUILD\Carbide\NewLibVersion\QBluetooth_selfsigned\QBLUETOOTH_DLL\GCCE\UDEB\QBtUuid.o
                0x00010554                QList<QString>::Node::t()
 .text._ZN5QListI7QStringE13node_destructEPNS1_4NodeES3_
                0x00010578       0x4c \Symbian\9.2\S60_3rd_FP1\EPOC32\BUILD\Carbide\NewLibVersion\QBluetooth_selfsigned\QBLUETOOTH_DLL\GCCE\UDEB\QBtUuid.o
                0x00010578                QList<QString>::node_destruct(QList<QString>::Node*, QList<QString>::Node*)
 .text._ZN5QListI7QStringE13detach_helperEi
                0x000105c4       0xc8 \Symbian\9.2\S60_3rd_FP1\EPOC32\BUILD\Carbide\NewLibVersion\QBluetooth_selfsigned\QBLUETOOTH_DLL\GCCE\UDEB\QBtUuid.o
                0x000105c4                QList<QString>::detach_helper(int)
 .text          0x0001068c      0x628 \Symbian\9.2\S60_3rd_FP1\EPOC32\BUILD\Carbide\NewLibVersion\QBluetooth_selfsigned\QBLUETOOTH_DLL\GCCE\UDEB\QBtObjectExchangeClient.o
                0x00010b8c                QBtObjectExchangeClient::abort()
                0x00010be4                GetTransmittingService()
                0x00010bb4                QBtObjectExchangeClient::setPath(QString const&)
                0x00010954                QBtObjectExchangeClient::~QBtObjectExchangeClient()
                0x00010abc                QBtObjectExchangeClient::getFile(QString const&, QString const&)
                0x000109d8                QBtObjectExchangeClient::~QBtObjectExchangeClient()
                0x00010af4                QBtObjectExchangeClient::getByteBuffer(QString const&)
                0x00010b54                QBtObjectExchangeClient::putByteBuffer(QByteArray const&, QString const&)
                0x00010c08                GetServerDevice()
                0x0001068c                QBtObjectExchangeClient::QBtObjectExchangeClient(QObject*)
                0x00010a5c                QBtObjectExchangeClient::connectToServer(QBtDevice const&, QBtService const&)
                0x00010b24                QBtObjectExchangeClient::putFile(QString const&)
                0x00010a94                QBtObjectExchangeClient::disconnect()
                0x00010c70                QBtObjectExchangeClient::isConnected() const
                0x000108d4                QBtObjectExchangeClient::~QBtObjectExchangeClient()
                0x00010c2c                QBtObjectExchangeClient::isBusy() const
                0x000107b0                QBtObjectExchangeClient::QBtObjectExchangeClient(QObject*)
 .text._Z10SafeDeleteI30QBtObjectExchangeClientPrivateEvRPT_
                0x00010cb4       0x6c \Symbian\9.2\S60_3rd_FP1\EPOC32\BUILD\Carbide\NewLibVersion\QBluetooth_selfsigned\QBLUETOOTH_DLL\GCCE\UDEB\QBtObjectExchangeClient.o
                0x00010cb4                void SafeDelete<QBtObjectExchangeClientPrivate>(QBtObjectExchangeClientPrivate*&)
 .text          0x00010d20     0x151c \Symbian\9.2\S60_3rd_FP1\EPOC32\BUILD\Carbide\NewLibVersion\QBluetooth_selfsigned\QBLUETOOTH_DLL\GCCE\UDEB\QBtObjectExchangeClient_symbian.o
                0x00010ea4                QBtObjectExchangeClientPrivate::QBtObjectExchangeClientPrivate(QBtObjectExchangeClient*)
                0x00011664                QBtObjectExchangeClientPrivate::HandleObjectReceived()
                0x00010db0                QBtObjectExchangeClientPrivate::QBtObjectExchangeClientPrivate(QBtObjectExchangeClient*)
                0x00011848                QBtObjectExchangeClientPrivate::ConnectToServer(QBtDevice const&, QBtService const&)
                0x000115c0                QBtObjectExchangeClientPrivate::HandleObjectSent()
                0x00011760                QBtObjectExchangeClientPrivate::HandleDisconnection()
                0x00011c88                QBtObjectExchangeClientPrivate::SetPath(QString const&)
                0x000117f8                QBtObjectExchangeClientPrivate::HandleBrowsingFinsished()
                0x00011d5c                QBtObjectExchangeClientPrivate::CheckServiceAvailability()
                0x00011c38                QBtObjectExchangeClientPrivate::IsConnected()
                0x00011220                QBtObjectExchangeClientPrivate::DoCancel()
                0x00011fe8                QBtObjectExchangeClientPrivate::GetFile(QString const&, QString const&)
                0x00010f98                QBtObjectExchangeClientPrivate::~QBtObjectExchangeClientPrivate()
                0x00011204                QBtObjectExchangeClientPrivate::ConstructL()
                0x00011820                QBtObjectExchangeClientPrivate::HandleSettingPathCompletion()
                0x00010d20                QBtObjectExchangeClientPrivate::NewL(QBtObjectExchangeClient*)
                0x00011c14                QBtObjectExchangeClientPrivate::IsBusy()
                0x00011528                QBtObjectExchangeClientPrivate::HandleServerConnection()
                0x00011b90                QBtObjectExchangeClientPrivate::Disconnect()
                0x00011994                QBtObjectExchangeClientPrivate::SendFile(QString const&)
                0x00011064                QBtObjectExchangeClientPrivate::~QBtObjectExchangeClientPrivate()
                0x0001123c                QBtObjectExchangeClientPrivate::RunL()
                0x00011134                QBtObjectExchangeClientPrivate::~QBtObjectExchangeClientPrivate()
                0x00011b38                QBtObjectExchangeClientPrivate::Abort()
                0x00011ebc                QBtObjectExchangeClientPrivate::SendData(QByteArray const&, QString const&)
                0x0001216c                QBtObjectExchangeClientPrivate::GetByteBuffer(QString const&)
                0x00010d58                QBtObjectExchangeClientPrivate::NewLC(QBtObjectExchangeClient*)
 .text._ZN12CleanupStack3PopEPv
                0x0001223c       0x28 \Symbian\9.2\S60_3rd_FP1\EPOC32\BUILD\Carbide\NewLibVersion\QBluetooth_selfsigned\QBLUETOOTH_DLL\GCCE\UDEB\QBtObjectExchangeClient_symbian.o
                0x0001223c                CleanupStack::Pop(void*)
 .text._ZN5CBasenwEj6TLeave
                0x00012264       0x28 \Symbian\9.2\S60_3rd_FP1\EPOC32\BUILD\Carbide\NewLibVersion\QBluetooth_selfsigned\QBLUETOOTH_DLL\GCCE\UDEB\QBtObjectExchangeClient_symbian.o
                0x00012264                CBase::operator new(unsigned int, TLeave)
 .text._ZNK14TRequestStatusneEi
                0x0001228c       0x3c \Symbian\9.2\S60_3rd_FP1\EPOC32\BUILD\Carbide\NewLibVersion\QBluetooth_selfsigned\QBLUETOOTH_DLL\GCCE\UDEB\QBtObjectExchangeClient_symbian.o
                0x0001228c                TRequestStatus::operator!=(int) const
 .text._ZNK7CActive8IsActiveEv
                0x000122c8       0x2c \Symbian\9.2\S60_3rd_FP1\EPOC32\BUILD\Carbide\NewLibVersion\QBluetooth_selfsigned\QBLUETOOTH_DLL\GCCE\UDEB\QBtObjectExchangeClient_symbian.o
                0x000122c8                CActive::IsActive() const
 .text._ZNK14TRequestStatuseqEi
                0x000122f4       0x3c \Symbian\9.2\S60_3rd_FP1\EPOC32\BUILD\Carbide\NewLibVersion\QBluetooth_selfsigned\QBLUETOOTH_DLL\GCCE\UDEB\QBtObjectExchangeClient_symbian.o
                0x000122f4                TRequestStatus::operator==(int) const
 .text._ZNK7TDesC164SizeEv
                0x00012330       0x28 \Symbian\9.2\S60_3rd_FP1\EPOC32\BUILD\Carbide\NewLibVersion\QBluetooth_selfsigned\QBLUETOOTH_DLL\GCCE\UDEB\QBtObjectExchangeClient_symbian.o
                0x00012330                TDesC16::Size() const
 .text._ZNK7TDesC166LengthEv
                0x00012358       0x2c \Symbian\9.2\S60_3rd_FP1\EPOC32\BUILD\Carbide\NewLibVersion\QBluetooth_selfsigned\QBLUETOOTH_DLL\GCCE\UDEB\QBtObjectExchangeClient_symbian.o
                0x00012358                TDesC16::Length() const
 .text._ZN26TObexBluetoothProtocolInfoC1Ev
                0x00012384       0x38 \Symbian\9.2\S60_3rd_FP1\EPOC32\BUILD\Carbide\NewLibVersion\QBluetooth_selfsigned\QBLUETOOTH_DLL\GCCE\UDEB\QBtObjectExchangeClient_symbian.o
                0x00012384                TObexBluetoothProtocolInfo::TObexBluetoothProtocolInfo()
 .text._ZN17TObexProtocolInfoC2Ev
                0x000123bc       0x2c \Symbian\9.2\S60_3rd_FP1\EPOC32\BUILD\Carbide\NewLibVersion\QBluetooth_selfsigned\QBLUETOOTH_DLL\GCCE\UDEB\QBtObjectExchangeClient_symbian.o
                0x000123bc                TObexProtocolInfo::TObexProtocolInfo()
 .text._ZN7TPtrC163SetERKS_
                0x000123e8       0x4c \Symbian\9.2\S60_3rd_FP1\EPOC32\BUILD\Carbide\NewLibVersion\QBluetooth_selfsigned\QBLUETOOTH_DLL\GCCE\UDEB\QBtObjectExchangeClient_symbian.o
                0x000123e8                TPtrC16::Set(TPtrC16 const&)
 .text._ZNK7QStringeqEPKc
                0x00012434       0x34 \Symbian\9.2\S60_3rd_FP1\EPOC32\BUILD\Carbide\NewLibVersion\QBluetooth_selfsigned\QBLUETOOTH_DLL\GCCE\UDEB\QBtObjectExchangeClient_symbian.o
                0x00012434                QString::operator==(char const*) const
 .text._Z23qStringComparisonHelperRK7QStringPKc
                0x00012468       0xac \Symbian\9.2\S60_3rd_FP1\EPOC32\BUILD\Carbide\NewLibVersion\QBluetooth_selfsigned\QBLUETOOTH_DLL\GCCE\UDEB\QBtObjectExchangeClient_symbian.o
                0x00012468                qStringComparisonHelper(QString const&, char const*)
 .text._ZN13QLatin1StringC1EPKc
                0x00012514       0x34 \Symbian\9.2\S60_3rd_FP1\EPOC32\BUILD\Carbide\NewLibVersion\QBluetooth_selfsigned\QBLUETOOTH_DLL\GCCE\UDEB\QBtObjectExchangeClient_symbian.o
                0x00012514                QLatin1String::QLatin1String(char const*)
 .text._ZNK6TDesC84SizeEv
                0x00012548       0x24 \Symbian\9.2\S60_3rd_FP1\EPOC32\BUILD\Carbide\NewLibVersion\QBluetooth_selfsigned\QBLUETOOTH_DLL\GCCE\UDEB\QBtObjectExchangeClient_symbian.o
                0x00012548                TDesC8::Size() const
 .text._ZNK6TDesC86LengthEv
                0x0001256c       0x2c \Symbian\9.2\S60_3rd_FP1\EPOC32\BUILD\Carbide\NewLibVersion\QBluetooth_selfsigned\QBLUETOOTH_DLL\GCCE\UDEB\QBtObjectExchangeClient_symbian.o
                0x0001256c                TDesC8::Length() const
 .text._ZN7QString6appendEPKc
                0x00012598       0x74 \Symbian\9.2\S60_3rd_FP1\EPOC32\BUILD\Carbide\NewLibVersion\QBluetooth_selfsigned\QBLUETOOTH_DLL\GCCE\UDEB\QBtObjectExchangeClient_symbian.o
                0x00012598                QString::append(char const*)
 .text._ZN7QStringaSEPKc
                0x0001260c       0x74 \Symbian\9.2\S60_3rd_FP1\EPOC32\BUILD\Carbide\NewLibVersion\QBluetooth_selfsigned\QBLUETOOTH_DLL\GCCE\UDEB\QBtObjectExchangeClient_symbian.o
                0x0001260c                QString::operator=(char const*)
 .text._ZNK7QString4sizeEv
                0x00012680       0x2c \Symbian\9.2\S60_3rd_FP1\EPOC32\BUILD\Carbide\NewLibVersion\QBluetooth_selfsigned\QBLUETOOTH_DLL\GCCE\UDEB\QBtObjectExchangeClient_symbian.o
                0x00012680                QString::size() const
 .text._Z10SafeDeleteI15CObexBaseObjectEvRPT_
                0x000126ac       0x6c \Symbian\9.2\S60_3rd_FP1\EPOC32\BUILD\Carbide\NewLibVersion\QBluetooth_selfsigned\QBLUETOOTH_DLL\GCCE\UDEB\QBtObjectExchangeClient_symbian.o
                0x000126ac                void SafeDelete<CObexBaseObject>(CObexBaseObject*&)
 .text._Z10SafeDeleteI11CObexClientEvRPT_
                0x00012718       0x6c \Symbian\9.2\S60_3rd_FP1\EPOC32\BUILD\Carbide\NewLibVersion\QBluetooth_selfsigned\QBLUETOOTH_DLL\GCCE\UDEB\QBtObjectExchangeClient_symbian.o
                0x00012718                void SafeDelete<CObexClient>(CObexClient*&)
 .text._Z10SafeDeleteI8CBufBaseEvRPT_
                0x00012784       0x6c \Symbian\9.2\S60_3rd_FP1\EPOC32\BUILD\Carbide\NewLibVersion\QBluetooth_selfsigned\QBLUETOOTH_DLL\GCCE\UDEB\QBtObjectExchangeClient_symbian.o
                0x00012784                void SafeDelete<CBufBase>(CBufBase*&)
 .text._ZN4TBufILi60EEC1Ev
                0x000127f0       0x30 \Symbian\9.2\S60_3rd_FP1\EPOC32\BUILD\Carbide\NewLibVersion\QBluetooth_selfsigned\QBLUETOOTH_DLL\GCCE\UDEB\QBtObjectExchangeClient_symbian.o
                0x000127f0                TBuf<60>::TBuf()
 .text._ZN4TBufILi255EEaSERK7TDesC16
                0x00012820       0x34 \Symbian\9.2\S60_3rd_FP1\EPOC32\BUILD\Carbide\NewLibVersion\QBluetooth_selfsigned\QBLUETOOTH_DLL\GCCE\UDEB\QBtObjectExchangeClient_symbian.o
                0x00012820                TBuf<255>::operator=(TDesC16 const&)
 .text          0x00012854      0x848 \Symbian\9.2\S60_3rd_FP1\EPOC32\BUILD\Carbide\NewLibVersion\QBluetooth_selfsigned\QBLUETOOTH_DLL\GCCE\UDEB\QBtObjectExchangeServer.o
                0x00012f7c                QBtObjectExchangeServer::startAdvertisingService(QBtService const&)
                0x00012cb8                QBtObjectExchangeServer::~QBtObjectExchangeServer()
                0x00012ae4                QBtObjectExchangeServer::~QBtObjectExchangeServer()
                0x00013024                QBtObjectExchangeServer::stopAdvertisingService()
                0x00012e98                QBtObjectExchangeServer::getTransmittingServiceInfo()
                0x00012bcc                QBtObjectExchangeServer::~QBtObjectExchangeServer()
                0x00012ee8                QBtObjectExchangeServer::setTransmittingService(QBtService const&)
                0x0001299c                QBtObjectExchangeServer::QBtObjectExchangeServer(QObject*)
                0x00012854                QBtObjectExchangeServer::QBtObjectExchangeServer(QObject*)
                0x00012e2c                QBtObjectExchangeServer::stopServer()
                0x00012da4                QBtObjectExchangeServer::startServer(QBtUuid const&, QString const&)
                0x00012e54                QBtObjectExchangeServer::isConnected()
 .text._Z10SafeDeleteI10QBtServiceEvRPT_
                0x0001309c       0x60 \Symbian\9.2\S60_3rd_FP1\EPOC32\BUILD\Carbide\NewLibVersion\QBluetooth_selfsigned\QBLUETOOTH_DLL\GCCE\UDEB\QBtObjectExchangeServer.o
                0x0001309c                void SafeDelete<QBtService>(QBtService*&)
 .text._Z10SafeDeleteI30QBtObjectExchangeServerPrivateEvRPT_
                0x000130fc       0x6c \Symbian\9.2\S60_3rd_FP1\EPOC32\BUILD\Carbide\NewLibVersion\QBluetooth_selfsigned\QBLUETOOTH_DLL\GCCE\UDEB\QBtObjectExchangeServer.o
                0x000130fc                void SafeDelete<QBtObjectExchangeServerPrivate>(QBtObjectExchangeServerPrivate*&)
 .text          0x00013168     0x1a60 \Symbian\9.2\S60_3rd_FP1\EPOC32\BUILD\Carbide\NewLibVersion\QBluetooth_selfsigned\QBLUETOOTH_DLL\GCCE\UDEB\QBtObjectExchangeServer_symbian.o
                0x000134bc                QBtObjectExchangeServerPrivate::~QBtObjectExchangeServerPrivate()
                0x00013168                QBtObjectExchangeServerPrivate::NewL(QBtObjectExchangeServer*)
                0x00013b38                QBtObjectExchangeServerPrivate::StartServer()
                0x000133fc                QBtObjectExchangeServerPrivate::ConstructL()
                0x00013768                QBtObjectExchangeServerPrivate::~QBtObjectExchangeServerPrivate()
                0x00013cc8                QBtObjectExchangeServerPrivate::Disconnect()
                0x000131a0                QBtObjectExchangeServerPrivate::NewLC(QBtObjectExchangeServer*)
                0x000138c0                QBtObjectExchangeServerPrivate::InitialiseServerL()
                0x00013f6c                QBtObjectExchangeServerPrivate::TransportDownIndication()
                0x00014120                QBtObjectExchangeServerPrivate::ObexDisconnectIndication(TDesC8 const&)
                0x000132f8                QBtObjectExchangeServerPrivate::QBtObjectExchangeServerPrivate(QBtObjectExchangeServer*)
                0x00014980                QBtObjectExchangeServerPrivate::SetPathIndication(CObex::TSetPathInfo const&, TDesC8 const&)
                0x00013d2c                QBtObjectExchangeServerPrivate::SetSecurityWithChannelL(int, int, int, int)
                0x00014848                QBtObjectExchangeServerPrivate::GetPacketIndication()
                0x00013f50                QBtObjectExchangeServerPrivate::TransportUpIndication()
                0x00013e18                QBtObjectExchangeServerPrivate::IsConnected()
                0x0001436c                QBtObjectExchangeServerPrivate::PutCompleteIndication()
                0x00014888                QBtObjectExchangeServerPrivate::GetCompleteIndication()
                0x00013610                QBtObjectExchangeServerPrivate::~QBtObjectExchangeServerPrivate()
                0x00013e84                QBtObjectExchangeServerPrivate::GetCurrentWorkingDirectory()
                0x00014500                QBtObjectExchangeServerPrivate::GetRequestIndication(CObexBaseObject*)
                0x00014324                QBtObjectExchangeServerPrivate::PutPacketIndication()
                0x00013ebc                QBtObjectExchangeServerPrivate::ErrorIndication(int)
                0x0001414c                QBtObjectExchangeServerPrivate::PutRequestIndication()
                0x00013e4c                QBtObjectExchangeServerPrivate::SetListeningQueueSize(int)
                0x00014b70                QBtObjectExchangeServerPrivate::AbortIndication()
                0x000140ec                QBtObjectExchangeServerPrivate::ObexConnectIndication(TObexConnectInfo const&, TDesC8 const&)
                0x000131f4                QBtObjectExchangeServerPrivate::QBtObjectExchangeServerPrivate(QBtObjectExchangeServer*)
 .text._ZN3RFsC1Ev
                0x00014bc8       0x2c \Symbian\9.2\S60_3rd_FP1\EPOC32\BUILD\Carbide\NewLibVersion\QBluetooth_selfsigned\QBLUETOOTH_DLL\GCCE\UDEB\QBtObjectExchangeServer_symbian.o
                0x00014bc8                RFs::RFs()
 .text._ZN12RSessionBaseC2Ev
                0x00014bf4       0x2c \Symbian\9.2\S60_3rd_FP1\EPOC32\BUILD\Carbide\NewLibVersion\QBluetooth_selfsigned\QBLUETOOTH_DLL\GCCE\UDEB\QBtObjectExchangeServer_symbian.o
                0x00014bf4                RSessionBase::RSessionBase()
 .text._ZN11RHandleBaseC2Ev
                0x00014c20       0x30 \Symbian\9.2\S60_3rd_FP1\EPOC32\BUILD\Carbide\NewLibVersion\QBluetooth_selfsigned\QBLUETOOTH_DLL\GCCE\UDEB\QBtObjectExchangeServer_symbian.o
                0x00014c20                RHandleBase::RHandleBase()
 .text._ZN17MObexServerNotifyC2Ev
                0x00014c50       0x34 \Symbian\9.2\S60_3rd_FP1\EPOC32\BUILD\Carbide\NewLibVersion\QBluetooth_selfsigned\QBLUETOOTH_DLL\GCCE\UDEB\QBtObjectExchangeServer_symbian.o
                0x00014c50                MObexServerNotify::MObexServerNotify()
 .text._ZN5CBaseC2Ev
                0x00014c84       0x34 \Symbian\9.2\S60_3rd_FP1\EPOC32\BUILD\Carbide\NewLibVersion\QBluetooth_selfsigned\QBLUETOOTH_DLL\GCCE\UDEB\QBtObjectExchangeServer_symbian.o
                0x00014c84                CBase::CBase()
 .text._ZNK7CCoeEnv9FsSessionEv
                0x00014cb8       0x28 \Symbian\9.2\S60_3rd_FP1\EPOC32\BUILD\Carbide\NewLibVersion\QBluetooth_selfsigned\QBLUETOOTH_DLL\GCCE\UDEB\QBtObjectExchangeServer_symbian.o
                0x00014cb8                CCoeEnv::FsSession() const
 .text._ZN9CEikonEnv6StaticEv
                0x00014ce0       0x14 \Symbian\9.2\S60_3rd_FP1\EPOC32\BUILD\Carbide\NewLibVersion\QBluetooth_selfsigned\QBLUETOOTH_DLL\GCCE\UDEB\QBtObjectExchangeServer_symbian.o
                0x00014ce0                CEikonEnv::Static()
 .text._ZThn4_N30QBtObjectExchangeServerPrivate15ErrorIndicationEi
                0x00014cf4        0x8 \Symbian\9.2\S60_3rd_FP1\EPOC32\BUILD\Carbide\NewLibVersion\QBluetooth_selfsigned\QBLUETOOTH_DLL\GCCE\UDEB\QBtObjectExchangeServer_symbian.o
                0x00014cf4                non-virtual thunk to QBtObjectExchangeServerPrivate::ErrorIndication(int)
 .text._ZThn4_N30QBtObjectExchangeServerPrivate21TransportUpIndicationEv
                0x00014cfc        0x8 \Symbian\9.2\S60_3rd_FP1\EPOC32\BUILD\Carbide\NewLibVersion\QBluetooth_selfsigned\QBLUETOOTH_DLL\GCCE\UDEB\QBtObjectExchangeServer_symbian.o
                0x00014cfc                non-virtual thunk to QBtObjectExchangeServerPrivate::TransportUpIndication()
 .text._ZThn4_N30QBtObjectExchangeServerPrivate23TransportDownIndicationEv
                0x00014d04        0x8 \Symbian\9.2\S60_3rd_FP1\EPOC32\BUILD\Carbide\NewLibVersion\QBluetooth_selfsigned\QBLUETOOTH_DLL\GCCE\UDEB\QBtObjectExchangeServer_symbian.o
                0x00014d04                non-virtual thunk to QBtObjectExchangeServerPrivate::TransportDownIndication()
 .text._ZThn4_N30QBtObjectExchangeServerPrivate21ObexConnectIndicationERK16TObexConnectInfoRK6TDesC8
                0x00014d0c        0x8 \Symbian\9.2\S60_3rd_FP1\EPOC32\BUILD\Carbide\NewLibVersion\QBluetooth_selfsigned\QBLUETOOTH_DLL\GCCE\UDEB\QBtObjectExchangeServer_symbian.o
                0x00014d0c                non-virtual thunk to QBtObjectExchangeServerPrivate::ObexConnectIndication(TObexConnectInfo const&, TDesC8 const&)
 .text._ZThn4_N30QBtObjectExchangeServerPrivate24ObexDisconnectIndicationERK6TDesC8
                0x00014d14        0x8 \Symbian\9.2\S60_3rd_FP1\EPOC32\BUILD\Carbide\NewLibVersion\QBluetooth_selfsigned\QBLUETOOTH_DLL\GCCE\UDEB\QBtObjectExchangeServer_symbian.o
                0x00014d14                non-virtual thunk to QBtObjectExchangeServerPrivate::ObexDisconnectIndication(TDesC8 const&)
 .text._ZThn4_N30QBtObjectExchangeServerPrivate20PutRequestIndicationEv
                0x00014d1c        0x8 \Symbian\9.2\S60_3rd_FP1\EPOC32\BUILD\Carbide\NewLibVersion\QBluetooth_selfsigned\QBLUETOOTH_DLL\GCCE\UDEB\QBtObjectExchangeServer_symbian.o
                0x00014d1c                non-virtual thunk to QBtObjectExchangeServerPrivate::PutRequestIndication()
 .text._ZThn4_N30QBtObjectExchangeServerPrivate19PutPacketIndicationEv
                0x00014d24        0x8 \Symbian\9.2\S60_3rd_FP1\EPOC32\BUILD\Carbide\NewLibVersion\QBluetooth_selfsigned\QBLUETOOTH_DLL\GCCE\UDEB\QBtObjectExchangeServer_symbian.o
                0x00014d24                non-virtual thunk to QBtObjectExchangeServerPrivate::PutPacketIndication()
 .text._ZThn4_N30QBtObjectExchangeServerPrivate21PutCompleteIndicationEv
                0x00014d2c        0x8 \Symbian\9.2\S60_3rd_FP1\EPOC32\BUILD\Carbide\NewLibVersion\QBluetooth_selfsigned\QBLUETOOTH_DLL\GCCE\UDEB\QBtObjectExchangeServer_symbian.o
[...]

.debug_pubnames$$$symcpp.h
                0x00000000       0x6c
 .debug_pubnames$$$symcpp.h
                0x00000000       0x24 \Symbian\9.2\S60_3rd_FP1\EPOC32\RELEASE\ARMV5\UDEB\EDLL.LIB(uc_dll.o)
 .debug_pubnames$$$symcpp.h
                0x00000024       0x24 \Symbian\9.2\S60_3rd_FP1\EPOC32\RELEASE\ARMV5\UDEB\usrt2_2.lib(ucppinit_aeabi.o)
 .debug_pubnames$$$symcpp.h
                0x00000048       0x24 \Symbian\9.2\S60_3rd_FP1\EPOC32\RELEASE\ARMV5\UDEB\usrt2_2.lib(dllexp.o)

.debug_macinfo$$$symcpp.h
                0x00000000       0x18
 .debug_macinfo$$$symcpp.h
                0x00000000        0x8 \Symbian\9.2\S60_3rd_FP1\EPOC32\RELEASE\ARMV5\UDEB\EDLL.LIB(uc_dll.o)
 .debug_macinfo$$$symcpp.h
                0x00000008        0x8 \Symbian\9.2\S60_3rd_FP1\EPOC32\RELEASE\ARMV5\UDEB\usrt2_2.lib(ucppinit_aeabi.o)
 .debug_macinfo$$$symcpp.h
                0x00000010        0x8 \Symbian\9.2\S60_3rd_FP1\EPOC32\RELEASE\ARMV5\UDEB\usrt2_2.lib(dllexp.o)

.debug_line$$$RVCT2_2.h
                0x00000000      0x18c
 .debug_line$$$RVCT2_2.h
                0x00000000       0x84 \Symbian\9.2\S60_3rd_FP1\EPOC32\RELEASE\ARMV5\UDEB\EDLL.LIB(uc_dll.o)
 .debug_line$$$RVCT2_2.h
                0x00000084       0x84 \Symbian\9.2\S60_3rd_FP1\EPOC32\RELEASE\ARMV5\UDEB\usrt2_2.lib(ucppinit_aeabi.o)
 .debug_line$$$RVCT2_2.h
                0x00000108       0x84 \Symbian\9.2\S60_3rd_FP1\EPOC32\RELEASE\ARMV5\UDEB\usrt2_2.lib(dllexp.o)

.debug_info$$$RVCT2_2.h
                0x00000000      0x3f0
 .debug_info$$$RVCT2_2.h
                0x00000000      0x150 \Symbian\9.2\S60_3rd_FP1\EPOC32\RELEASE\ARMV5\UDEB\EDLL.LIB(uc_dll.o)
 .debug_info$$$RVCT2_2.h
                0x00000150      0x150 \Symbian\9.2\S60_3rd_FP1\EPOC32\RELEASE\ARMV5\UDEB\usrt2_2.lib(ucppinit_aeabi.o)
 .debug_info$$$RVCT2_2.h
                0x000002a0      0x150 \Symbian\9.2\S60_3rd_FP1\EPOC32\RELEASE\ARMV5\UDEB\usrt2_2.lib(dllexp.o)

.debug_macinfo$$$RVCT2_2.h
                0x00000000      0xb34
 .debug_macinfo$$$RVCT2_2.h
                0x00000000      0x3bc \Symbian\9.2\S60_3rd_FP1\EPOC32\RELEASE\ARMV5\UDEB\EDLL.LIB(uc_dll.o)
 .debug_macinfo$$$RVCT2_2.h
                0x000003bc      0x3bc \Symbian\9.2\S60_3rd_FP1\EPOC32\RELEASE\ARMV5\UDEB\usrt2_2.lib(ucppinit_aeabi.o)
 .debug_macinfo$$$RVCT2_2.h
                0x00000778      0x3bc \Symbian\9.2\S60_3rd_FP1\EPOC32\RELEASE\ARMV5\UDEB\usrt2_2.lib(dllexp.o)

.debug_line$$$e32def.h
                0x00000000       0x50
 .debug_line$$$e32def.h
                0x00000000       0x50 \Symbian\9.2\S60_3rd_FP1\EPOC32\RELEASE\ARMV5\UDEB\EDLL.LIB(uc_dll.o)

.debug_info$$$e32def.h
                0x00000000      0x3d8
 .debug_info$$$e32def.h
                0x00000000      0x3d8 \Symbian\9.2\S60_3rd_FP1\EPOC32\RELEASE\ARMV5\UDEB\EDLL.LIB(uc_dll.o)

.debug_macinfo$$$e32def.h
                0x00000000     0x1110
 .debug_macinfo$$$e32def.h
                0x00000000     0x1110 \Symbian\9.2\S60_3rd_FP1\EPOC32\RELEASE\ARMV5\UDEB\EDLL.LIB(uc_dll.o)

.debug_line$$$e32err.h
                0x00000000       0x5c
 .debug_line$$$e32err.h
                0x00000000       0x5c \Symbian\9.2\S60_3rd_FP1\EPOC32\RELEASE\ARMV5\UDEB\EDLL.LIB(uc_dll.o)

.debug_info$$$e32err.h
                0x00000000      0x518
 .debug_info$$$e32err.h
                0x00000000      0x518 \Symbian\9.2\S60_3rd_FP1\EPOC32\RELEASE\ARMV5\UDEB\EDLL.LIB(uc_dll.o)

.debug_macinfo$$$e32err.h
                0x00000000       0x1c
 .debug_macinfo$$$e32err.h
                0x00000000       0x1c \Symbian\9.2\S60_3rd_FP1\EPOC32\RELEASE\ARMV5\UDEB\EDLL.LIB(uc_dll.o)

.debug_line$$$e32capability.h
                0x00000000       0x58
 .debug_line$$$e32capability.h
                0x00000000       0x58 \Symbian\9.2\S60_3rd_FP1\EPOC32\RELEASE\ARMV5\UDEB\EDLL.LIB(uc_dll.o)

.debug_info$$$e32capability.h
                0x00000000      0x2dc
 .debug_info$$$e32capability.h
                0x00000000      0x2dc \Symbian\9.2\S60_3rd_FP1\EPOC32\RELEASE\ARMV5\UDEB\EDLL.LIB(uc_dll.o)

.debug_macinfo$$$e32capability.h
                0x00000000       0x1c
 .debug_macinfo$$$e32capability.h
                0x00000000       0x1c \Symbian\9.2\S60_3rd_FP1\EPOC32\RELEASE\ARMV5\UDEB\EDLL.LIB(uc_dll.o)

.debug_line$$$e32const.h
                0x00000000       0x70
 .debug_line$$$e32const.h
                0x00000000       0x70 \Symbian\9.2\S60_3rd_FP1\EPOC32\RELEASE\ARMV5\UDEB\EDLL.LIB(uc_dll.o)

.debug_info$$$e32const.h
                0x00000000     0x254c
 .debug_info$$$e32const.h
                0x00000000     0x254c \Symbian\9.2\S60_3rd_FP1\EPOC32\RELEASE\ARMV5\UDEB\EDLL.LIB(uc_dll.o)

.debug_macinfo$$$e32const.h
                0x00000000       0x50
 .debug_macinfo$$$e32const.h
                0x00000000       0x50 \Symbian\9.2\S60_3rd_FP1\EPOC32\RELEASE\ARMV5\UDEB\EDLL.LIB(uc_dll.o)

.debug_line$$$e32des8.h
                0x00000000       0x50
 .debug_line$$$e32des8.h
                0x00000000       0x50 \Symbian\9.2\S60_3rd_FP1\EPOC32\RELEASE\ARMV5\UDEB\EDLL.LIB(uc_dll.o)

.debug_info$$$e32des8.h
                0x00000000     0x39c4
 .debug_info$$$e32des8.h
                0x00000000     0x39c4 \Symbian\9.2\S60_3rd_FP1\EPOC32\RELEASE\ARMV5\UDEB\EDLL.LIB(uc_dll.o)

.debug_macinfo$$$e32des8.h
                0x00000000       0x70
 .debug_macinfo$$$e32des8.h
                0x00000000       0x70 \Symbian\9.2\S60_3rd_FP1\EPOC32\RELEASE\ARMV5\UDEB\EDLL.LIB(uc_dll.o)

.debug_line$$$e32des16.h
                0x00000000       0x50
 .debug_line$$$e32des16.h
                0x00000000       0x50 \Symbian\9.2\S60_3rd_FP1\EPOC32\RELEASE\ARMV5\UDEB\EDLL.LIB(uc_dll.o)

.debug_info$$$e32des16.h
                0x00000000     0x34e4
 .debug_info$$$e32des16.h
                0x00000000     0x34e4 \Symbian\9.2\S60_3rd_FP1\EPOC32\RELEASE\ARMV5\UDEB\EDLL.LIB(uc_dll.o)

.debug_macinfo$$$e32des16.h
                0x00000000       0x78
 .debug_macinfo$$$e32des16.h
                0x00000000       0x78 \Symbian\9.2\S60_3rd_FP1\EPOC32\RELEASE\ARMV5\UDEB\EDLL.LIB(uc_dll.o)

.debug_line$$$e32cmn.inl
                0x00000000       0x50
 .debug_line$$$e32cmn.inl
                0x00000000       0x50 \Symbian\9.2\S60_3rd_FP1\EPOC32\RELEASE\ARMV5\UDEB\EDLL.LIB(uc_dll.o)

.debug_info$$$e32cmn.inl
                0x00000000       0x74
 .debug_info$$$e32cmn.inl
                0x00000000       0x74 \Symbian\9.2\S60_3rd_FP1\EPOC32\RELEASE\ARMV5\UDEB\EDLL.LIB(uc_dll.o)

.debug_macinfo$$$e32cmn.inl
                0x00000000       0x40
 .debug_macinfo$$$e32cmn.inl
                0x00000000       0x40 \Symbian\9.2\S60_3rd_FP1\EPOC32\RELEASE\ARMV5\UDEB\EDLL.LIB(uc_dll.o)

.debug_line$$$e32cmn.h
                0x00000000       0x88
 .debug_line$$$e32cmn.h
                0x00000000       0x88 \Symbian\9.2\S60_3rd_FP1\EPOC32\RELEASE\ARMV5\UDEB\EDLL.LIB(uc_dll.o)

.debug_info$$$e32cmn.h
                0x00000000     0xb824
 .debug_info$$$e32cmn.h
                0x00000000     0xb824 \Symbian\9.2\S60_3rd_FP1\EPOC32\RELEASE\ARMV5\UDEB\EDLL.LIB(uc_dll.o)

.debug_macinfo$$$e32cmn.h
                0x00000000     0x1644
 .debug_macinfo$$$e32cmn.h
                0x00000000     0x1644 \Symbian\9.2\S60_3rd_FP1\EPOC32\RELEASE\ARMV5\UDEB\EDLL.LIB(uc_dll.o)

.debug_line$$$e32std.inl
                0x00000000       0x50
 .debug_line$$$e32std.inl
                0x00000000       0x50 \Symbian\9.2\S60_3rd_FP1\EPOC32\RELEASE\ARMV5\UDEB\EDLL.LIB(uc_dll.o)

.debug_info$$$e32std.inl
                0x00000000       0x74
 .debug_info$$$e32std.inl
                0x00000000       0x74 \Symbian\9.2\S60_3rd_FP1\EPOC32\RELEASE\ARMV5\UDEB\EDLL.LIB(uc_dll.o)

.debug_macinfo$$$e32std.inl
                0x00000000        0x8
 .debug_macinfo$$$e32std.inl
                0x00000000        0x8 \Symbian\9.2\S60_3rd_FP1\EPOC32\RELEASE\ARMV5\UDEB\EDLL.LIB(uc_dll.o)

.debug_line$$$e32std.h
                0x00000000       0x68
 .debug_line$$$e32std.h
                0x00000000       0x68 \Symbian\9.2\S60_3rd_FP1\EPOC32\RELEASE\ARMV5\UDEB\EDLL.LIB(uc_dll.o)

.debug_info$$$e32std.h
                0x00000000    0x1028c
 .debug_info$$$e32std.h
                0x00000000    0x1028c \Symbian\9.2\S60_3rd_FP1\EPOC32\RELEASE\ARMV5\UDEB\EDLL.LIB(uc_dll.o)

.debug_macinfo$$$e32std.h
                0x00000000      0x1f0
 .debug_macinfo$$$e32std.h
                0x00000000      0x1f0 \Symbian\9.2\S60_3rd_FP1\EPOC32\RELEASE\ARMV5\UDEB\EDLL.LIB(uc_dll.o)

.debug_line$$$e32hal.h
                0x00000000       0x68
 .debug_line$$$e32hal.h
                0x00000000       0x68 \Symbian\9.2\S60_3rd_FP1\EPOC32\RELEASE\ARMV5\UDEB\EDLL.LIB(uc_dll.o)

.debug_info$$$e32hal.h
                0x00000000     0x1214
 .debug_info$$$e32hal.h
                0x00000000     0x1214 \Symbian\9.2\S60_3rd_FP1\EPOC32\RELEASE\ARMV5\UDEB\EDLL.LIB(uc_dll.o)

.debug_macinfo$$$e32hal.h
                0x00000000       0x20
 .debug_macinfo$$$e32hal.h
                0x00000000       0x20 \Symbian\9.2\S60_3rd_FP1\EPOC32\RELEASE\ARMV5\UDEB\EDLL.LIB(uc_dll.o)

.debug_line$$$e32lmsg.h
                0x00000000       0x5c
 .debug_line$$$e32lmsg.h
                0x00000000       0x5c \Symbian\9.2\S60_3rd_FP1\EPOC32\RELEASE\ARMV5\UDEB\EDLL.LIB(uc_dll.o)

.debug_info$$$e32lmsg.h
                0x00000000      0x474
 .debug_info$$$e32lmsg.h
                0x00000000      0x474 \Symbian\9.2\S60_3rd_FP1\EPOC32\RELEASE\ARMV5\UDEB\EDLL.LIB(uc_dll.o)

.debug_macinfo$$$e32lmsg.h
                0x00000000       0x1c
 .debug_macinfo$$$e32lmsg.h
                0x00000000       0x1c \Symbian\9.2\S60_3rd_FP1\EPOC32\RELEASE\ARMV5\UDEB\EDLL.LIB(uc_dll.o)

.debug_line$$$e32event.h
                0x00000000       0x5c
 .debug_line$$$e32event.h
                0x00000000       0x5c \Symbian\9.2\S60_3rd_FP1\EPOC32\RELEASE\ARMV5\UDEB\EDLL.LIB(uc_dll.o)

.debug_info$$$e32event.h
                0x00000000      0x8cc
 .debug_info$$$e32event.h
                0x00000000      0x8cc \Symbian\9.2\S60_3rd_FP1\EPOC32\RELEASE\ARMV5\UDEB\EDLL.LIB(uc_dll.o)

.debug_macinfo$$$e32event.h
                0x00000000       0x1c
 .debug_macinfo$$$e32event.h
                0x00000000       0x1c \Symbian\9.2\S60_3rd_FP1\EPOC32\RELEASE\ARMV5\UDEB\EDLL.LIB(uc_dll.o)

.debug_line$$$e32ldr.h
                0x00000000       0x68
 .debug_line$$$e32ldr.h
                0x00000000       0x68 \Symbian\9.2\S60_3rd_FP1\EPOC32\RELEASE\ARMV5\UDEB\EDLL.LIB(uc_dll.o)

.debug_info$$$e32ldr.h
                0x00000000     0x108c
 .debug_info$$$e32ldr.h
                0x00000000     0x108c \Symbian\9.2\S60_3rd_FP1\EPOC32\RELEASE\ARMV5\UDEB\EDLL.LIB(uc_dll.o)

.debug_macinfo$$$e32ldr.h
                0x00000000       0x20
 .debug_macinfo$$$e32ldr.h
                0x00000000       0x20 \Symbian\9.2\S60_3rd_FP1\EPOC32\RELEASE\ARMV5\UDEB\EDLL.LIB(uc_dll.o)

.debug_line$$$e32power.h
                0x00000000       0x5c
 .debug_line$$$e32power.h
                0x00000000       0x5c \Symbian\9.2\S60_3rd_FP1\EPOC32\RELEASE\ARMV5\UDEB\EDLL.LIB(uc_dll.o)

.debug_info$$$e32power.h
                0x00000000      0x1a8
 .debug_info$$$e32power.h
                0x00000000      0x1a8 \Symbian\9.2\S60_3rd_FP1\EPOC32\RELEASE\ARMV5\UDEB\EDLL.LIB(uc_dll.o)

.debug_macinfo$$$e32power.h
                0x00000000       0x1c
 .debug_macinfo$$$e32power.h
                0x00000000       0x1c \Symbian\9.2\S60_3rd_FP1\EPOC32\RELEASE\ARMV5\UDEB\EDLL.LIB(uc_dll.o)

.debug_line$$$e32property.h
                0x00000000       0x60
 .debug_line$$$e32property.h
                0x00000000       0x60 \Symbian\9.2\S60_3rd_FP1\EPOC32\RELEASE\ARMV5\UDEB\EDLL.LIB(uc_dll.o)

.debug_info$$$e32property.h
                0x00000000      0x500
 .debug_info$$$e32property.h
                0x00000000      0x500 \Symbian\9.2\S60_3rd_FP1\EPOC32\RELEASE\ARMV5\UDEB\EDLL.LIB(uc_dll.o)

.debug_macinfo$$$e32property.h
                0x00000000       0x20
 .debug_macinfo$$$e32property.h
                0x00000000       0x20 \Symbian\9.2\S60_3rd_FP1\EPOC32\RELEASE\ARMV5\UDEB\EDLL.LIB(uc_dll.o)

.debug_line$$$u32property.h
                0x00000000       0x60
 .debug_line$$$u32property.h
                0x00000000       0x60 \Symbian\9.2\S60_3rd_FP1\EPOC32\RELEASE\ARMV5\UDEB\EDLL.LIB(uc_dll.o)

.debug_info$$$u32property.h
                0x00000000      0x150
 .debug_info$$$u32property.h
                0x00000000      0x150 \Symbian\9.2\S60_3rd_FP1\EPOC32\RELEASE\ARMV5\UDEB\EDLL.LIB(uc_dll.o)

.debug_macinfo$$$u32property.h
                0x00000000       0x20
 .debug_macinfo$$$u32property.h
                0x00000000       0x20 \Symbian\9.2\S60_3rd_FP1\EPOC32\RELEASE\ARMV5\UDEB\EDLL.LIB(uc_dll.o)

.debug_line$$$u32hal.h
                0x00000000       0x5c
 .debug_line$$$u32hal.h
                0x00000000       0x5c \Symbian\9.2\S60_3rd_FP1\EPOC32\RELEASE\ARMV5\UDEB\EDLL.LIB(uc_dll.o)

.debug_info$$$u32hal.h
                0x00000000     0x1624
 .debug_info$$$u32hal.h
                0x00000000     0x1624 \Symbian\9.2\S60_3rd_FP1\EPOC32\RELEASE\ARMV5\UDEB\EDLL.LIB(uc_dll.o)

.debug_macinfo$$$u32hal.h
                0x00000000       0x1c
 .debug_macinfo$$$u32hal.h
                0x00000000       0x1c \Symbian\9.2\S60_3rd_FP1\EPOC32\RELEASE\ARMV5\UDEB\EDLL.LIB(uc_dll.o)

.debug_line$$$cpudefs.h
                0x00000000       0x50
 .debug_line$$$cpudefs.h
                0x00000000       0x50 \Symbian\9.2\S60_3rd_FP1\EPOC32\RELEASE\ARMV5\UDEB\EDLL.LIB(uc_dll.o)

.debug_info$$$cpudefs.h
                0x00000000       0x74
 .debug_info$$$cpudefs.h
                0x00000000       0x74 \Symbian\9.2\S60_3rd_FP1\EPOC32\RELEASE\ARMV5\UDEB\EDLL.LIB(uc_dll.o)

.debug_macinfo$$$cpudefs.h
                0x00000000      0x540
 .debug_macinfo$$$cpudefs.h
                0x00000000      0x540 \Symbian\9.2\S60_3rd_FP1\EPOC32\RELEASE\ARMV5\UDEB\EDLL.LIB(uc_dll.o)

.debug_line$$$u32std.h
                0x00000000       0xfc
 .debug_line$$$u32std.h
                0x00000000       0xfc \Symbian\9.2\S60_3rd_FP1\EPOC32\RELEASE\ARMV5\UDEB\EDLL.LIB(uc_dll.o)

.debug_info$$$u32std.h
                0x00000000     0x311c
 .debug_info$$$u32std.h
                0x00000000     0x311c \Symbian\9.2\S60_3rd_FP1\EPOC32\RELEASE\ARMV5\UDEB\EDLL.LIB(uc_dll.o)

.debug_macinfo$$$u32std.h
                0x00000000       0x8c
 .debug_macinfo$$$u32std.h
                0x00000000       0x8c \Symbian\9.2\S60_3rd_FP1\EPOC32\RELEASE\ARMV5\UDEB\EDLL.LIB(uc_dll.o)

.debug_line$$$uc_dll.cpp
                0x00000000      0x104
 .debug_line$$$uc_dll.cpp
                0x00000000       0xac \Symbian\9.2\S60_3rd_FP1\EPOC32\RELEASE\ARMV5\UDEB\EDLL.LIB(uc_dll.o)
 .debug_line$$$uc_dll.cpp
                0x000000ac       0x58 \Symbian\9.2\S60_3rd_FP1\EPOC32\RELEASE\ARMV5\UDEB\EDLL.LIB(uc_dll.o)

.debug_info$$$uc_dll.cpp
                0x00000000      0x3e0
 .debug_info$$$uc_dll.cpp
                0x00000000      0x348 \Symbian\9.2\S60_3rd_FP1\EPOC32\RELEASE\ARMV5\UDEB\EDLL.LIB(uc_dll.o)
 .debug_info$$$uc_dll.cpp
                0x00000348       0x98 \Symbian\9.2\S60_3rd_FP1\EPOC32\RELEASE\ARMV5\UDEB\EDLL.LIB(uc_dll.o)

.debug_macinfo$$$uc_dll.cpp
                0x00000000      0x448
 .debug_macinfo$$$uc_dll.cpp
                0x00000000       0x10 \Symbian\9.2\S60_3rd_FP1\EPOC32\RELEASE\ARMV5\UDEB\EDLL.LIB(uc_dll.o)
 .debug_macinfo$$$uc_dll.cpp
                0x00000010      0x438 \Symbian\9.2\S60_3rd_FP1\EPOC32\RELEASE\ARMV5\UDEB\EDLL.LIB(uc_dll.o)

.debug_line$$$.text
                0x00000000       0xec
 .debug_line$$$.text
                0x00000000       0x84 \Symbian\9.2\S60_3rd_FP1\EPOC32\RELEASE\ARMV5\UDEB\EDLL.LIB(uc_dll.o)
 .debug_line$$$.text
                0x00000084       0x68 \Symbian\9.2\S60_3rd_FP1\EPOC32\RELEASE\ARMV5\UDEB\usrt2_2.lib(dllexp.o)

.debug_info$$$.text
                0x00000000      0x1f0
 .debug_info$$$.text
                0x00000000      0x118 \Symbian\9.2\S60_3rd_FP1\EPOC32\RELEASE\ARMV5\UDEB\EDLL.LIB(uc_dll.o)
 .debug_info$$$.text
                0x00000118       0xd8 \Symbian\9.2\S60_3rd_FP1\EPOC32\RELEASE\ARMV5\UDEB\usrt2_2.lib(dllexp.o)

.debug_pubnames$$$.text
                0x00000000       0x50
 .debug_pubnames$$$.text
                0x00000000       0x24 \Symbian\9.2\S60_3rd_FP1\EPOC32\RELEASE\ARMV5\UDEB\EDLL.LIB(uc_dll.o)
 .debug_pubnames$$$.text
                0x00000024       0x2c \Symbian\9.2\S60_3rd_FP1\EPOC32\RELEASE\ARMV5\UDEB\usrt2_2.lib(dllexp.o)

.debug_loc$$$.text
                0x00000000       0x64
 .debug_loc$$$.text
                0x00000000       0x64 \Symbian\9.2\S60_3rd_FP1\EPOC32\RELEASE\ARMV5\UDEB\EDLL.LIB(uc_dll.o)

.debug_frame$$$.text
                0x00000000       0x8c
 .debug_frame$$$.text
                0x00000000       0x50 \Symbian\9.2\S60_3rd_FP1\EPOC32\RELEASE\ARMV5\UDEB\EDLL.LIB(uc_dll.o)
 .debug_frame$$$.text
                0x00000050       0x3c \Symbian\9.2\S60_3rd_FP1\EPOC32\RELEASE\ARMV5\UDEB\usrt2_2.lib(dllexp.o)

.debug_line$$$ucppinit_aeabi.cpp
                0x00000000       0xe8
 .debug_line$$$ucppinit_aeabi.cpp
                0x00000000       0x60 \Symbian\9.2\S60_3rd_FP1\EPOC32\RELEASE\ARMV5\UDEB\usrt2_2.lib(ucppinit_aeabi.o)
 .debug_line$$$ucppinit_aeabi.cpp
                0x00000060       0x88 \Symbian\9.2\S60_3rd_FP1\EPOC32\RELEASE\ARMV5\UDEB\usrt2_2.lib(ucppinit_aeabi.o)

.debug_info$$$ucppinit_aeabi.cpp
                0x00000000      0x130
 .debug_info$$$ucppinit_aeabi.cpp
                0x00000000       0xac \Symbian\9.2\S60_3rd_FP1\EPOC32\RELEASE\ARMV5\UDEB\usrt2_2.lib(ucppinit_aeabi.o)
 .debug_info$$$ucppinit_aeabi.cpp
                0x000000ac       0x84 \Symbian\9.2\S60_3rd_FP1\EPOC32\RELEASE\ARMV5\UDEB\usrt2_2.lib(ucppinit_aeabi.o)

.debug_macinfo$$$ucppinit_aeabi.cpp
                0x00000000      0x440
 .debug_macinfo$$$ucppinit_aeabi.cpp
                0x00000000      0x434 \Symbian\9.2\S60_3rd_FP1\EPOC32\RELEASE\ARMV5\UDEB\usrt2_2.lib(ucppinit_aeabi.o)
 .debug_macinfo$$$ucppinit_aeabi.cpp
                0x00000434        0xc \Symbian\9.2\S60_3rd_FP1\EPOC32\RELEASE\ARMV5\UDEB\usrt2_2.lib(ucppinit_aeabi.o)

.arm_vfe_header
                0x00000000        0x4
 .arm_vfe_header
                0x00000000        0x4 \Symbian\9.2\S60_3rd_FP1\EPOC32\RELEASE\ARMV5\UDEB\usrt2_2.lib(dllexp.o)

.debug_line$$$dllexp.cpp
                0x00000000       0xd8
 .debug_line$$$dllexp.cpp
                0x00000000       0x80 \Symbian\9.2\S60_3rd_FP1\EPOC32\RELEASE\ARMV5\UDEB\usrt2_2.lib(dllexp.o)
 .debug_line$$$dllexp.cpp
                0x00000080       0x58 \Symbian\9.2\S60_3rd_FP1\EPOC32\RELEASE\ARMV5\UDEB\usrt2_2.lib(dllexp.o)

.debug_info$$$dllexp.cpp
                0x00000000      0x120
 .debug_info$$$dllexp.cpp
                0x00000000       0x7c \Symbian\9.2\S60_3rd_FP1\EPOC32\RELEASE\ARMV5\UDEB\usrt2_2.lib(dllexp.o)
 .debug_info$$$dllexp.cpp
                0x0000007c       0xa4 \Symbian\9.2\S60_3rd_FP1\EPOC32\RELEASE\ARMV5\UDEB\usrt2_2.lib(dllexp.o)

.debug_macinfo$$$dllexp.cpp
                0x00000000      0x440
 .debug_macinfo$$$dllexp.cpp
                0x00000000        0xc \Symbian\9.2\S60_3rd_FP1\EPOC32\RELEASE\ARMV5\UDEB\usrt2_2.lib(dllexp.o)
 .debug_macinfo$$$dllexp.cpp
                0x0000000c      0x434 \Symbian\9.2\S60_3rd_FP1\EPOC32\RELEASE\ARMV5\UDEB\usrt2_2.lib(dllexp.o)

.debug_ranges   0x00000000      0x158
 .debug_ranges  0x00000000      0x138 C:\Program Files\CSL Arm Toolchain\bin\..\arm-none-symbianelf\lib\libsupc++.a(eh_personality.o)
 .debug_ranges  0x00000138       0x20 C:\Program Files\CSL Arm Toolchain\bin\..\lib\gcc\arm-none-symbianelf\3.4.3\libgcc.a(pr-support.o)
