Archive member included because of file (symbol)

\Symbian\9.2\S60_3rd_FP1\EPOC32\RELEASE\ARMV5\UREL\EDLL.LIB(uc_dll_.o)
                              (_E32Dll)
\Symbian\9.2\S60_3rd_FP1\EPOC32\RELEASE\ARMV5\UREL\EDLL.LIB(uc_dll.o)
                              \Symbian\9.2\S60_3rd_FP1\EPOC32\RELEASE\ARMV5\UREL\EDLL.LIB(uc_dll_.o) (_E32Dll_Body)
\Symbian\9.2\S60_3rd_FP1\EPOC32\RELEASE\ARMV5\UREL\usrt2_2.lib(ucppinit_aeabi.o)
                              \Symbian\9.2\S60_3rd_FP1\EPOC32\RELEASE\ARMV5\UREL\EDLL.LIB(uc_dll.o) (__cpp_initialize__aeabi_)
\Symbian\9.2\S60_3rd_FP1\EPOC32\RELEASE\ARMV5\UREL\usrt2_2.lib(dllexp.o)
                              \Symbian\9.2\S60_3rd_FP1\EPOC32\RELEASE\ARMV5\UREL\EDLL.LIB(uc_dll.o) (__DLL_Export_Table__)
C:\Program Files\CSL Arm Toolchain\bin\..\arm-none-symbianelf\lib\libsupc++.a(eh_personality.o)
                              \Symbian\9.2\S60_3rd_FP1\EPOC32\BUILD\Carbide\NewLibVersion\QBluetooth_selfsigned\QBLUETOOTH_DLL\GCCE\UREL\moc_QBtSerialPortServer.o (__gxx_personality_v0)
C:\Program Files\CSL Arm Toolchain\bin\..\lib\gcc\arm-none-symbianelf\3.4.3\libgcc.a(pr-support.o)
                              C:\Program Files\CSL Arm Toolchain\bin\..\arm-none-symbianelf\lib\libsupc++.a(eh_personality.o) (__gnu_unwind_frame)

Memory Configuration

Name             Origin             Length             Attributes
*default*        0x00000000         0xffffffff

Linker script and memory map

Address of section .text set to 0x8000
Address of section .data set to 0x400000
LOAD \Symbian\9.2\S60_3rd_FP1\EPOC32\RELEASE\ARMV5\UREL\EDLL.LIB
LOAD \Symbian\9.2\S60_3rd_FP1\EPOC32\BUILD\Carbide\NewLibVersion\QBluetooth_selfsigned\QBLUETOOTH_DLL\GCCE\UREL\moc_QBtDeviceDiscoverer.o
LOAD \Symbian\9.2\S60_3rd_FP1\EPOC32\BUILD\Carbide\NewLibVersion\QBluetooth_selfsigned\QBLUETOOTH_DLL\GCCE\UREL\moc_QBtSingleDeviceSelectorUI.o
LOAD \Symbian\9.2\S60_3rd_FP1\EPOC32\BUILD\Carbide\NewLibVersion\QBluetooth_selfsigned\QBLUETOOTH_DLL\GCCE\UREL\moc_QBtServiceDiscoverer.o
LOAD \Symbian\9.2\S60_3rd_FP1\EPOC32\BUILD\Carbide\NewLibVersion\QBluetooth_selfsigned\QBLUETOOTH_DLL\GCCE\UREL\moc_QBtServiceDiscovererForAll.o
LOAD \Symbian\9.2\S60_3rd_FP1\EPOC32\BUILD\Carbide\NewLibVersion\QBluetooth_selfsigned\QBLUETOOTH_DLL\GCCE\UREL\moc_QBtServiceAdvertiser.o
LOAD \Symbian\9.2\S60_3rd_FP1\EPOC32\BUILD\Carbide\NewLibVersion\QBluetooth_selfsigned\QBLUETOOTH_DLL\GCCE\UREL\moc_QBtSerialPortServer.o
LOAD \Symbian\9.2\S60_3rd_FP1\EPOC32\BUILD\Carbide\NewLibVersion\QBluetooth_selfsigned\QBLUETOOTH_DLL\GCCE\UREL\moc_QBtSerialPortClient.o
LOAD \Symbian\9.2\S60_3rd_FP1\EPOC32\BUILD\Carbide\NewLibVersion\QBluetooth_selfsigned\QBLUETOOTH_DLL\GCCE\UREL\moc_QBtObjectExchangeClient.o
LOAD \Symbian\9.2\S60_3rd_FP1\EPOC32\BUILD\Carbide\NewLibVersion\QBluetooth_selfsigned\QBLUETOOTH_DLL\GCCE\UREL\moc_QBtLocalDevice.o
LOAD \Symbian\9.2\S60_3rd_FP1\EPOC32\BUILD\Carbide\NewLibVersion\QBluetooth_selfsigned\QBLUETOOTH_DLL\GCCE\UREL\moc_QBtObjectExchangeServer.o
LOAD \Symbian\9.2\S60_3rd_FP1\EPOC32\BUILD\Carbide\NewLibVersion\QBluetooth_selfsigned\QBLUETOOTH_DLL\GCCE\UREL\QBtService.o
LOAD \Symbian\9.2\S60_3rd_FP1\EPOC32\BUILD\Carbide\NewLibVersion\QBluetooth_selfsigned\QBLUETOOTH_DLL\GCCE\UREL\QBtAddress.o
LOAD \Symbian\9.2\S60_3rd_FP1\EPOC32\BUILD\Carbide\NewLibVersion\QBluetooth_selfsigned\QBLUETOOTH_DLL\GCCE\UREL\QBtDevice.o
LOAD \Symbian\9.2\S60_3rd_FP1\EPOC32\BUILD\Carbide\NewLibVersion\QBluetooth_selfsigned\QBLUETOOTH_DLL\GCCE\UREL\QBtUuid.o
LOAD \Symbian\9.2\S60_3rd_FP1\EPOC32\BUILD\Carbide\NewLibVersion\QBluetooth_selfsigned\QBLUETOOTH_DLL\GCCE\UREL\QBtObjectExchangeClient.o
LOAD \Symbian\9.2\S60_3rd_FP1\EPOC32\BUILD\Carbide\NewLibVersion\QBluetooth_selfsigned\QBLUETOOTH_DLL\GCCE\UREL\QBtObjectExchangeClient_symbian.o
LOAD \Symbian\9.2\S60_3rd_FP1\EPOC32\BUILD\Carbide\NewLibVersion\QBluetooth_selfsigned\QBLUETOOTH_DLL\GCCE\UREL\QBtObjectExchangeServer.o
LOAD \Symbian\9.2\S60_3rd_FP1\EPOC32\BUILD\Carbide\NewLibVersion\QBluetooth_selfsigned\QBLUETOOTH_DLL\GCCE\UREL\QBtObjectExchangeServer_symbian.o
LOAD \Symbian\9.2\S60_3rd_FP1\EPOC32\BUILD\Carbide\NewLibVersion\QBluetooth_selfsigned\QBLUETOOTH_DLL\GCCE\UREL\QBtSerialPortClient.o
LOAD \Symbian\9.2\S60_3rd_FP1\EPOC32\BUILD\Carbide\NewLibVersion\QBluetooth_selfsigned\QBLUETOOTH_DLL\GCCE\UREL\QBtSerialPortClient_symbian.o
LOAD \Symbian\9.2\S60_3rd_FP1\EPOC32\BUILD\Carbide\NewLibVersion\QBluetooth_selfsigned\QBLUETOOTH_DLL\GCCE\UREL\QBtSerialPortServer.o
LOAD \Symbian\9.2\S60_3rd_FP1\EPOC32\BUILD\Carbide\NewLibVersion\QBluetooth_selfsigned\QBLUETOOTH_DLL\GCCE\UREL\QBtSerialPortServer_symbian.o
LOAD \Symbian\9.2\S60_3rd_FP1\EPOC32\BUILD\Carbide\NewLibVersion\QBluetooth_selfsigned\QBLUETOOTH_DLL\GCCE\UREL\QBtSingleDeviceSelectorUI.o
LOAD \Symbian\9.2\S60_3rd_FP1\EPOC32\BUILD\Carbide\NewLibVersion\QBluetooth_selfsigned\QBLUETOOTH_DLL\GCCE\UREL\QBtDeviceDiscoverer.o
LOAD \Symbian\9.2\S60_3rd_FP1\EPOC32\BUILD\Carbide\NewLibVersion\QBluetooth_selfsigned\QBLUETOOTH_DLL\GCCE\UREL\QBtDeviceDiscoverer_symbian.o
LOAD \Symbian\9.2\S60_3rd_FP1\EPOC32\BUILD\Carbide\NewLibVersion\QBluetooth_selfsigned\QBLUETOOTH_DLL\GCCE\UREL\QBtSingleDeviceSelectorUI_symbian.o
LOAD \Symbian\9.2\S60_3rd_FP1\EPOC32\BUILD\Carbide\NewLibVersion\QBluetooth_selfsigned\QBLUETOOTH_DLL\GCCE\UREL\BtDeviceFinderDlg_symbian.o
LOAD \Symbian\9.2\S60_3rd_FP1\EPOC32\BUILD\Carbide\NewLibVersion\QBluetooth_selfsigned\QBLUETOOTH_DLL\GCCE\UREL\QBtLocalDevice.o
LOAD \Symbian\9.2\S60_3rd_FP1\EPOC32\BUILD\Carbide\NewLibVersion\QBluetooth_selfsigned\QBLUETOOTH_DLL\GCCE\UREL\QBtLocalDevice_symbian.o
LOAD \Symbian\9.2\S60_3rd_FP1\EPOC32\BUILD\Carbide\NewLibVersion\QBluetooth_selfsigned\QBLUETOOTH_DLL\GCCE\UREL\QBtServiceAdvertiser.o
LOAD \Symbian\9.2\S60_3rd_FP1\EPOC32\BUILD\Carbide\NewLibVersion\QBluetooth_selfsigned\QBLUETOOTH_DLL\GCCE\UREL\QBtServiceAdvertiser_symbian.o
LOAD \Symbian\9.2\S60_3rd_FP1\EPOC32\BUILD\Carbide\NewLibVersion\QBluetooth_selfsigned\QBLUETOOTH_DLL\GCCE\UREL\QBtServiceDiscoverer.o
LOAD \Symbian\9.2\S60_3rd_FP1\EPOC32\BUILD\Carbide\NewLibVersion\QBluetooth_selfsigned\QBLUETOOTH_DLL\GCCE\UREL\QBtServiceDiscovererForAll.o
LOAD \Symbian\9.2\S60_3rd_FP1\EPOC32\BUILD\Carbide\NewLibVersion\QBluetooth_selfsigned\QBLUETOOTH_DLL\GCCE\UREL\QBtServiceDiscoverer_symbian.o
LOAD \Symbian\9.2\S60_3rd_FP1\EPOC32\RELEASE\ARMV5\UREL\EDLLSTUB.lib
START GROUP
LOAD \Symbian\9.2\S60_3rd_FP1\EPOC32\RELEASE\ARMV5\UREL\usrt2_2.lib
END GROUP
LOAD \Symbian\9.2\S60_3rd_FP1\EPOC32\RELEASE\ARMV5\LIB\bluetooth.dso
LOAD \Symbian\9.2\S60_3rd_FP1\EPOC32\RELEASE\ARMV5\LIB\btextnotifiers.dso
LOAD \Symbian\9.2\S60_3rd_FP1\EPOC32\RELEASE\ARMV5\LIB\sdpdatabase.dso
LOAD \Symbian\9.2\S60_3rd_FP1\EPOC32\RELEASE\ARMV5\LIB\sdpagent.dso
LOAD \Symbian\9.2\S60_3rd_FP1\EPOC32\RELEASE\ARMV5\LIB\irobex.dso
LOAD \Symbian\9.2\S60_3rd_FP1\EPOC32\RELEASE\ARMV5\LIB\efsrv.dso
LOAD \Symbian\9.2\S60_3rd_FP1\EPOC32\RELEASE\ARMV5\LIB\featdiscovery.dso
LOAD \Symbian\9.2\S60_3rd_FP1\EPOC32\RELEASE\ARMV5\LIB\centralrepository.dso
LOAD \Symbian\9.2\S60_3rd_FP1\EPOC32\RELEASE\ARMV5\LIB\bafl.dso
LOAD \Symbian\9.2\S60_3rd_FP1\EPOC32\RELEASE\ARMV5\LIB\eikcore.dso
LOAD \Symbian\9.2\S60_3rd_FP1\EPOC32\RELEASE\ARMV5\LIB\cone.dso
LOAD \Symbian\9.2\S60_3rd_FP1\EPOC32\RELEASE\ARMV5\LIB\btdevice.dso
LOAD \Symbian\9.2\S60_3rd_FP1\EPOC32\RELEASE\ARMV5\LIB\btmanclient.dso
LOAD \Symbian\9.2\S60_3rd_FP1\EPOC32\RELEASE\ARMV5\LIB\esock.dso
LOAD \Symbian\9.2\S60_3rd_FP1\EPOC32\RELEASE\ARMV5\LIB\bteng.dso
LOAD \Symbian\9.2\S60_3rd_FP1\EPOC32\RELEASE\ARMV5\LIB\libstdcpp.dso
LOAD \Symbian\9.2\S60_3rd_FP1\EPOC32\RELEASE\ARMV5\LIB\QtGui.dso
LOAD \Symbian\9.2\S60_3rd_FP1\EPOC32\RELEASE\ARMV5\LIB\QtCore.dso
LOAD \Symbian\9.2\S60_3rd_FP1\EPOC32\RELEASE\ARMV5\LIB\libpthread.dso
LOAD \Symbian\9.2\S60_3rd_FP1\EPOC32\RELEASE\ARMV5\LIB\libc.dso
LOAD \Symbian\9.2\S60_3rd_FP1\EPOC32\RELEASE\ARMV5\LIB\libm.dso
LOAD \Symbian\9.2\S60_3rd_FP1\EPOC32\RELEASE\ARMV5\LIB\euser.dso
LOAD \Symbian\9.2\S60_3rd_FP1\EPOC32\RELEASE\ARMV5\LIB\libdl.dso
LOAD \Symbian\9.2\S60_3rd_FP1\EPOC32\RELEASE\ARMV5\LIB\dfpaeabi.dso
LOAD \Symbian\9.2\S60_3rd_FP1\EPOC32\RELEASE\ARMV5\LIB\dfprvct2_2.dso
LOAD \Symbian\9.2\S60_3rd_FP1\EPOC32\RELEASE\ARMV5\LIB\drtaeabi.dso
LOAD \Symbian\9.2\S60_3rd_FP1\EPOC32\RELEASE\ARMV5\LIB\scppnwdl.dso
LOAD \Symbian\9.2\S60_3rd_FP1\EPOC32\RELEASE\ARMV5\LIB\drtrvct2_2.dso
LOAD C:\Program Files\CSL Arm Toolchain\bin\..\arm-none-symbianelf\lib\libsupc++.a
LOAD C:\Program Files\CSL Arm Toolchain\bin\..\lib\gcc\arm-none-symbianelf\3.4.3\libgcc.a
                0x00008000                . = 0x8000
                0x00008000                PROVIDE (Image$$ER_RO$$Base, .)

.init
 *(.init)

.text           0x00008000    0x14338
 *(.text .stub .text.* .gnu.linkonce.t.*)
 .text          0x00008000       0x28 \Symbian\9.2\S60_3rd_FP1\EPOC32\RELEASE\ARMV5\UREL\EDLL.LIB(uc_dll.o)
                0x00008000                _E32Dll_Body
 .text          0x00008028      0x1d8 \Symbian\9.2\S60_3rd_FP1\EPOC32\BUILD\Carbide\NewLibVersion\QBluetooth_selfsigned\QBLUETOOTH_DLL\GCCE\UREL\moc_QBtDeviceDiscoverer.o
                0x00008034                QBtDeviceDiscoverer::metaObject() const
                0x00008160                QBtDeviceDiscoverer::newDeviceFound(QBtDevice const&)
                0x00008050                QBtDeviceDiscoverer::qt_metacast(char const*)
                0x00008028                QBtDeviceDiscoverer::getStaticMetaObject()
                0x000080a0                QBtDeviceDiscoverer::qt_metacall(QMetaObject::Call, int, void**)
                0x000081c0                QBtDeviceDiscoverer::error(QBtDeviceDiscoverer::DeviceDiscoveryErrors)
                0x00008198                QBtDeviceDiscoverer::discoveryStopped()
                0x000081ac                QBtDeviceDiscoverer::discoveryStarted()
 .text          0x00008200      0x168 \Symbian\9.2\S60_3rd_FP1\EPOC32\BUILD\Carbide\NewLibVersion\QBluetooth_selfsigned\QBLUETOOTH_DLL\GCCE\UREL\moc_QBtSingleDeviceSelectorUI.o
                0x00008228                QBtSingleDeviceSelectorUI::qt_metacast(char const*)
                0x00008308                QBtSingleDeviceSelectorUI::discoveryCompleted(QBtDevice const&)
                0x00008278                QBtSingleDeviceSelectorUI::qt_metacall(QMetaObject::Call, int, void**)
                0x00008354                QBtSingleDeviceSelectorUI::userCanceled()
                0x00008340                QBtSingleDeviceSelectorUI::discoveryStarted()
                0x0000820c                QBtSingleDeviceSelectorUI::metaObject() const
                0x00008200                QBtSingleDeviceSelectorUI::getStaticMetaObject()
 .text          0x00008368      0x240 \Symbian\9.2\S60_3rd_FP1\EPOC32\BUILD\Carbide\NewLibVersion\QBluetooth_selfsigned\QBLUETOOTH_DLL\GCCE\UREL\moc_QBtServiceDiscoverer.o
                0x00008518                QBtServiceDiscoverer::discoveryStopped()
                0x00008568                QBtServiceDiscoverer::error(QBtServiceDiscoverer::ServiceDiscoveryError)
                0x000083e0                QBtServiceDiscoverer::qt_metacall(QMetaObject::Call, int, void**)
                0x00008504                QBtServiceDiscoverer::discoveryStarted()
                0x00008368                QBtServiceDiscoverer::getStaticMetaObject()
                0x0000852c                QBtServiceDiscoverer::newServiceFound(QBtDevice const&, QBtService const&)
                0x00008390                QBtServiceDiscoverer::qt_metacast(char const*)
                0x00008374                QBtServiceDiscoverer::metaObject() const
 .text          0x000085a8      0x34c \Symbian\9.2\S60_3rd_FP1\EPOC32\BUILD\Carbide\NewLibVersion\QBluetooth_selfsigned\QBLUETOOTH_DLL\GCCE\UREL\moc_QBtServiceDiscovererForAll.o
                0x00008824                QBtServiceDiscovererForAll::discoveryEnded()
                0x000085a8                QBtServiceDiscovererForAll::getStaticMetaObject()
                0x000085b4                QBtServiceDiscovererForAll::metaObject() const
                0x00008620                QBtServiceDiscovererForAll::qt_metacall(QMetaObject::Call, int, void**)
                0x00008810                QBtServiceDiscovererForAll::discoveryStarted()
                0x00008870                QBtServiceDiscovererForAll::serviceDiscoveyError(QBtDevice const&, QBtServiceDiscoverer::ServiceDiscoveryError)
                0x00008838                QBtServiceDiscovererForAll::newDeviceFound(QBtDevice const&)
                0x000088b4                QBtServiceDiscovererForAll::deviceDiscoveryError(QBtDeviceDiscoverer::DeviceDiscoveryErrors)
                0x000085d0                QBtServiceDiscovererForAll::qt_metacast(char const*)
 .text          0x000088f4      0x194 \Symbian\9.2\S60_3rd_FP1\EPOC32\BUILD\Carbide\NewLibVersion\QBluetooth_selfsigned\QBLUETOOTH_DLL\GCCE\UREL\moc_QBtServiceAdvertiser.o
                0x00008900                QBtServiceAdvertiser::metaObject() const
                0x00008a48                QBtServiceAdvertiser::error(QBtServiceAdvertiser::ErrorCodes)
                0x000088f4                QBtServiceAdvertiser::getStaticMetaObject()
                0x000089fc                QBtServiceAdvertiser::advertisingStarted(QBtService const&)
                0x00008a34                QBtServiceAdvertiser::advertisingStopped()
                0x0000896c                QBtServiceAdvertiser::qt_metacall(QMetaObject::Call, int, void**)
                0x0000891c                QBtServiceAdvertiser::qt_metacast(char const*)
 .text          0x00008a88      0x30c \Symbian\9.2\S60_3rd_FP1\EPOC32\BUILD\Carbide\NewLibVersion\QBluetooth_selfsigned\QBLUETOOTH_DLL\GCCE\UREL\moc_QBtSerialPortServer.o
                0x00008cf4                QBtSerialPortServer::clientDisconnected()
                0x00008d08                QBtSerialPortServer::dataSent()
                0x00008ca8                QBtSerialPortServer::serverStopped()
                0x00008c94                QBtSerialPortServer::serverStarted()
                0x00008b00                QBtSerialPortServer::qt_metacall(QMetaObject::Call, int, void**)
                0x00008ab0                QBtSerialPortServer::qt_metacast(char const*)
                0x00008a88                QBtSerialPortServer::getStaticMetaObject()
                0x00008d1c                QBtSerialPortServer::dataReceived(QString const&)
                0x00008d54                QBtSerialPortServer::error(QBtSerialPortServer::ErrorCode)
                0x00008a94                QBtSerialPortServer::metaObject() const
                0x00008cbc                QBtSerialPortServer::clientConnected(QBtAddress const&)
 .text          0x00008d94      0x25c \Symbian\9.2\S60_3rd_FP1\EPOC32\BUILD\Carbide\NewLibVersion\QBluetooth_selfsigned\QBLUETOOTH_DLL\GCCE\UREL\moc_QBtSerialPortClient.o
                0x00008f78                QBtSerialPortClient::dataReceived(QString const&)
                0x00008f50                QBtSerialPortClient::connectedToServer()
                0x00008f28                QBtSerialPortClient::disconnectedFromServer()
                0x00008d94                QBtSerialPortClient::getStaticMetaObject()
                0x00008da0                QBtSerialPortClient::metaObject() const
                0x00008fb0                QBtSerialPortClient::error(QBtSerialPortClient::ErrorCode)
                0x00008dbc                QBtSerialPortClient::qt_metacast(char const*)
                0x00008f3c                QBtSerialPortClient::connectionResetByPeer()
                0x00008f64                QBtSerialPortClient::dataSent()
                0x00008e0c                QBtSerialPortClient::qt_metacall(QMetaObject::Call, int, void**)
 .text          0x00008ff0      0x28c \Symbian\9.2\S60_3rd_FP1\EPOC32\BUILD\Carbide\NewLibVersion\QBluetooth_selfsigned\QBLUETOOTH_DLL\GCCE\UREL\moc_QBtObjectExchangeClient.o
                0x000091c0                QBtObjectExchangeClient::objectSent()
                0x00009018                QBtObjectExchangeClient::qt_metacast(char const*)
                0x00009198                QBtObjectExchangeClient::connectedToServer()
                0x00008ff0                QBtObjectExchangeClient::getStaticMetaObject()
                0x0000920c                QBtObjectExchangeClient::dataReceived(QByteArray const&)
                0x00009158                QBtObjectExchangeClient::error(QBtObjectExchangeClient::ErrorCode)
                0x00009244                QBtObjectExchangeClient::remotePathSet(QString const&)
                0x000091d4                QBtObjectExchangeClient::fileReceived(QString const&)
                0x000091ac                QBtObjectExchangeClient::disconnectedFromServer()
                0x00009068                QBtObjectExchangeClient::qt_metacall(QMetaObject::Call, int, void**)
                0x00008ffc                QBtObjectExchangeClient::metaObject() const
 .text          0x0000927c       0x8c \Symbian\9.2\S60_3rd_FP1\EPOC32\BUILD\Carbide\NewLibVersion\QBluetooth_selfsigned\QBLUETOOTH_DLL\GCCE\UREL\moc_QBtLocalDevice.o
                0x00009288                QBtLocalDevice::metaObject() const
                0x0000927c                QBtLocalDevice::getStaticMetaObject()
                0x000092f4                QBtLocalDevice::qt_metacall(QMetaObject::Call, int, void**)
                0x000092a4                QBtLocalDevice::qt_metacast(char const*)
 .text._ZN14QBtLocalDeviceD1Ev
                0x00009308       0x2c \Symbian\9.2\S60_3rd_FP1\EPOC32\BUILD\Carbide\NewLibVersion\QBluetooth_selfsigned\QBLUETOOTH_DLL\GCCE\UREL\moc_QBtLocalDevice.o
                0x00009308                QBtLocalDevice::~QBtLocalDevice()
 .text._ZN14QBtLocalDeviceD0Ev
                0x00009334       0x34 \Symbian\9.2\S60_3rd_FP1\EPOC32\BUILD\Carbide\NewLibVersion\QBluetooth_selfsigned\QBLUETOOTH_DLL\GCCE\UREL\moc_QBtLocalDevice.o
                0x00009334                QBtLocalDevice::~QBtLocalDevice()
 .text          0x00009368      0x444 \Symbian\9.2\S60_3rd_FP1\EPOC32\BUILD\Carbide\NewLibVersion\QBluetooth_selfsigned\QBLUETOOTH_DLL\GCCE\UREL\moc_QBtObjectExchangeServer.o
                0x000095f0                QBtObjectExchangeServer::error(QBtObjectExchangeServer::ErrorCode)
                0x00009630                QBtObjectExchangeServer::receivingObjectInfo(int, int)
                0x000095dc                QBtObjectExchangeServer::serverStopped()
                0x00009390                QBtObjectExchangeServer::qt_metacast(char const*)
                0x00009728                QBtObjectExchangeServer::transmittingStarted(QString const&)
                0x000096c8                QBtObjectExchangeServer::transmittingRejected()
                0x0000967c                QBtObjectExchangeServer::receivingStarted()
                0x000096dc                QBtObjectExchangeServer::transmittingObjectInfo(int, int)
                0x000093e0                QBtObjectExchangeServer::qt_metacall(QMetaObject::Call, int, void**)
                0x000095c8                QBtObjectExchangeServer::serverStarted()
                0x00009368                QBtObjectExchangeServer::getStaticMetaObject()
                0x00009690                QBtObjectExchangeServer::receivingStopped(QString const&)
                0x00009798                QBtObjectExchangeServer::clientAbortedTransmittion()
                0x00009374                QBtObjectExchangeServer::metaObject() const
                0x00009760                QBtObjectExchangeServer::transmittingStopped(QString const&)
 .text          0x000097ac      0x3b4 \Symbian\9.2\S60_3rd_FP1\EPOC32\BUILD\Carbide\NewLibVersion\QBluetooth_selfsigned\QBLUETOOTH_DLL\GCCE\UREL\QBtService.o
                0x000099c8                QBtService::getClass() const
                0x00009b10                QBtService::addProtocol(QBtUuid const&)
                0x00009a20                QBtService::getDescription() const
                0x00009a4c                QBtService::getPort() const
                0x00009a90                QBtService::setProtocols(QList<QBtUuid> const&)
                0x00009a80                QBtService::setPort(unsigned int)
                0x00009a54                QBtService::getHandle() const
                0x00009894                QBtService::QBtService()
                0x000099f4                QBtService::getName() const
                0x000097ac                QBtService::QBtService()
                0x00009a70                QBtService::setName(QString const&)
                0x00009a78                QBtService::setDescription(QString const&)
                0x00009a5c                QBtService::setClass(QBtUuid const&)
                0x00009a88                QBtService::setHandle(unsigned int)
                0x0000997c                QBtService::getProtocols() const
                0x00009b48                QBtService::removeProtocol(QBtUuid const&)
 .text._ZNK5QListI7QBtUuidE7indexOfERKS0_i
                0x00009b60       0xd0 \Symbian\9.2\S60_3rd_FP1\EPOC32\BUILD\Carbide\NewLibVersion\QBluetooth_selfsigned\QBLUETOOTH_DLL\GCCE\UREL\QBtService.o
                0x00009b60                QList<QBtUuid>::indexOf(QBtUuid const&, int) const
 .text._ZN5QListI7QBtUuidE9removeOneERKS0_
                0x00009c30       0x6c \Symbian\9.2\S60_3rd_FP1\EPOC32\BUILD\Carbide\NewLibVersion\QBluetooth_selfsigned\QBLUETOOTH_DLL\GCCE\UREL\QBtService.o
                0x00009c30                QList<QBtUuid>::removeOne(QBtUuid const&)
 .text._ZN5QListI7QBtUuidE13detach_helperEv
                0x00009c9c        0xc \Symbian\9.2\S60_3rd_FP1\EPOC32\BUILD\Carbide\NewLibVersion\QBluetooth_selfsigned\QBLUETOOTH_DLL\GCCE\UREL\QBtService.o
                0x00009c9c                QList<QBtUuid>::detach_helper()
 .text._ZN5QListI7QBtUuidE13detach_helperEi
                0x00009ca8       0x98 \Symbian\9.2\S60_3rd_FP1\EPOC32\BUILD\Carbide\NewLibVersion\QBluetooth_selfsigned\QBLUETOOTH_DLL\GCCE\UREL\QBtService.o
                0x00009ca8                QList<QBtUuid>::detach_helper(int)
 .text._ZN5QListI7QBtUuidEC1Ev
                0x00009d40       0x30 \Symbian\9.2\S60_3rd_FP1\EPOC32\BUILD\Carbide\NewLibVersion\QBluetooth_selfsigned\QBLUETOOTH_DLL\GCCE\UREL\QBtService.o
                0x00009d40                QList<QBtUuid>::QList()
 .text._ZN5QListI7QBtUuidED1Ev
                0x00009d70       0x44 \Symbian\9.2\S60_3rd_FP1\EPOC32\BUILD\Carbide\NewLibVersion\QBluetooth_selfsigned\QBLUETOOTH_DLL\GCCE\UREL\QBtService.o
                0x00009d70                QList<QBtUuid>::~QList()
 .text._ZN5QListI7QBtUuidE5clearEv
                0x00009db4       0xa0 \Symbian\9.2\S60_3rd_FP1\EPOC32\BUILD\Carbide\NewLibVersion\QBluetooth_selfsigned\QBLUETOOTH_DLL\GCCE\UREL\QBtService.o
                0x00009db4                QList<QBtUuid>::clear()
 .text._ZN5QListI7QBtUuidE4freeEPN9QListData4DataE
                0x00009e54       0x80 \Symbian\9.2\S60_3rd_FP1\EPOC32\BUILD\Carbide\NewLibVersion\QBluetooth_selfsigned\QBLUETOOTH_DLL\GCCE\UREL\QBtService.o
                0x00009e54                QList<QBtUuid>::free(QListData::Data*)
 .text._ZN5QListI7QBtUuidE6appendERKS0_
                0x00009ed4       0xa4 \Symbian\9.2\S60_3rd_FP1\EPOC32\BUILD\Carbide\NewLibVersion\QBluetooth_selfsigned\QBLUETOOTH_DLL\GCCE\UREL\QBtService.o
                0x00009ed4                QList<QBtUuid>::append(QBtUuid const&)
 .text._ZN5QListI7QBtUuidE18detach_helper_growEii
                0x00009f78      0x15c \Symbian\9.2\S60_3rd_FP1\EPOC32\BUILD\Carbide\NewLibVersion\QBluetooth_selfsigned\QBLUETOOTH_DLL\GCCE\UREL\QBtService.o
                0x00009f78                QList<QBtUuid>::detach_helper_grow(int, int)
 .text._ZN5QListI7QBtUuidE9node_copyEPNS1_4NodeES3_S3_
                0x0000a0d4       0xc4 \Symbian\9.2\S60_3rd_FP1\EPOC32\BUILD\Carbide\NewLibVersion\QBluetooth_selfsigned\QBLUETOOTH_DLL\GCCE\UREL\QBtService.o
                0x0000a0d4                QList<QBtUuid>::node_copy(QList<QBtUuid>::Node*, QList<QBtUuid>::Node*, QList<QBtUuid>::Node*)
 .text._ZN5QListI7QBtUuidE8removeAtEi
                0x0000a198       0x70 \Symbian\9.2\S60_3rd_FP1\EPOC32\BUILD\Carbide\NewLibVersion\QBluetooth_selfsigned\QBLUETOOTH_DLL\GCCE\UREL\QBtService.o
                0x0000a198                QList<QBtUuid>::removeAt(int)
 .text._ZN5QListI7QBtUuidE14node_constructEPNS1_4NodeERKS0_
                0x0000a208       0x58 \Symbian\9.2\S60_3rd_FP1\EPOC32\BUILD\Carbide\NewLibVersion\QBluetooth_selfsigned\QBLUETOOTH_DLL\GCCE\UREL\QBtService.o
                0x0000a208                QList<QBtUuid>::node_construct(QList<QBtUuid>::Node*, QBtUuid const&)
 .text._ZN5QListI7QBtUuidE13node_destructEPNS1_4NodeE
                0x0000a260       0x44 \Symbian\9.2\S60_3rd_FP1\EPOC32\BUILD\Carbide\NewLibVersion\QBluetooth_selfsigned\QBLUETOOTH_DLL\GCCE\UREL\QBtService.o
                0x0000a260                QList<QBtUuid>::node_destruct(QList<QBtUuid>::Node*)
 .text          0x0000a2a4     0x1274 \Symbian\9.2\S60_3rd_FP1\EPOC32\BUILD\Carbide\NewLibVersion\QBluetooth_selfsigned\QBLUETOOTH_DLL\GCCE\UREL\QBtAddress.o
                0x0000a314                QBtAddress::QBtAddress(QString const&)
                0x0000aed4                QBtAddress::~QBtAddress()
                0x0000a62c                QBtAddress::QBtAddress(QByteArray const&)
                0x0000b334                QBtAddress::operator!=(QBtAddress const&)
                0x0000a2a4                QBtAddress::QBtAddress()
                0x0000af10                QBtAddress::~QBtAddress()
                0x0000af80                QBtAddress::toByteArray() const
                0x0000aab4                QBtAddress::QBtAddress(TBTDevAddr const&)
                0x0000b4a0                QBtAddress::convertToSymbianBtDevAddr()
                0x0000af4c                QBtAddress::isValid() const
                0x0000a4a0                QBtAddress::QBtAddress(QString const&)
                0x0000af54                QBtAddress::toString() const
                0x0000acb4                QBtAddress::getAddressFromReversedArray(QByteArray const&)
                0x0000a2dc                QBtAddress::QBtAddress()
                0x0000b3bc                QBtAddress::operator==(QBtAddress const&)
                0x0000a870                QBtAddress::QBtAddress(QByteArray const&)
                0x0000abb4                QBtAddress::QBtAddress(TBTDevAddr const&)
                0x0000b108                QBtAddress::toReversedByteArray() const
                0x0000b3d8                QBtAddress::operator<(QBtAddress const&)
 .text._ZN7QStringD1Ev
                0x0000b518       0x3c \Symbian\9.2\S60_3rd_FP1\EPOC32\BUILD\Carbide\NewLibVersion\QBluetooth_selfsigned\QBLUETOOTH_DLL\GCCE\UREL\QBtAddress.o
                0x0000b518                QString::~QString()
 .text          0x0000b554      0x7c4 \Symbian\9.2\S60_3rd_FP1\EPOC32\BUILD\Carbide\NewLibVersion\QBluetooth_selfsigned\QBLUETOOTH_DLL\GCCE\UREL\QBtDevice.o
                0x0000bb38                QBtDevice::setType(QBtDevice::DeviceMajor)
                0x0000bbe4                QBtDevice::getTypeAsString() const
                0x0000b9f4                QBtDevice::~QBtDevice()
                0x0000ba7c                QBtDevice::~QBtDevice()
                0x0000b600                QBtDevice::QBtDevice()
                0x0000bb40                QBtDevice::setSupportedServices(QList<QBtService> const&)
                0x0000b944                QBtDevice::QBtDevice(QString const&, QBtAddress const&, QBtDevice::DeviceMajor)
                0x0000bb10                QBtDevice::setAddress(QBtAddress const&)
                0x0000bbdc                QBtDevice::getType() const
                0x0000bb0c                QBtDevice::setName(QString const&)
                0x0000b894                QBtDevice::QBtDevice(QString const&, QBtAddress const&, QBtDevice::DeviceMajor)
                0x0000bb04                QBtDevice::addNewService(QBtService const&)
                0x0000bd10                QBtDevice::getSupportedServices() const
                0x0000b554                QBtDevice::QBtDevice()
                0x0000b6ac                QBtDevice::QBtDevice(QBtDevice const&)
                0x0000b7a0                QBtDevice::QBtDevice(QBtDevice const&)
                0x0000bb7c                QBtDevice::getName() const
                0x0000bb74                QBtDevice::serviceListUpdated() const
                0x0000bba8                QBtDevice::getAddress() const
 .text._ZN5QListI10QBtServiceE6appendERKS0_
                0x0000bd18       0xa4 \Symbian\9.2\S60_3rd_FP1\EPOC32\BUILD\Carbide\NewLibVersion\QBluetooth_selfsigned\QBLUETOOTH_DLL\GCCE\UREL\QBtDevice.o
                0x0000bd18                QList<QBtService>::append(QBtService const&)
 .text._ZN5QListI10QBtServiceE18detach_helper_growEii
                0x0000bdbc      0x12c \Symbian\9.2\S60_3rd_FP1\EPOC32\BUILD\Carbide\NewLibVersion\QBluetooth_selfsigned\QBLUETOOTH_DLL\GCCE\UREL\QBtDevice.o
                0x0000bdbc                QList<QBtService>::detach_helper_grow(int, int)
 .text._ZN5QListI10QBtServiceE5clearEv
                0x0000bee8       0x5c \Symbian\9.2\S60_3rd_FP1\EPOC32\BUILD\Carbide\NewLibVersion\QBluetooth_selfsigned\QBLUETOOTH_DLL\GCCE\UREL\QBtDevice.o
                0x0000bee8                QList<QBtService>::clear()
 .text._ZN5QListI10QBtServiceEC1Ev
                0x0000bf44       0x30 \Symbian\9.2\S60_3rd_FP1\EPOC32\BUILD\Carbide\NewLibVersion\QBluetooth_selfsigned\QBLUETOOTH_DLL\GCCE\UREL\QBtDevice.o
                0x0000bf44                QList<QBtService>::QList()
 .text._ZN5QListI10QBtServiceED1Ev
                0x0000bf74       0x44 \Symbian\9.2\S60_3rd_FP1\EPOC32\BUILD\Carbide\NewLibVersion\QBluetooth_selfsigned\QBLUETOOTH_DLL\GCCE\UREL\QBtDevice.o
                0x0000bf74                QList<QBtService>::~QList()
 .text._ZN5QListI10QBtServiceEaSERKS1_
                0x0000bfb8       0x80 \Symbian\9.2\S60_3rd_FP1\EPOC32\BUILD\Carbide\NewLibVersion\QBluetooth_selfsigned\QBLUETOOTH_DLL\GCCE\UREL\QBtDevice.o
                0x0000bfb8                QList<QBtService>::operator=(QList<QBtService> const&)
 .text._ZN5QListI10QBtServiceE9node_copyEPNS1_4NodeES3_S3_
                0x0000c038      0x1e8 \Symbian\9.2\S60_3rd_FP1\EPOC32\BUILD\Carbide\NewLibVersion\QBluetooth_selfsigned\QBLUETOOTH_DLL\GCCE\UREL\QBtDevice.o
                0x0000c038                QList<QBtService>::node_copy(QList<QBtService>::Node*, QList<QBtService>::Node*, QList<QBtService>::Node*)
 .text._ZN5QListI10QBtServiceE13node_destructEPNS1_4NodeES3_
                0x0000c220       0xf8 \Symbian\9.2\S60_3rd_FP1\EPOC32\BUILD\Carbide\NewLibVersion\QBluetooth_selfsigned\QBLUETOOTH_DLL\GCCE\UREL\QBtDevice.o
                0x0000c220                QList<QBtService>::node_destruct(QList<QBtService>::Node*, QList<QBtService>::Node*)
 .text._ZN5QListI10QBtServiceE4freeEPN9QListData4DataE
                0x0000c318      0x114 \Symbian\9.2\S60_3rd_FP1\EPOC32\BUILD\Carbide\NewLibVersion\QBluetooth_selfsigned\QBLUETOOTH_DLL\GCCE\UREL\QBtDevice.o
                0x0000c318                QList<QBtService>::free(QListData::Data*)
 .text._ZN5QListI10QBtServiceE14node_constructEPNS1_4NodeERKS0_
                0x0000c42c       0xe0 \Symbian\9.2\S60_3rd_FP1\EPOC32\BUILD\Carbide\NewLibVersion\QBluetooth_selfsigned\QBLUETOOTH_DLL\GCCE\UREL\QBtDevice.o
                0x0000c42c                QList<QBtService>::node_construct(QList<QBtService>::Node*, QBtService const&)
 .text._ZN5QListI10QBtServiceE13detach_helperEv
                0x0000c50c        0xc \Symbian\9.2\S60_3rd_FP1\EPOC32\BUILD\Carbide\NewLibVersion\QBluetooth_selfsigned\QBLUETOOTH_DLL\GCCE\UREL\QBtDevice.o
                0x0000c50c                QList<QBtService>::detach_helper()
 .text._ZN5QListI10QBtServiceE13detach_helperEi
                0x0000c518       0x98 \Symbian\9.2\S60_3rd_FP1\EPOC32\BUILD\Carbide\NewLibVersion\QBluetooth_selfsigned\QBLUETOOTH_DLL\GCCE\UREL\QBtDevice.o
                0x0000c518                QList<QBtService>::detach_helper(int)
 .text._ZN5QListI7QBtUuidEC1ERKS1_
                0x0000c5b0       0x4c \Symbian\9.2\S60_3rd_FP1\EPOC32\BUILD\Carbide\NewLibVersion\QBluetooth_selfsigned\QBLUETOOTH_DLL\GCCE\UREL\QBtDevice.o
                0x0000c5b0                QList<QBtUuid>::QList(QList<QBtUuid> const&)
 .text          0x0000c5fc      0x9b0 \Symbian\9.2\S60_3rd_FP1\EPOC32\BUILD\Carbide\NewLibVersion\QBluetooth_selfsigned\QBLUETOOTH_DLL\GCCE\UREL\QBtUuid.o
                0x0000ca00                QBtUuid::set(QString const&)
                0x0000c698                QBtUuid::QBtUuid()
                0x0000cee8                QBtUuid::isFull() const
                0x0000cf00                QBtUuid::isNull() const
                0x0000c860                QBtUuid::QBtUuid(QString const&)
                0x0000cb94                QBtUuid::get() const
                0x0000cf90                QBtUuid::operator!=(QBtUuid const&) const
                0x0000c5fc                QBtUuid::QBtUuid()
                0x0000cf7c                QBtUuid::operator==(QBtUuid const&) const
                0x0000c8c4                QBtUuid::set(unsigned int)
                0x0000cf14                QBtUuid::clear()
                0x0000c798                QBtUuid::QBtUuid(unsigned int)
                0x0000c7fc                QBtUuid::QBtUuid(QString const&)
                0x0000c734                QBtUuid::QBtUuid(unsigned int)
                0x0000cebc                QBtUuid::toString() const
                0x0000cbdc                QBtUuid::get(unsigned int&, unsigned int&, unsigned int&, unsigned int&) const
 .text._ZN7QStringC1Ev
                0x0000cfac       0x30 \Symbian\9.2\S60_3rd_FP1\EPOC32\BUILD\Carbide\NewLibVersion\QBluetooth_selfsigned\QBLUETOOTH_DLL\GCCE\UREL\QBtUuid.o
                0x0000cfac                QString::QString()
 .text._ZN5QListI7QStringED2Ev
                0x0000cfdc       0x44 \Symbian\9.2\S60_3rd_FP1\EPOC32\BUILD\Carbide\NewLibVersion\QBluetooth_selfsigned\QBLUETOOTH_DLL\GCCE\UREL\QBtUuid.o
                0x0000cfdc                QList<QString>::~QList()
 .text._ZN5QListI7QStringE4freeEPN9QListData4DataE
                0x0000d020       0x6c \Symbian\9.2\S60_3rd_FP1\EPOC32\BUILD\Carbide\NewLibVersion\QBluetooth_selfsigned\QBLUETOOTH_DLL\GCCE\UREL\QBtUuid.o
                0x0000d020                QList<QString>::free(QListData::Data*)
 .text          0x0000d08c      0x2ec \Symbian\9.2\S60_3rd_FP1\EPOC32\BUILD\Carbide\NewLibVersion\QBluetooth_selfsigned\QBLUETOOTH_DLL\GCCE\UREL\QBtObjectExchangeClient.o
                0x0000d2e8                QBtObjectExchangeClient::abort()
                0x0000d2f8                GetTransmittingService()
                0x0000d2f0                QBtObjectExchangeClient::setPath(QString const&)
                0x0000d228                QBtObjectExchangeClient::~QBtObjectExchangeClient()
                0x0000d2c8                QBtObjectExchangeClient::getFile(QString const&, QString const&)
                0x0000d26c                QBtObjectExchangeClient::~QBtObjectExchangeClient()
                0x0000d2d0                QBtObjectExchangeClient::getByteBuffer(QString const&)
                0x0000d2e0                QBtObjectExchangeClient::putByteBuffer(QByteArray const&, QString const&)
                0x0000d318                GetServerDevice()
                0x0000d08c                QBtObjectExchangeClient::QBtObjectExchangeClient(QObject*)
                0x0000d2b8                QBtObjectExchangeClient::connectToServer(QBtDevice const&, QBtService const&)
                0x0000d2d8                QBtObjectExchangeClient::putFile(QString const&)
                0x0000d2c0                QBtObjectExchangeClient::disconnect()
                0x0000d358                QBtObjectExchangeClient::isConnected() const
                0x0000d1e4                QBtObjectExchangeClient::~QBtObjectExchangeClient()
                0x0000d338                QBtObjectExchangeClient::isBusy() const
                0x0000d138                QBtObjectExchangeClient::QBtObjectExchangeClient(QObject*)
 .text._Z10SafeDeleteI30QBtObjectExchangeClientPrivateEvRPT_
                0x0000d378       0x38 \Symbian\9.2\S60_3rd_FP1\EPOC32\BUILD\Carbide\NewLibVersion\QBluetooth_selfsigned\QBLUETOOTH_DLL\GCCE\UREL\QBtObjectExchangeClient.o
                0x0000d378                void SafeDelete<QBtObjectExchangeClientPrivate>(QBtObjectExchangeClientPrivate*&)
 .text          0x0000d3b0     0x105c \Symbian\9.2\S60_3rd_FP1\EPOC32\BUILD\Carbide\NewLibVersion\QBluetooth_selfsigned\QBLUETOOTH_DLL\GCCE\UREL\QBtObjectExchangeClient_symbian.o
                0x0000d4cc                QBtObjectExchangeClientPrivate::QBtObjectExchangeClientPrivate(QBtObjectExchangeClient*)
                0x0000d9f4                QBtObjectExchangeClientPrivate::HandleObjectReceived()
                0x0000d414                QBtObjectExchangeClientPrivate::QBtObjectExchangeClientPrivate(QBtObjectExchangeClient*)
                0x0000db4c                QBtObjectExchangeClientPrivate::ConnectToServer(QBtDevice const&, QBtService const&)
                0x0000d968                QBtObjectExchangeClientPrivate::HandleObjectSent()
                0x0000dad4                QBtObjectExchangeClientPrivate::HandleDisconnection()
                0x0000deec                QBtObjectExchangeClientPrivate::SetPath(QString const&)
                0x0000db34                QBtObjectExchangeClientPrivate::HandleBrowsingFinsished()
                0x0000e01c                QBtObjectExchangeClientPrivate::CheckServiceAvailability()
                0x0000ded4                QBtObjectExchangeClientPrivate::IsConnected()
                0x0000d758                QBtObjectExchangeClientPrivate::DoCancel()
                0x0000e1dc                QBtObjectExchangeClientPrivate::GetFile(QString const&, QString const&)
                0x0000d584                QBtObjectExchangeClientPrivate::~QBtObjectExchangeClientPrivate()
                0x0000d754                QBtObjectExchangeClientPrivate::ConstructL()
                0x0000db40                QBtObjectExchangeClientPrivate::HandleSettingPathCompletion()
                0x0000d3b0                QBtObjectExchangeClientPrivate::NewL(QBtObjectExchangeClient*)
                0x0000dec8                QBtObjectExchangeClientPrivate::IsBusy()
                0x0000d908                QBtObjectExchangeClientPrivate::HandleServerConnection()
                0x0000de70                QBtObjectExchangeClientPrivate::Disconnect()
                0x0000dc58                QBtObjectExchangeClientPrivate::SendFile(QString const&)
                0x0000d61c                QBtObjectExchangeClientPrivate::~QBtObjectExchangeClientPrivate()
                0x0000d75c                QBtObjectExchangeClientPrivate::RunL()
                0x0000d6b4                QBtObjectExchangeClientPrivate::~QBtObjectExchangeClientPrivate()
                0x0000de30                QBtObjectExchangeClientPrivate::Abort()
                0x0000e0e4                QBtObjectExchangeClientPrivate::SendData(QByteArray const&, QString const&)
                0x0000e35c                QBtObjectExchangeClientPrivate::GetByteBuffer(QString const&)
                0x0000d3d4                QBtObjectExchangeClientPrivate::NewLC(QBtObjectExchangeClient*)
 .text._Z10SafeDeleteI15CObexBaseObjectEvRPT_
                0x0000e40c       0x38 \Symbian\9.2\S60_3rd_FP1\EPOC32\BUILD\Carbide\NewLibVersion\QBluetooth_selfsigned\QBLUETOOTH_DLL\GCCE\UREL\QBtObjectExchangeClient_symbian.o
                0x0000e40c                void SafeDelete<CObexBaseObject>(CObexBaseObject*&)
 .text._Z10SafeDeleteI11CObexClientEvRPT_
                0x0000e444       0x38 \Symbian\9.2\S60_3rd_FP1\EPOC32\BUILD\Carbide\NewLibVersion\QBluetooth_selfsigned\QBLUETOOTH_DLL\GCCE\UREL\QBtObjectExchangeClient_symbian.o
                0x0000e444                void SafeDelete<CObexClient>(CObexClient*&)
 .text._Z10SafeDeleteI8CBufBaseEvRPT_
                0x0000e47c       0x38 \Symbian\9.2\S60_3rd_FP1\EPOC32\BUILD\Carbide\NewLibVersion\QBluetooth_selfsigned\QBLUETOOTH_DLL\GCCE\UREL\QBtObjectExchangeClient_symbian.o
                0x0000e47c                void SafeDelete<CBufBase>(CBufBase*&)
 .text._ZN4TBufILi255EEaSERK7TDesC16
                0x0000e4b4       0x20 \Symbian\9.2\S60_3rd_FP1\EPOC32\BUILD\Carbide\NewLibVersion\QBluetooth_selfsigned\QBLUETOOTH_DLL\GCCE\UREL\QBtObjectExchangeClient_symbian.o
                0x0000e4b4                TBuf<255>::operator=(TDesC16 const&)
 .text          0x0000e4d4      0x7a0 \Symbian\9.2\S60_3rd_FP1\EPOC32\BUILD\Carbide\NewLibVersion\QBluetooth_selfsigned\QBLUETOOTH_DLL\GCCE\UREL\QBtObjectExchangeServer.o
                0x0000ebd0                QBtObjectExchangeServer::startAdvertisingService(QBtService const&)
                0x0000e74c                QBtObjectExchangeServer::~QBtObjectExchangeServer()
                0x0000e644                QBtObjectExchangeServer::~QBtObjectExchangeServer()
                0x0000ec24                QBtObjectExchangeServer::stopAdvertisingService()
                0x0000e948                QBtObjectExchangeServer::getTransmittingServiceInfo()
                0x0000e6c8                QBtObjectExchangeServer::~QBtObjectExchangeServer()
                0x0000ea18                QBtObjectExchangeServer::setTransmittingService(QBtService const&)
                0x0000e58c                QBtObjectExchangeServer::QBtObjectExchangeServer(QObject*)
                0x0000e4d4                QBtObjectExchangeServer::QBtObjectExchangeServer(QObject*)
                0x0000e920                QBtObjectExchangeServer::stopServer()
                0x0000e7d8                QBtObjectExchangeServer::startServer(QBtUuid const&, QString const&)
                0x0000e928                QBtObjectExchangeServer::isConnected()
 .text._Z10SafeDeleteI10QBtServiceEvRPT_
                0x0000ec74       0xe4 \Symbian\9.2\S60_3rd_FP1\EPOC32\BUILD\Carbide\NewLibVersion\QBluetooth_selfsigned\QBLUETOOTH_DLL\GCCE\UREL\QBtObjectExchangeServer.o
                0x0000ec74                void SafeDelete<QBtService>(QBtService*&)
 .text._Z10SafeDeleteI30QBtObjectExchangeServerPrivateEvRPT_
                0x0000ed58       0x38 \Symbian\9.2\S60_3rd_FP1\EPOC32\BUILD\Carbide\NewLibVersion\QBluetooth_selfsigned\QBLUETOOTH_DLL\GCCE\UREL\QBtObjectExchangeServer.o
                0x0000ed58                void SafeDelete<QBtObjectExchangeServerPrivate>(QBtObjectExchangeServerPrivate*&)
 .text          0x0000ed90     0x149c \Symbian\9.2\S60_3rd_FP1\EPOC32\BUILD\Carbide\NewLibVersion\QBluetooth_selfsigned\QBLUETOOTH_DLL\GCCE\UREL\QBtObjectExchangeServer_symbian.o
                0x0000efb8                QBtObjectExchangeServerPrivate::~QBtObjectExchangeServerPrivate()
                0x0000ed90                QBtObjectExchangeServerPrivate::NewL(QBtObjectExchangeServer*)
                0x0000f5a0                QBtObjectExchangeServerPrivate::StartServer()
                0x0000ef10                QBtObjectExchangeServerPrivate::ConstructL()
                0x0000f198                QBtObjectExchangeServerPrivate::~QBtObjectExchangeServerPrivate()
                0x0000f6d4                QBtObjectExchangeServerPrivate::Disconnect()
                0x0000edb4                QBtObjectExchangeServerPrivate::NewLC(QBtObjectExchangeServer*)
                0x0000f290                QBtObjectExchangeServerPrivate::InitialiseServerL()
                0x0000f8a8                QBtObjectExchangeServerPrivate::TransportDownIndication()
                0x0000f9cc                QBtObjectExchangeServerPrivate::ObexDisconnectIndication(TDesC8 const&)
                0x0000ee80                QBtObjectExchangeServerPrivate::QBtObjectExchangeServerPrivate(QBtObjectExchangeServer*)
                0x00010040                QBtObjectExchangeServerPrivate::SetPathIndication(CObex::TSetPathInfo const&, TDesC8 const&)
                0x0000f720                QBtObjectExchangeServerPrivate::SetSecurityWithChannelL(int, int, int, int)
                0x0000ff00                QBtObjectExchangeServerPrivate::GetPacketIndication()
                0x0000f8a4                QBtObjectExchangeServerPrivate::TransportUpIndication()
                0x0000f7fc                QBtObjectExchangeServerPrivate::IsConnected()
                0x0000fb40                QBtObjectExchangeServerPrivate::PutCompleteIndication()
                0x0000ff34                QBtObjectExchangeServerPrivate::GetCompleteIndication()
                0x0000f0a8                QBtObjectExchangeServerPrivate::~QBtObjectExchangeServerPrivate()
                0x0000f818                QBtObjectExchangeServerPrivate::GetCurrentWorkingDirectory()
                0x0000fcac                QBtObjectExchangeServerPrivate::GetRequestIndication(CObexBaseObject*)
                0x0000fb0c                QBtObjectExchangeServerPrivate::PutPacketIndication()
                0x0000f844                QBtObjectExchangeServerPrivate::ErrorIndication(int)
                0x0000f9d4                QBtObjectExchangeServerPrivate::PutRequestIndication()
                0x0000f80c                QBtObjectExchangeServerPrivate::SetListeningQueueSize(int)
                0x000101c4                QBtObjectExchangeServerPrivate::AbortIndication()
                0x0000f9b0                QBtObjectExchangeServerPrivate::ObexConnectIndication(TObexConnectInfo const&, TDesC8 const&)
                0x0000edf0                QBtObjectExchangeServerPrivate::QBtObjectExchangeServerPrivate(QBtObjectExchangeServer*)
 .text._ZThn4_N30QBtObjectExchangeServerPrivate15ErrorIndicationEi
                0x0001022c        0x8 \Symbian\9.2\S60_3rd_FP1\EPOC32\BUILD\Carbide\NewLibVersion\QBluetooth_selfsigned\QBLUETOOTH_DLL\GCCE\UREL\QBtObjectExchangeServer_symbian.o
                0x0001022c                non-virtual thunk to QBtObjectExchangeServerPrivate::ErrorIndication(int)
 .text._ZThn4_N30QBtObjectExchangeServerPrivate21TransportUpIndicationEv
                0x00010234        0x8 \Symbian\9.2\S60_3rd_FP1\EPOC32\BUILD\Carbide\NewLibVersion\QBluetooth_selfsigned\QBLUETOOTH_DLL\GCCE\UREL\QBtObjectExchangeServer_symbian.o
                0x00010234                non-virtual thunk to QBtObjectExchangeServerPrivate::TransportUpIndication()
 .text._ZThn4_N30QBtObjectExchangeServerPrivate23TransportDownIndicationEv
                0x0001023c        0x8 \Symbian\9.2\S60_3rd_FP1\EPOC32\BUILD\Carbide\NewLibVersion\QBluetooth_selfsigned\QBLUETOOTH_DLL\GCCE\UREL\QBtObjectExchangeServer_symbian.o
                0x0001023c                non-virtual thunk to QBtObjectExchangeServerPrivate::TransportDownIndication()
 .text._Z10SafeDeleteI8CBufFlatEvRPT_
                0x00010244       0x38 \Symbian\9.2\S60_3rd_FP1\EPOC32\BUILD\Carbide\NewLibVersion\QBluetooth_selfsigned\QBLUETOOTH_DLL\GCCE\UREL\QBtObjectExchangeServer_symbian.o
                0x00010244                void SafeDelete<CBufFlat>(CBufFlat*&)
 .text._ZThn4_N30QBtObjectExchangeServerPrivate21ObexConnectIndicationERK16TObexConnectInfoRK6TDesC8
                0x0001027c        0x8 \Symbian\9.2\S60_3rd_FP1\EPOC32\BUILD\Carbide\NewLibVersion\QBluetooth_selfsigned\QBLUETOOTH_DLL\GCCE\UREL\QBtObjectExchangeServer_symbian.o
                0x0001027c                non-virtual thunk to QBtObjectExchangeServerPrivate::ObexConnectIndication(TObexConnectInfo const&, TDesC8 const&)
 .text._ZThn4_N30QBtObjectExchangeServerPrivate24ObexDisconnectIndicationERK6TDesC8
                0x00010284        0x8 \Symbian\9.2\S60_3rd_FP1\EPOC32\BUILD\Carbide\NewLibVersion\QBluetooth_selfsigned\QBLUETOOTH_DLL\GCCE\UREL\QBtObjectExchangeServer_symbian.o
                0x00010284                non-virtual thunk to QBtObjectExchangeServerPrivate::ObexDisconnectIndication(TDesC8 const&)
 .text._ZThn4_N30QBtObjectExchangeServerPrivate20PutRequestIndicationEv
                0x0001028c        0x8 \Symbian\9.2\S60_3rd_FP1\EPOC32\BUILD\Carbide\NewLibVersion\QBluetooth_selfsigned\QBLUETOOTH_DLL\GCCE\UREL\QBtObjectExchangeServer_symbian.o
                0x0001028c                non-virtual thunk to QBtObjectExchangeServerPrivate::PutRequestIndication()
 .text._Z10SafeDeleteI14CObexBufObjectEvRPT_
                0x00010294       0x38 \Symbian\9.2\S60_3rd_FP1\EPOC32\BUILD\Carbide\NewLibVersion\QBluetooth_selfsigned\QBLUETOOTH_DLL\GCCE\UREL\QBtObjectExchangeServer_symbian.o
                0x00010294                void SafeDelete<CObexBufObject>(CObexBufObject*&)
 .text._ZThn4_N30QBtObjectExchangeServerPrivate19PutPacketIndicationEv
                0x000102cc        0x8 \Symbian\9.2\S60_3rd_FP1\EPOC32\BUILD\Carbide\NewLibVersion\QBluetooth_selfsigned\QBLUETOOTH_DLL\GCCE\UREL\QBtObjectExchangeServer_symbian.o
                0x000102cc                non-virtual thunk to QBtObjectExchangeServerPrivate::PutPacketIndication()
 .text._ZThn4_N30QBtObjectExchangeServerPrivate21PutCompleteIndicationEv
                0x000102d4        0x8 \Symbian\9.2\S60_3rd_FP1\EPOC32\BUILD\Carbide\NewLibVersion\QBluetooth_selfsigned\QBLUETOOTH_DLL\GCCE\UREL\QBtObjectExchangeServer_symbian.o
                0x000102d4                non-virtual thunk to QBtObjectExchangeServerPrivate::PutCompleteIndication()
 .text._ZN4TBufILi256EEC1ERK7TDesC16
                0x000102dc       0x24 \Symbian\9.2\S60_3rd_FP1\EPOC32\BUILD\Carbide\NewLibVersion\QBluetooth_selfsigned\QBLUETOOTH_DLL\GCCE\UREL\QBtObjectExchangeServer_symbian.o
                0x000102dc                TBuf<256>::TBuf(TDesC16 const&)
 .text._ZNK5TLitCILi17EEclEv
                0x00010300        0x4 \Symbian\9.2\S60_3rd_FP1\EPOC32\BUILD\Carbide\NewLibVersion\QBluetooth_selfsigned\QBLUETOOTH_DLL\GCCE\UREL\QBtObjectExchangeServer_symbian.o
                0x00010300                TLitC<17>::operator()() const
 .text._ZThn4_N30QBtObjectExchangeServerPrivate20GetRequestIndicationEP15CObexBaseObject
                0x00010304        0x8 \Symbian\9.2\S60_3rd_FP1\EPOC32\BUILD\Carbide\NewLibVersion\QBluetooth_selfsigned\QBLUETOOTH_DLL\GCCE\UREL\QBtObjectExchangeServer_symbian.o
                0x00010304                non-virtual thunk to QBtObjectExchangeServerPrivate::GetRequestIndication(CObexBaseObject*)
 .text._ZThn4_N30QBtObjectExchangeServerPrivate19GetPacketIndicationEv
                0x0001030c        0x8 \Symbian\9.2\S60_3rd_FP1\EPOC32\BUILD\Carbide\NewLibVersion\QBluetooth_selfsigned\QBLUETOOTH_DLL\GCCE\UREL\QBtObjectExchangeServer_symbian.o
                0x0001030c                non-virtual thunk to QBtObjectExchangeServerPrivate::GetPacketIndication()
 .text._ZThn4_N30QBtObjectExchangeServerPrivate21GetCompleteIndicationEv
                0x00010314        0x8 \Symbian\9.2\S60_3rd_FP1\EPOC32\BUILD\Carbide\NewLibVersion\QBluetooth_selfsigned\QBLUETOOTH_DLL\GCCE\UREL\QBtObjectExchangeServer_symbian.o
                0x00010314                non-virtual thunk to QBtObjectExchangeServerPrivate::GetCompleteIndication()
 .text._ZThn4_N30QBtObjectExchangeServerPrivate17SetPathIndicationERKN5CObex12TSetPathInfoERK6TDesC8
                0x0001031c        0x8 \Symbian\9.2\S60_3rd_FP1\EPOC32\BUILD\Carbide\NewLibVersion\QBluetooth_selfsigned\QBLUETOOTH_DLL\GCCE\UREL\QBtObjectExchangeServer_symbian.o
                0x0001031c                non-virtual thunk to QBtObjectExchangeServerPrivate::SetPathIndication(CObex::TSetPathInfo const&, TDesC8 const&)
 .text._ZThn4_N30QBtObjectExchangeServerPrivate15AbortIndicationEv
                0x00010324        0x8 \Symbian\9.2\S60_3rd_FP1\EPOC32\BUILD\Carbide\NewLibVersion\QBluetooth_selfsigned\QBLUETOOTH_DLL\GCCE\UREL\QBtObjectExchangeServer_symbian.o
                0x00010324                non-virtual thunk to QBtObjectExchangeServerPrivate::AbortIndication()
 .text._ZNK5TLitCILi7EEcvRK7TDesC16Ev
                0x0001032c        0x4 \Symbian\9.2\S60_3rd_FP1\EPOC32\BUILD\Carbide\NewLibVersion\QBluetooth_selfsigned\QBLUETOOTH_DLL\GCCE\UREL\QBtObjectExchangeServer_symbian.o
                0x0001032c                TLitC<7>::operator TDesC16 const&() const
 .text._Z10SafeDeleteI11CObexServerEvRPT_
                0x00010330       0x38 \Symbian\9.2\S60_3rd_FP1\EPOC32\BUILD\Carbide\NewLibVersion\QBluetooth_selfsigned\QBLUETOOTH_DLL\GCCE\UREL\QBtObjectExchangeServer_symbian.o
                0x00010330                void SafeDelete<CObexServer>(CObexServer*&)
 .text._Z10SafeDeleteI7HBufC16EvRPT_
                0x00010368       0x30 \Symbian\9.2\S60_3rd_FP1\EPOC32\BUILD\Carbide\NewLibVersion\QBluetooth_selfsigned\QBLUETOOTH_DLL\GCCE\UREL\QBtObjectExchangeServer_symbian.o
                0x00010368                void SafeDelete<HBufC16>(HBufC16*&)
 .text._Z17CleanupClosePushLI11RSocketServEvRT_
                0x00010398       0x34 \Symbian\9.2\S60_3rd_FP1\EPOC32\BUILD\Carbide\NewLibVersion\QBluetooth_selfsigned\QBLUETOOTH_DLL\GCCE\UREL\QBtObjectExchangeServer_symbian.o
                0x00010398                void CleanupClosePushL<RSocketServ>(RSocketServ&)
 .text._ZN12CleanupCloseI11RSocketServE5CloseEPv
                0x000103cc        0x4 \Symbian\9.2\S60_3rd_FP1\EPOC32\BUILD\Carbide\NewLibVersion\QBluetooth_selfsigned\QBLUETOOTH_DLL\GCCE\UREL\QBtObjectExchangeServer_symbian.o
                0x000103cc                CleanupClose<RSocketServ>::Close(void*)
 .text._Z17CleanupClosePushLI7RSocketEvRT_
                0x000103d0       0x34 \Symbian\9.2\S60_3rd_FP1\EPOC32\BUILD\Carbide\NewLibVersion\QBluetooth_selfsigned\QBLUETOOTH_DLL\GCCE\UREL\QBtObjectExchangeServer_symbian.o
                0x000103d0                void CleanupClosePushL<RSocket>(RSocket&)
 .text._ZN12CleanupCloseI7RSocketE5CloseEPv
                0x00010404        0x4 \Symbian\9.2\S60_3rd_FP1\EPOC32\BUILD\Carbide\NewLibVersion\QBluetooth_selfsigned\QBLUETOOTH_DLL\GCCE\UREL\QBtObjectExchangeServer_symbian.o
                0x00010404                CleanupClose<RSocket>::Close(void*)
 .text._ZNK5TLitCILi17EEcvRK7TDesC16Ev
                0x00010408        0x4 \Symbian\9.2\S60_3rd_FP1\EPOC32\BUILD\Carbide\NewLibVersion\QBluetooth_selfsigned\QBLUETOOTH_DLL\GCCE\UREL\QBtObjectExchangeServer_symbian.o
                0x00010408                TLitC<17>::operator TDesC16 const&() const
 .text          0x0001040c      0x2f4 \Symbian\9.2\S60_3rd_FP1\EPOC32\BUILD\Carbide\NewLibVersion\QBluetooth_selfsigned\QBLUETOOTH_DLL\GCCE\UREL\QBtSerialPortClient.o
                0x000105a8                QBtSerialPortClient::~QBtSerialPortClient()
                0x0001040c                QBtSerialPortClient::QBtSerialPortClient(QObject*)
                0x000106f0                QBtSerialPortClient::sendData(QString const&)
                0x000106e8                QBtSerialPortClient::disconnect()
                0x00010564                QBtSerialPortClient::~QBtSerialPortClient()
                0x00010638                QBtSerialPortClient::isConnected()
                0x00010658                QBtSerialPortClient::connect(QBtDevice const&, QBtService const&)
                0x000104b8                QBtSerialPortClient::QBtSerialPortClient(QObject*)
                0x000106f8                QBtSerialPortClient::sendData(QByteArray const&)
                0x000105ec                QBtSerialPortClient::~QBtSerialPortClient()
 .text._Z10SafeDeleteI26QBtSerialPortClientPrivateEvRPT_
                0x00010700       0x38 \Symbian\9.2\S60_3rd_FP1\EPOC32\BUILD\Carbide\NewLibVersion\QBluetooth_selfsigned\QBLUETOOTH_DLL\GCCE\UREL\QBtSerialPortClient.o
                0x00010700                void SafeDelete<QBtSerialPortClientPrivate>(QBtSerialPortClientPrivate*&)
 .text          0x00010738     0x11a0 \Symbian\9.2\S60_3rd_FP1\EPOC32\BUILD\Carbide\NewLibVersion\QBluetooth_selfsigned\QBLUETOOTH_DLL\GCCE\UREL\QBtSerialPortClient_symbian.o
                0x0001075c                QBtSerialPortClientPrivate::NewLC(QBtSerialPortClient*)
                0x000112d8                QBtSerialPortClientPrivate::StartConnectionTimer()
                0x00010738                QBtSerialPortClientPrivate::NewL(QBtSerialPortClient*)
                0x00011448                QBtSerialPortClientPrivate::IsConnected()
                0x00011544                QBtSerialPortClientPrivate::SendData(QByteArray const&)
                0x00010dec                QBtSerialPortClientPrivate::~QBtSerialPortClientPrivate()
                0x00010814                QBtSerialPortClientPrivate::QBtSerialPortClientPrivate(QBtSerialPortClient*)
                0x000114cc                QBtSerialPortClientPrivate::SendData(QString const&)
                0x00010c48                QBtSerialPortClientPrivate::~QBtSerialPortClientPrivate()
                0x00011244                QBtSerialPortClientPrivate::ConnectTimerCallBack(void*)
                0x00011460                QBtSerialPortClientPrivate::ReceiveData()
                0x0001095c                QBtSerialPortClientPrivate::QBtSerialPortClientPrivate(QBtSerialPortClient*)
                0x000115fc                QBtSerialPortClientPrivate::RunL()
                0x00010798                QBtSerialPortClientPrivate::ConstructL()
                0x00010aa4                QBtSerialPortClientPrivate::~QBtSerialPortClientPrivate()
                0x00010f98                QBtSerialPortClientPrivate::DoCancel()
                0x00011330                QBtSerialPortClientPrivate::CancelConnectionTimer()
                0x00011340                QBtSerialPortClientPrivate::Disconnect()
                0x00010f9c                QBtSerialPortClientPrivate::ConnectL(QBtDevice const&, QBtService const&)
 .text._ZN5TBuf8ILi128EEC1Ev
                0x000118d8       0x24 \Symbian\9.2\S60_3rd_FP1\EPOC32\BUILD\Carbide\NewLibVersion\QBluetooth_selfsigned\QBLUETOOTH_DLL\GCCE\UREL\QBtSerialPortClient_symbian.o
                0x000118d8                TBuf8<128>::TBuf8()
 .text._ZN5QListI7QBtUuidEaSERKS1_
                0x000118fc       0x80 \Symbian\9.2\S60_3rd_FP1\EPOC32\BUILD\Carbide\NewLibVersion\QBluetooth_selfsigned\QBLUETOOTH_DLL\GCCE\UREL\QBtSerialPortClient_symbian.o
                0x000118fc                QList<QBtUuid>::operator=(QList<QBtUuid> const&)
 .text          0x0001197c      0x9c8 \Symbian\9.2\S60_3rd_FP1\EPOC32\BUILD\Carbide\NewLibVersion\QBluetooth_selfsigned\QBLUETOOTH_DLL\GCCE\UREL\QBtSerialPortServer.o
                0x00011c24                QBtSerialPortServer::~QBtSerialPortServer()
                0x0001221c                QBtSerialPortServer::sendData(QString const&)
                0x00011eac                QBtSerialPortServer::~QBtSerialPortServer()
                0x00012224                QBtSerialPortServer::isConnected()
                0x0001219c                QBtSerialPortServer::stopServer()
                0x00011ad0                QBtSerialPortServer::QBtSerialPortServer(QObject*)
                0x00012234                QBtSerialPortServer::setTransmittingService(QBtService const&)
                0x00012290                QBtSerialPortServer::setConnectionStatus(bool)
                0x000122f4                QBtSerialPortServer::stopAdvertisingService()
                0x0001222c                QBtSerialPortServer::getTransmittingServiceInfo() const
                0x00011ff8                QBtSerialPortServer::startServer(QBtUuid const&, QString const&)
                0x00012298                QBtSerialPortServer::startAdvertisingService(QBtService const&)
                0x00011d68                QBtSerialPortServer::~QBtSerialPortServer()
                0x0001197c                QBtSerialPortServer::QBtSerialPortServer(QObject*)
 .text._Z10SafeDeleteI26QBtSerialPortServerPrivateEvRPT_
                0x00012344       0x38 \Symbian\9.2\S60_3rd_FP1\EPOC32\BUILD\Carbide\NewLibVersion\QBluetooth_selfsigned\QBLUETOOTH_DLL\GCCE\UREL\QBtSerialPortServer.o
                0x00012344                void SafeDelete<QBtSerialPortServerPrivate>(QBtSerialPortServerPrivate*&)
 .text          0x0001237c      0xed4 \Symbian\9.2\S60_3rd_FP1\EPOC32\BUILD\Carbide\NewLibVersion\QBluetooth_selfsigned\QBLUETOOTH_DLL\GCCE\UREL\QBtSerialPortServer_symbian.o
                0x000131ec                QBtSerialPortServerPrivate::HandleListenerDataSendL()
                0x00012d98                QBtSerialPortServerPrivate::ReceiveData()
                0x00013050                QBtSerialPortServerPrivate::IsConnected()
                0x0001318c                QBtSerialPortServerPrivate::HandleListenerDisconnectedL()
                0x00013044                QBtSerialPortServerPrivate::RunError(int)
                0x00012c68                QBtSerialPortServerPrivate::SendData(QString const&)
                0x00012bc8                QBtSerialPortServerPrivate::StopListenerL()
                0x0001304c                QBtSerialPortServerPrivate::DoCancel()
                0x00012e04                QBtSerialPortServerPrivate::RunL()
                0x000130b0                QBtSerialPortServerPrivate::HandleListenerConnectedL()
                0x000126fc                QBtSerialPortServerPrivate::~QBtSerialPortServerPrivate()
                0x000127dc                QBtSerialPortServerPrivate::StartListenerL()
                0x0001262c                QBtSerialPortServerPrivate::~QBtSerialPortServerPrivate()
                0x0001255c                QBtSerialPortServerPrivate::~QBtSerialPortServerPrivate()
                0x000123a0                QBtSerialPortServerPrivate::NewLC(QBtSerialPortServer*)
                0x000124b8                QBtSerialPortServerPrivate::QBtSerialPortServerPrivate(QBtSerialPortServer*)
                0x00012ce0                QBtSerialPortServerPrivate::SendData(QByteArray const&)
                0x00012414                QBtSerialPortServerPrivate::QBtSerialPortServerPrivate(QBtSerialPortServer*)
                0x00013244                QBtSerialPortServerPrivate::SetListeningQueueSize(int)
                0x0001237c                QBtSerialPortServerPrivate::NewL(QBtSerialPortServer*)
                0x000123dc                QBtSerialPortServerPrivate::ConstructL()
                0x00013058                QBtSerialPortServerPrivate::HandleListenerDataReceivedL(QString const&)
 .text._ZN4TBufILi32EEC1ERK7TDesC16
                0x00013250       0x24 \Symbian\9.2\S60_3rd_FP1\EPOC32\BUILD\Carbide\NewLibVersion\QBluetooth_selfsigned\QBLUETOOTH_DLL\GCCE\UREL\QBtSerialPortServer_symbian.o
                0x00013250                TBuf<32>::TBuf(TDesC16 const&)
 .text          0x00013274      0x2f4 \Symbian\9.2\S60_3rd_FP1\EPOC32\BUILD\Carbide\NewLibVersion\QBluetooth_selfsigned\QBLUETOOTH_DLL\GCCE\UREL\QBtSingleDeviceSelectorUI.o
                0x00013484                QBtSingleDeviceSelectorUI::~QBtSingleDeviceSelectorUI()
                0x000134e8                QBtSingleDeviceSelectorUI::show()
                0x00013428                QBtSingleDeviceSelectorUI::~QBtSingleDeviceSelectorUI()
                0x00013274                QBtSingleDeviceSelectorUI::QBtSingleDeviceSelectorUI(QWidget*)
                0x00013320                QBtSingleDeviceSelectorUI::QBtSingleDeviceSelectorUI(QWidget*)
                0x000133cc                QBtSingleDeviceSelectorUI::~QBtSingleDeviceSelectorUI()
 .text          0x00013568      0x264 \Symbian\9.2\S60_3rd_FP1\EPOC32\BUILD\Carbide\NewLibVersion\QBluetooth_selfsigned\QBLUETOOTH_DLL\GCCE\UREL\QBtDeviceDiscoverer.o
                0x00013748                QBtDeviceDiscoverer::~QBtDeviceDiscoverer()
                0x00013794                QBtDeviceDiscoverer::startDiscovery()
                0x000137a4                QBtDeviceDiscoverer::getInquiredDevices() const
                0x00013704                QBtDeviceDiscoverer::~QBtDeviceDiscoverer()
                0x00013614                QBtDeviceDiscoverer::QBtDeviceDiscoverer(QObject*)
                0x00013568                QBtDeviceDiscoverer::QBtDeviceDiscoverer(QObject*)
                0x000136c0                QBtDeviceDiscoverer::~QBtDeviceDiscoverer()
                0x000137ac                QBtDeviceDiscoverer::isBusy() const
                0x0001379c                QBtDeviceDiscoverer::stopDiscovery()
 .text._Z10SafeDeleteI26QBtDeviceDiscovererPrivateEvRPT_
                0x000137cc       0x38 \Symbian\9.2\S60_3rd_FP1\EPOC32\BUILD\Carbide\NewLibVersion\QBluetooth_selfsigned\QBLUETOOTH_DLL\GCCE\UREL\QBtDeviceDiscoverer.o
                0x000137cc                void SafeDelete<QBtDeviceDiscovererPrivate>(QBtDeviceDiscovererPrivate*&)
 .text          0x00013804      0x84c \Symbian\9.2\S60_3rd_FP1\EPOC32\BUILD\Carbide\NewLibVersion\QBluetooth_selfsigned\QBLUETOOTH_DLL\GCCE\UREL\QBtDeviceDiscoverer_symbian.o
                0x00013a4c                QBtDeviceDiscovererPrivate::~QBtDeviceDiscovererPrivate()
                0x00013804                QBtDeviceDiscovererPrivate::NewL(QBtDeviceDiscoverer*)
                0x00014008                QBtDeviceDiscovererPrivate::EmitNewDeviceFoundSignal(QBtDevice const&)
                0x00013f70                QBtDeviceDiscovererPrivate::IsBusy() const
                0x00013988                QBtDeviceDiscovererPrivate::QBtDeviceDiscovererPrivate(QBtDeviceDiscoverer*)
                0x00013ba4                QBtDeviceDiscovererPrivate::DiscoverDevices()
                0x00013f50                QBtDeviceDiscovererPrivate::StopDiscovery()
                0x000138c4                QBtDeviceDiscovererPrivate::QBtDeviceDiscovererPrivate(QBtDeviceDiscoverer*)
                0x00013b2c                QBtDeviceDiscovererPrivate::~QBtDeviceDiscovererPrivate()
                0x00013ee8                QBtDeviceDiscovererPrivate::DoCancel()
                0x00013fc0                QBtDeviceDiscovererPrivate::EmitDiscoveryStoppedSignal()
                0x00013f78                QBtDeviceDiscovererPrivate::EmitErrorSignal(QBtDeviceDiscoverer::DeviceDiscoveryErrors)
                0x00013abc                QBtDeviceDiscovererPrivate::~QBtDeviceDiscovererPrivate()
                0x00013864                QBtDeviceDiscovererPrivate::ConstructL()
                0x00013828                QBtDeviceDiscovererPrivate::NewLC(QBtDeviceDiscoverer*)
                0x00013f48                QBtDeviceDiscovererPrivate::SetLIAC(int)
                0x00013f68                QBtDeviceDiscovererPrivate::GetInquiredDevices() const
                0x00013c68                QBtDeviceDiscovererPrivate::RunL()
                0x00013f24                QBtDeviceDiscovererPrivate::HasDevices()
 .text._ZNK5TLitCILi14EEcvRK7TDesC16Ev
                0x00014050        0x4 \Symbian\9.2\S60_3rd_FP1\EPOC32\BUILD\Carbide\NewLibVersion\QBluetooth_selfsigned\QBLUETOOTH_DLL\GCCE\UREL\QBtDeviceDiscoverer_symbian.o
                0x00014050                TLitC<14>::operator TDesC16 const&() const
 .text._ZN8TPckgBufI11TNameRecordEC1Ev
                0x00014054       0x4c \Symbian\9.2\S60_3rd_FP1\EPOC32\BUILD\Carbide\NewLibVersion\QBluetooth_selfsigned\QBLUETOOTH_DLL\GCCE\UREL\QBtDeviceDiscoverer_symbian.o
                0x00014054                TPckgBuf<TNameRecord>::TPckgBuf()
 .text._ZN5QListI9QBtDeviceEC1Ev
                0x000140a0       0x30 \Symbian\9.2\S60_3rd_FP1\EPOC32\BUILD\Carbide\NewLibVersion\QBluetooth_selfsigned\QBLUETOOTH_DLL\GCCE\UREL\QBtDeviceDiscoverer_symbian.o
                0x000140a0                QList<QBtDevice>::QList()
 .text._ZN5QListI9QBtDeviceED1Ev
                0x000140d0       0x44 \Symbian\9.2\S60_3rd_FP1\EPOC32\BUILD\Carbide\NewLibVersion\QBluetooth_selfsigned\QBLUETOOTH_DLL\GCCE\UREL\QBtDeviceDiscoverer_symbian.o
                0x000140d0                QList<QBtDevice>::~QList()
 .text._ZN5QListI9QBtDeviceE5clearEv
                0x00014114       0x5c \Symbian\9.2\S60_3rd_FP1\EPOC32\BUILD\Carbide\NewLibVersion\QBluetooth_selfsigned\QBLUETOOTH_DLL\GCCE\UREL\QBtDeviceDiscoverer_symbian.o
                0x00014114                QList<QBtDevice>::clear()
 .text._ZN5QListI9QBtDeviceE6appendERKS0_
                0x00014170       0xa4 \Symbian\9.2\S60_3rd_FP1\EPOC32\BUILD\Carbide\NewLibVersion\QBluetooth_selfsigned\QBLUETOOTH_DLL\GCCE\UREL\QBtDeviceDiscoverer_symbian.o
                0x00014170                QList<QBtDevice>::append(QBtDevice const&)
 .text._ZN5QListI9QBtDeviceE18detach_helper_growEii
                0x00014214      0x12c \Symbian\9.2\S60_3rd_FP1\EPOC32\BUILD\Carbide\NewLibVersion\QBluetooth_selfsigned\QBLUETOOTH_DLL\GCCE\UREL\QBtDeviceDiscoverer_symbian.o
                0x00014214                QList<QBtDevice>::detach_helper_grow(int, int)
 .text._ZN5QListI9QBtDeviceE4freeEPN9QListData4DataE
                0x00014340       0x68 \Symbian\9.2\S60_3rd_FP1\EPOC32\BUILD\Carbide\NewLibVersion\QBluetooth_selfsigned\QBLUETOOTH_DLL\GCCE\UREL\QBtDeviceDiscoverer_symbian.o
                0x00014340                QList<QBtDevice>::free(QListData::Data*)
 .text._ZN5QListI9QBtDeviceE13node_destructEPNS1_4NodeES3_
                0x000143a8       0x50 \Symbian\9.2\S60_3rd_FP1\EPOC32\BUILD\Carbide\NewLibVersion\QBluetooth_selfsigned\QBLUETOOTH_DLL\GCCE\UREL\QBtDeviceDiscoverer_symbian.o
                0x000143a8                QList<QBtDevice>::node_destruct(QList<QBtDevice>::Node*, QList<QBtDevice>::Node*)
 .text._ZN5QListI9QBtDeviceEaSERKS1_
                0x000143f8       0x80 \Symbian\9.2\S60_3rd_FP1\EPOC32\BUILD\Carbide\NewLibVersion\QBluetooth_selfsigned\QBLUETOOTH_DLL\GCCE\UREL\QBtDeviceDiscoverer_symbian.o
                0x000143f8                QList<QBtDevice>::operator=(QList<QBtDevice> const&)
 .text._ZN5QListI9QBtDeviceE9node_copyEPNS1_4NodeES3_S3_
                0x00014478       0xac \Symbian\9.2\S60_3rd_FP1\EPOC32\BUILD\Carbide\NewLibVersion\QBluetooth_selfsigned\QBLUETOOTH_DLL\GCCE\UREL\QBtDeviceDiscoverer_symbian.o
                0x00014478                QList<QBtDevice>::node_copy(QList<QBtDevice>::Node*, QList<QBtDevice>::Node*, QList<QBtDevice>::Node*)
 .text._ZN5QListI9QBtDeviceE14node_constructEPNS1_4NodeERKS0_
                0x00014524       0x54 \Symbian\9.2\S60_3rd_FP1\EPOC32\BUILD\Carbide\NewLibVersion\QBluetooth_selfsigned\QBLUETOOTH_DLL\GCCE\UREL\QBtDeviceDiscoverer_symbian.o
                0x00014524                QList<QBtDevice>::node_construct(QList<QBtDevice>::Node*, QBtDevice const&)
 .text._ZN5QListI9QBtDeviceE13detach_helperEv
                0x00014578        0xc \Symbian\9.2\S60_3rd_FP1\EPOC32\BUILD\Carbide\NewLibVersion\QBluetooth_selfsigned\QBLUETOOTH_DLL\GCCE\UREL\QBtDeviceDiscoverer_symbian.o
                0x00014578                QList<QBtDevice>::detach_helper()
 .text._ZN5QListI9QBtDeviceE13detach_helperEi
                0x00014584      0x114 \Symbian\9.2\S60_3rd_FP1\EPOC32\BUILD\Carbide\NewLibVersion\QBluetooth_selfsigned\QBLUETOOTH_DLL\GCCE\UREL\QBtDeviceDiscoverer_symbian.o
                0x00014584                QList<QBtDevice>::detach_helper(int)
 .text          0x00014698      0x4d4 \Symbian\9.2\S60_3rd_FP1\EPOC32\BUILD\Carbide\NewLibVersion\QBluetooth_selfsigned\QBLUETOOTH_DLL\GCCE\UREL\QBtSingleDeviceSelectorUI_symbian.o
                0x00014b14                QBtSingleDeviceSelectorUIPrivate::BTCanceledL()
                0x00014880                QBtSingleDeviceSelectorUIPrivate::ShowL()
                0x000146e8                QBtSingleDeviceSelectorUIPrivate::~QBtSingleDeviceSelectorUIPrivate()
                0x0001485c                QBtSingleDeviceSelectorUIPrivate::ConstructL()
                0x0001481c                QBtSingleDeviceSelectorUIPrivate::NewL(QBtSingleDeviceSelectorUI*)
                0x000147b0                QBtSingleDeviceSelectorUIPrivate::~QBtSingleDeviceSelectorUIPrivate()
                0x000146c0                QBtSingleDeviceSelectorUIPrivate::QBtSingleDeviceSelectorUIPrivate(QBtSingleDeviceSelectorUI*)
                0x00014698                QBtSingleDeviceSelectorUIPrivate::QBtSingleDeviceSelectorUIPrivate(QBtSingleDeviceSelectorUI*)
                0x00014914                QBtSingleDeviceSelectorUIPrivate::SelectDeviceL()
                0x0001491c                QBtSingleDeviceSelectorUIPrivate::BTDeviceSelectedL()
                0x0001474c                QBtSingleDeviceSelectorUIPrivate::~QBtSingleDeviceSelectorUIPrivate()
                0x00014860                QBtSingleDeviceSelectorUIPrivate::Cancel()
 .text._ZThn4_N32QBtSingleDeviceSelectorUIPrivate17BTDeviceSelectedLEv
                0x00014b6c        0x8 \Symbian\9.2\S60_3rd_FP1\EPOC32\BUILD\Carbide\NewLibVersion\QBluetooth_selfsigned\QBLUETOOTH_DLL\GCCE\UREL\QBtSingleDeviceSelectorUI_symbian.o
                0x00014b6c                non-virtual thunk to QBtSingleDeviceSelectorUIPrivate::BTDeviceSelectedL()
 .text._ZThn4_N32QBtSingleDeviceSelectorUIPrivate11BTCanceledLEv
                0x00014b74        0x8 \Symbian\9.2\S60_3rd_FP1\EPOC32\BUILD\Carbide\NewLibVersion\QBluetooth_selfsigned\QBLUETOOTH_DLL\GCCE\UREL\QBtSingleDeviceSelectorUI_symbian.o
                0x00014b74                non-virtual thunk to QBtSingleDeviceSelectorUIPrivate::BTCanceledL()
 .text          0x00014b7c      0x378 \Symbian\9.2\S60_3rd_FP1\EPOC32\BUILD\Carbide\NewLibVersion\QBluetooth_selfsigned\QBLUETOOTH_DLL\GCCE\UREL\BtDeviceFinderDlg_symbian.o
                0x00014be0                CBTDeviceFinderDlg::CBTDeviceFinderDlg(int, MBTDeviceFinderNotify&)
                0x00014d24                CBTDeviceFinderDlg::~CBTDeviceFinderDlg()
                0x00014cb4                CBTDeviceFinderDlg::~CBTDeviceFinderDlg()
                0x00014ed0                CBTDeviceFinderDlg::SetSelectionParams(TBTDeviceSelectionParams const&)
                0x00014de8                CBTDeviceFinderDlg::ConstructL()
                0x00014eec                CBTDeviceFinderDlg::ResponseParams()
                0x00014b7c                CBTDeviceFinderDlg::CBTDeviceFinderDlg(int, MBTDeviceFinderNotify&)
                0x00014dec                CBTDeviceFinderDlg::DoCancel()
                0x00014e5c                CBTDeviceFinderDlg::DiscoverDevicesL()
                0x00014d9c                CBTDeviceFinderDlg::NewL(int, MBTDeviceFinderNotify&)
                0x00014e00                CBTDeviceFinderDlg::RunL()
                0x00014c44                CBTDeviceFinderDlg::~CBTDeviceFinderDlg()
 .text._ZN8TPckgBufI24TBTDeviceSelectionParamsEC1Ev
                0x00014ef4       0x38 \Symbian\9.2\S60_3rd_FP1\EPOC32\BUILD\Carbide\NewLibVersion\QBluetooth_selfsigned\QBLUETOOTH_DLL\GCCE\UREL\BtDeviceFinderDlg_symbian.o
                0x00014ef4                TPckgBuf<TBTDeviceSelectionParams>::TPckgBuf()
 .text._ZN8TPckgBufI23TBTDeviceResponseParamsEC1Ev
                0x00014f2c       0x38 \Symbian\9.2\S60_3rd_FP1\EPOC32\BUILD\Carbide\NewLibVersion\QBluetooth_selfsigned\QBLUETOOTH_DLL\GCCE\UREL\BtDeviceFinderDlg_symbian.o
                0x00014f2c                TPckgBuf<TBTDeviceResponseParams>::TPckgBuf()
 .text          0x00014f64      0x1c0 \Symbian\9.2\S60_3rd_FP1\EPOC32\BUILD\Carbide\NewLibVersion\QBluetooth_selfsigned\QBLUETOOTH_DLL\GCCE\UREL\QBtLocalDevice.o
                0x00014fd0                QBtLocalDevice::isBluetoothSupported()
                0x00014f84                QBtLocalDevice::isVisible()
                0x0001500c                QBtLocalDevice::setBluetoothPowerState(bool)
                0x00015108                QBtLocalDevice::unpairDevice(QBtAddress const&)
                0x00014ff0                QBtLocalDevice::getBluetoothPowerState()
                0x00015028                QBtLocalDevice::addNewDevice(QBtDevice const&)
                0x00014fb0                QBtLocalDevice::getLocalDeviceName()
                0x00014fa8                QBtLocalDevice::setDeviceClass(QBtDevice::DeviceMajor)
                0x00015098                QBtLocalDevice::deleteDevice(QBtAddress const&)
                0x00014fa4                QBtLocalDevice::getDeviceClass()
                0x00014fac                QBtLocalDevice::setLocalDeviceName(QString const&)
                0x00014f64                QBtLocalDevice::getLocalDeviceAddress()
                0x000150b4                QBtLocalDevice::unpairDevice(QBtDevice const&)
                0x00015044                QBtLocalDevice::deleteDevice(QBtDevice const&)
                0x00014fec                QBtLocalDevice::askUserTurnOnBtPower()
                0x00014fa0                QBtLocalDevice::setVisible(bool)
 .text          0x00015124      0xab0 \Symbian\9.2\S60_3rd_FP1\EPOC32\BUILD\Carbide\NewLibVersion\QBluetooth_selfsigned\QBLUETOOTH_DLL\GCCE\UREL\QBtLocalDevice_symbian.o
                0x00015a64                QBtLocalDevicePrivate::UnpairDevice(QBtAddress const&)
                0x00015620                QBtLocalDevicePrivate::SetBluetoothPowerState(int)
                0x0001521c                QBtLocalDevicePrivate::IsVisible()
                0x00015164                QBtLocalDevicePrivate::GetLocalDeviceAddress()
                0x00015580                QBtLocalDevicePrivate::GetBluetoothPowerState()
                0x00015460                QBtLocalDevicePrivate::SetLocalDeviceName(QString const&)
                0x000156b4                QBtLocalDevicePrivate::AddNewDevice(QBtDevice const&)
                0x00015a6c                QBtLocalDevicePrivate::DeleteOrUnpairDevice(QBtAddress const&, int)
                0x00015390                QBtLocalDevicePrivate::SetDeviceClass(QBtDevice::DeviceMajor)
                0x000153d0                QBtLocalDevicePrivate::GetLocalDeviceName()
                0x000152b8                QBtLocalDevicePrivate::SetVisible(int)
                0x00015a5c                QBtLocalDevicePrivate::DeleteDevice(QBtAddress const&)
                0x00015124                QBtLocalDevicePrivate::DefineProperty(unsigned int, RProperty::TType)
                0x000154d0                QBtLocalDevicePrivate::IsBluetoothSupported()
                0x000154d8                QBtLocalDevicePrivate::AskUserTurnOnBtPower()
                0x00015358                QBtLocalDevicePrivate::GetDeviceClass()
 .text._ZN10QByteArray6detachEv
                0x00015bd4       0x28 \Symbian\9.2\S60_3rd_FP1\EPOC32\BUILD\Carbide\NewLibVersion\QBluetooth_selfsigned\QBLUETOOTH_DLL\GCCE\UREL\QBtLocalDevice_symbian.o
                0x00015bd4                QByteArray::detach()
 .text._ZN8TPckgBufIiEC1ERKi
                0x00015bfc       0x30 \Symbian\9.2\S60_3rd_FP1\EPOC32\BUILD\Carbide\NewLibVersion\QBluetooth_selfsigned\QBLUETOOTH_DLL\GCCE\UREL\QBtLocalDevice_symbian.o
                0x00015bfc                TPckgBuf<int>::TPckgBuf(int const&)
 .text._Z10SafeDeleteI9CBTDeviceEvRPT_
                0x00015c2c       0x38 \Symbian\9.2\S60_3rd_FP1\EPOC32\BUILD\Carbide\NewLibVersion\QBluetooth_selfsigned\QBLUETOOTH_DLL\GCCE\UREL\QBtLocalDevice_symbian.o
[...]
                0x00400000                _bss_end__ = .
                0x00400000                __bss_end__ = .
                0x00400000                __end__ = .
                0x00400000                PROVIDE (end, .)

.dynamic        0x00000000      0x1a8
 *(.dynamic)
 .dynamic       0x00000000      0x1a8 \Symbian\9.2\S60_3rd_FP1\EPOC32\RELEASE\ARMV5\UREL\EDLL.LIB(uc_dll_.o)
                0x00000000                _DYNAMIC

.hash           0x00000000     0x153c
 *(.hash)
 .hash          0x00000000     0x153c \Symbian\9.2\S60_3rd_FP1\EPOC32\RELEASE\ARMV5\UREL\EDLL.LIB(uc_dll_.o)

.dynsym         0x00000000     0x3440
 *(.dynsym)
 .dynsym        0x00000000     0x3440 \Symbian\9.2\S60_3rd_FP1\EPOC32\RELEASE\ARMV5\UREL\EDLL.LIB(uc_dll_.o)

.dynstr         0x00000000     0x7f4f
 *(.dynstr)
 .dynstr        0x00000000     0x7f4f \Symbian\9.2\S60_3rd_FP1\EPOC32\RELEASE\ARMV5\UREL\EDLL.LIB(uc_dll_.o)

.gnu.version    0x00000000      0x688
 *(.gnu.version)
 .gnu.version   0x00000000      0x688 \Symbian\9.2\S60_3rd_FP1\EPOC32\RELEASE\ARMV5\UREL\EDLL.LIB(uc_dll_.o)

.gnu.version_d  0x00000000       0x4c
 *(.gnu.version_d)
 .gnu.version_d
                0x00000000       0x4c \Symbian\9.2\S60_3rd_FP1\EPOC32\RELEASE\ARMV5\UREL\EDLL.LIB(uc_dll_.o)

.gnu.version_r  0x00000000      0x260
 *(.gnu.version_r)
 .gnu.version_r
                0x00000000      0x260 \Symbian\9.2\S60_3rd_FP1\EPOC32\RELEASE\ARMV5\UREL\EDLL.LIB(uc_dll_.o)

.stab
 *(.stab)

.stabstr
 *(.stabstr)

.stab.excl
 *(.stab.excl)

.stab.exclstr
 *(.stab.exclstr)

.stab.index
 *(.stab.index)

.stab.indexstr
 *(.stab.indexstr)

.comment        0x00000000     0x1860
 *(.comment)
 .comment       0x00000000      0x48c \Symbian\9.2\S60_3rd_FP1\EPOC32\RELEASE\ARMV5\UREL\EDLL.LIB(uc_dll_.o)
 .comment       0x0000048c      0x370 \Symbian\9.2\S60_3rd_FP1\EPOC32\RELEASE\ARMV5\UREL\EDLL.LIB(uc_dll.o)
 .comment       0x000007fc       0x38 \Symbian\9.2\S60_3rd_FP1\EPOC32\BUILD\Carbide\NewLibVersion\QBluetooth_selfsigned\QBLUETOOTH_DLL\GCCE\UREL\moc_QBtDeviceDiscoverer.o
 .comment       0x00000834       0x38 \Symbian\9.2\S60_3rd_FP1\EPOC32\BUILD\Carbide\NewLibVersion\QBluetooth_selfsigned\QBLUETOOTH_DLL\GCCE\UREL\moc_QBtSingleDeviceSelectorUI.o
 .comment       0x0000086c       0x38 \Symbian\9.2\S60_3rd_FP1\EPOC32\BUILD\Carbide\NewLibVersion\QBluetooth_selfsigned\QBLUETOOTH_DLL\GCCE\UREL\moc_QBtServiceDiscoverer.o
 .comment       0x000008a4       0x38 \Symbian\9.2\S60_3rd_FP1\EPOC32\BUILD\Carbide\NewLibVersion\QBluetooth_selfsigned\QBLUETOOTH_DLL\GCCE\UREL\moc_QBtServiceDiscovererForAll.o
 .comment       0x000008dc       0x38 \Symbian\9.2\S60_3rd_FP1\EPOC32\BUILD\Carbide\NewLibVersion\QBluetooth_selfsigned\QBLUETOOTH_DLL\GCCE\UREL\moc_QBtServiceAdvertiser.o
 .comment       0x00000914       0x38 \Symbian\9.2\S60_3rd_FP1\EPOC32\BUILD\Carbide\NewLibVersion\QBluetooth_selfsigned\QBLUETOOTH_DLL\GCCE\UREL\moc_QBtSerialPortServer.o
 .comment       0x0000094c       0x38 \Symbian\9.2\S60_3rd_FP1\EPOC32\BUILD\Carbide\NewLibVersion\QBluetooth_selfsigned\QBLUETOOTH_DLL\GCCE\UREL\moc_QBtSerialPortClient.o
 .comment       0x00000984       0x38 \Symbian\9.2\S60_3rd_FP1\EPOC32\BUILD\Carbide\NewLibVersion\QBluetooth_selfsigned\QBLUETOOTH_DLL\GCCE\UREL\moc_QBtObjectExchangeClient.o
 .comment       0x000009bc       0x38 \Symbian\9.2\S60_3rd_FP1\EPOC32\BUILD\Carbide\NewLibVersion\QBluetooth_selfsigned\QBLUETOOTH_DLL\GCCE\UREL\moc_QBtLocalDevice.o
 .comment       0x000009f4       0x38 \Symbian\9.2\S60_3rd_FP1\EPOC32\BUILD\Carbide\NewLibVersion\QBluetooth_selfsigned\QBLUETOOTH_DLL\GCCE\UREL\moc_QBtObjectExchangeServer.o
 .comment       0x00000a2c       0x38 \Symbian\9.2\S60_3rd_FP1\EPOC32\BUILD\Carbide\NewLibVersion\QBluetooth_selfsigned\QBLUETOOTH_DLL\GCCE\UREL\QBtService.o
 .comment       0x00000a64       0x38 \Symbian\9.2\S60_3rd_FP1\EPOC32\BUILD\Carbide\NewLibVersion\QBluetooth_selfsigned\QBLUETOOTH_DLL\GCCE\UREL\QBtAddress.o
 .comment       0x00000a9c       0x38 \Symbian\9.2\S60_3rd_FP1\EPOC32\BUILD\Carbide\NewLibVersion\QBluetooth_selfsigned\QBLUETOOTH_DLL\GCCE\UREL\QBtDevice.o
 .comment       0x00000ad4       0x38 \Symbian\9.2\S60_3rd_FP1\EPOC32\BUILD\Carbide\NewLibVersion\QBluetooth_selfsigned\QBLUETOOTH_DLL\GCCE\UREL\QBtUuid.o
 .comment       0x00000b0c       0x38 \Symbian\9.2\S60_3rd_FP1\EPOC32\BUILD\Carbide\NewLibVersion\QBluetooth_selfsigned\QBLUETOOTH_DLL\GCCE\UREL\QBtObjectExchangeClient.o
 .comment       0x00000b44       0x38 \Symbian\9.2\S60_3rd_FP1\EPOC32\BUILD\Carbide\NewLibVersion\QBluetooth_selfsigned\QBLUETOOTH_DLL\GCCE\UREL\QBtObjectExchangeClient_symbian.o
 .comment       0x00000b7c       0x38 \Symbian\9.2\S60_3rd_FP1\EPOC32\BUILD\Carbide\NewLibVersion\QBluetooth_selfsigned\QBLUETOOTH_DLL\GCCE\UREL\QBtObjectExchangeServer.o
 .comment       0x00000bb4       0x38 \Symbian\9.2\S60_3rd_FP1\EPOC32\BUILD\Carbide\NewLibVersion\QBluetooth_selfsigned\QBLUETOOTH_DLL\GCCE\UREL\QBtObjectExchangeServer_symbian.o
 .comment       0x00000bec       0x38 \Symbian\9.2\S60_3rd_FP1\EPOC32\BUILD\Carbide\NewLibVersion\QBluetooth_selfsigned\QBLUETOOTH_DLL\GCCE\UREL\QBtSerialPortClient.o
 .comment       0x00000c24       0x38 \Symbian\9.2\S60_3rd_FP1\EPOC32\BUILD\Carbide\NewLibVersion\QBluetooth_selfsigned\QBLUETOOTH_DLL\GCCE\UREL\QBtSerialPortClient_symbian.o
 .comment       0x00000c5c       0x38 \Symbian\9.2\S60_3rd_FP1\EPOC32\BUILD\Carbide\NewLibVersion\QBluetooth_selfsigned\QBLUETOOTH_DLL\GCCE\UREL\QBtSerialPortServer.o
 .comment       0x00000c94       0x38 \Symbian\9.2\S60_3rd_FP1\EPOC32\BUILD\Carbide\NewLibVersion\QBluetooth_selfsigned\QBLUETOOTH_DLL\GCCE\UREL\QBtSerialPortServer_symbian.o
 .comment       0x00000ccc       0x38 \Symbian\9.2\S60_3rd_FP1\EPOC32\BUILD\Carbide\NewLibVersion\QBluetooth_selfsigned\QBLUETOOTH_DLL\GCCE\UREL\QBtSingleDeviceSelectorUI.o
 .comment       0x00000d04       0x38 \Symbian\9.2\S60_3rd_FP1\EPOC32\BUILD\Carbide\NewLibVersion\QBluetooth_selfsigned\QBLUETOOTH_DLL\GCCE\UREL\QBtDeviceDiscoverer.o
 .comment       0x00000d3c       0x38 \Symbian\9.2\S60_3rd_FP1\EPOC32\BUILD\Carbide\NewLibVersion\QBluetooth_selfsigned\QBLUETOOTH_DLL\GCCE\UREL\QBtDeviceDiscoverer_symbian.o
 .comment       0x00000d74       0x38 \Symbian\9.2\S60_3rd_FP1\EPOC32\BUILD\Carbide\NewLibVersion\QBluetooth_selfsigned\QBLUETOOTH_DLL\GCCE\UREL\QBtSingleDeviceSelectorUI_symbian.o
 .comment       0x00000dac       0x38 \Symbian\9.2\S60_3rd_FP1\EPOC32\BUILD\Carbide\NewLibVersion\QBluetooth_selfsigned\QBLUETOOTH_DLL\GCCE\UREL\BtDeviceFinderDlg_symbian.o
 .comment       0x00000de4       0x38 \Symbian\9.2\S60_3rd_FP1\EPOC32\BUILD\Carbide\NewLibVersion\QBluetooth_selfsigned\QBLUETOOTH_DLL\GCCE\UREL\QBtLocalDevice.o
 .comment       0x00000e1c       0x38 \Symbian\9.2\S60_3rd_FP1\EPOC32\BUILD\Carbide\NewLibVersion\QBluetooth_selfsigned\QBLUETOOTH_DLL\GCCE\UREL\QBtLocalDevice_symbian.o
 .comment       0x00000e54       0x38 \Symbian\9.2\S60_3rd_FP1\EPOC32\BUILD\Carbide\NewLibVersion\QBluetooth_selfsigned\QBLUETOOTH_DLL\GCCE\UREL\QBtServiceAdvertiser.o
 .comment       0x00000e8c       0x38 \Symbian\9.2\S60_3rd_FP1\EPOC32\BUILD\Carbide\NewLibVersion\QBluetooth_selfsigned\QBLUETOOTH_DLL\GCCE\UREL\QBtServiceAdvertiser_symbian.o
 .comment       0x00000ec4       0x38 \Symbian\9.2\S60_3rd_FP1\EPOC32\BUILD\Carbide\NewLibVersion\QBluetooth_selfsigned\QBLUETOOTH_DLL\GCCE\UREL\QBtServiceDiscoverer.o
 .comment       0x00000efc       0x38 \Symbian\9.2\S60_3rd_FP1\EPOC32\BUILD\Carbide\NewLibVersion\QBluetooth_selfsigned\QBLUETOOTH_DLL\GCCE\UREL\QBtServiceDiscovererForAll.o
 .comment       0x00000f34       0x38 \Symbian\9.2\S60_3rd_FP1\EPOC32\BUILD\Carbide\NewLibVersion\QBluetooth_selfsigned\QBLUETOOTH_DLL\GCCE\UREL\QBtServiceDiscoverer_symbian.o
 .comment       0x00000f6c      0x4f0 \Symbian\9.2\S60_3rd_FP1\EPOC32\RELEASE\ARMV5\UREL\usrt2_2.lib(ucppinit_aeabi.o)
 .comment       0x0000145c      0x394 \Symbian\9.2\S60_3rd_FP1\EPOC32\RELEASE\ARMV5\UREL\usrt2_2.lib(dllexp.o)
 .comment       0x000017f0       0x38 C:\Program Files\CSL Arm Toolchain\bin\..\arm-none-symbianelf\lib\libsupc++.a(eh_personality.o)
 .comment       0x00001828       0x38 C:\Program Files\CSL Arm Toolchain\bin\..\lib\gcc\arm-none-symbianelf\3.4.3\libgcc.a(pr-support.o)

.debug
 *(.debug)

.line
 *(.line)

.debug_srcinfo
 *(.debug_srcinfo)

.debug_sfnames
 *(.debug_sfnames)

.debug_aranges  0x00000000       0x40
 *(.debug_aranges)
 .debug_aranges
                0x00000000       0x20 C:\Program Files\CSL Arm Toolchain\bin\..\arm-none-symbianelf\lib\libsupc++.a(eh_personality.o)
 .debug_aranges
                0x00000020       0x20 C:\Program Files\CSL Arm Toolchain\bin\..\lib\gcc\arm-none-symbianelf\3.4.3\libgcc.a(pr-support.o)

.debug_pubnames
                0x00000000       0xac
 *(.debug_pubnames)
 .debug_pubnames
                0x00000000       0x2b C:\Program Files\CSL Arm Toolchain\bin\..\arm-none-symbianelf\lib\libsupc++.a(eh_personality.o)
 .debug_pubnames
                0x0000002b       0x81 C:\Program Files\CSL Arm Toolchain\bin\..\lib\gcc\arm-none-symbianelf\3.4.3\libgcc.a(pr-support.o)

.debug_info     0x00000000     0x13c2
 *(.debug_info .gnu.linkonce.wi.*)
 .debug_info    0x00000000      0xeef C:\Program Files\CSL Arm Toolchain\bin\..\arm-none-symbianelf\lib\libsupc++.a(eh_personality.o)
 .debug_info    0x00000eef      0x4d3 C:\Program Files\CSL Arm Toolchain\bin\..\lib\gcc\arm-none-symbianelf\3.4.3\libgcc.a(pr-support.o)

.debug_abbrev   0x00000000      0x4fe
 *(.debug_abbrev)
 .debug_abbrev  0x00000000      0x340 C:\Program Files\CSL Arm Toolchain\bin\..\arm-none-symbianelf\lib\libsupc++.a(eh_personality.o)
 .debug_abbrev  0x00000340      0x1be C:\Program Files\CSL Arm Toolchain\bin\..\lib\gcc\arm-none-symbianelf\3.4.3\libgcc.a(pr-support.o)

.debug_line     0x00000000      0x4ed
 *(.debug_line)
 .debug_line    0x00000000      0x340 C:\Program Files\CSL Arm Toolchain\bin\..\arm-none-symbianelf\lib\libsupc++.a(eh_personality.o)
 .debug_line    0x00000340      0x1ad C:\Program Files\CSL Arm Toolchain\bin\..\lib\gcc\arm-none-symbianelf\3.4.3\libgcc.a(pr-support.o)

.debug_frame    0x00000000      0x17c
 *(.debug_frame)
 .debug_frame   0x00000000       0xc4 C:\Program Files\CSL Arm Toolchain\bin\..\arm-none-symbianelf\lib\libsupc++.a(eh_personality.o)
 .debug_frame   0x000000c4       0xb8 C:\Program Files\CSL Arm Toolchain\bin\..\lib\gcc\arm-none-symbianelf\3.4.3\libgcc.a(pr-support.o)

.debug_str      0x00000000      0x791
 *(.debug_str)
 .debug_str     0x00000000      0x649 C:\Program Files\CSL Arm Toolchain\bin\..\arm-none-symbianelf\lib\libsupc++.a(eh_personality.o)
                                0x687 (size before relaxing)
 .debug_str     0x00000649      0x148 C:\Program Files\CSL Arm Toolchain\bin\..\lib\gcc\arm-none-symbianelf\3.4.3\libgcc.a(pr-support.o)
                                0x33a (size before relaxing)

.debug_loc
 *(.debug_loc)

.debug_macinfo
 *(.debug_macinfo)

.debug_weaknames
 *(.debug_weaknames)

.debug_funcnames
 *(.debug_funcnames)

.debug_typenames
 *(.debug_typenames)

.debug_varnames
 *(.debug_varnames)

.stack          0x00080000        0x0
                0x00080000                _stack = .
 *(.stack)

.note.gnu.arm.ident
 *(.note.gnu.arm.ident)

/DISCARD/
 *(.note.GNU-stack)

.rel.dyn        0x00000000     0x1ab8
 *(.rel.init)
 *(.rel.text .rel.text.* .rel.gnu.linkonce.t.*)
 .rel.text      0x00000000      0xdb0 \Symbian\9.2\S60_3rd_FP1\EPOC32\RELEASE\ARMV5\UREL\EDLL.LIB(uc_dll_.o)
 .rel.text._ZN14QBtLocalDeviceD1Ev
                0x00000db0        0x8 \Symbian\9.2\S60_3rd_FP1\EPOC32\RELEASE\ARMV5\UREL\EDLL.LIB(uc_dll_.o)
 .rel.text._ZN14QBtLocalDeviceD0Ev
                0x00000db8        0x8 \Symbian\9.2\S60_3rd_FP1\EPOC32\RELEASE\ARMV5\UREL\EDLL.LIB(uc_dll_.o)
 .rel.text._ZN5QListI7QBtUuidE9removeOneERKS0_
                0x00000dc0        0x8 \Symbian\9.2\S60_3rd_FP1\EPOC32\RELEASE\ARMV5\UREL\EDLL.LIB(uc_dll_.o)
 .rel.text._ZN5QListI7QBtUuidEC1Ev
                0x00000dc8        0x8 \Symbian\9.2\S60_3rd_FP1\EPOC32\RELEASE\ARMV5\UREL\EDLL.LIB(uc_dll_.o)
 .rel.text._ZN5QListI7QBtUuidE5clearEv
                0x00000dd0        0x8 \Symbian\9.2\S60_3rd_FP1\EPOC32\RELEASE\ARMV5\UREL\EDLL.LIB(uc_dll_.o)
 .rel.text._ZN5QListI10QBtServiceE5clearEv
                0x00000dd8        0x8 \Symbian\9.2\S60_3rd_FP1\EPOC32\RELEASE\ARMV5\UREL\EDLL.LIB(uc_dll_.o)
 .rel.text._ZN5QListI10QBtServiceEC1Ev
                0x00000de0        0x8 \Symbian\9.2\S60_3rd_FP1\EPOC32\RELEASE\ARMV5\UREL\EDLL.LIB(uc_dll_.o)
 .rel.text._ZN7QStringC1Ev
                0x00000de8        0x8 \Symbian\9.2\S60_3rd_FP1\EPOC32\RELEASE\ARMV5\UREL\EDLL.LIB(uc_dll_.o)
 .rel.text._Z17CleanupClosePushLI11RSocketServEvRT_
                0x00000df0        0x8 \Symbian\9.2\S60_3rd_FP1\EPOC32\RELEASE\ARMV5\UREL\EDLL.LIB(uc_dll_.o)
 .rel.text._Z17CleanupClosePushLI7RSocketEvRT_
                0x00000df8        0x8 \Symbian\9.2\S60_3rd_FP1\EPOC32\RELEASE\ARMV5\UREL\EDLL.LIB(uc_dll_.o)
 .rel.text._ZN5QListI9QBtDeviceEC1Ev
                0x00000e00        0x8 \Symbian\9.2\S60_3rd_FP1\EPOC32\RELEASE\ARMV5\UREL\EDLL.LIB(uc_dll_.o)
 .rel.text._ZN5QListI9QBtDeviceE5clearEv
                0x00000e08        0x8 \Symbian\9.2\S60_3rd_FP1\EPOC32\RELEASE\ARMV5\UREL\EDLL.LIB(uc_dll_.o)
 .rel.text._ZN13ServiceRecordC1Ev
                0x00000e10       0x40 \Symbian\9.2\S60_3rd_FP1\EPOC32\RELEASE\ARMV5\UREL\EDLL.LIB(uc_dll_.o)
 .rel.text._ZN4QMapIm13ServiceRecordEixERKm
                0x00000e50       0x20 \Symbian\9.2\S60_3rd_FP1\EPOC32\RELEASE\ARMV5\UREL\EDLL.LIB(uc_dll_.o)
 .rel.text._Z3MSGRK7QString
                0x00000e70        0x8 \Symbian\9.2\S60_3rd_FP1\EPOC32\RELEASE\ARMV5\UREL\EDLL.LIB(uc_dll_.o)
 .rel.text._ZN4QSetI7QStringEC1Ev
                0x00000e78        0x8 \Symbian\9.2\S60_3rd_FP1\EPOC32\RELEASE\ARMV5\UREL\EDLL.LIB(uc_dll_.o)
 .rel.text._ZN5QHashI7QString15QHashDummyValueE8freeDataEP9QHashData
                0x00000e80        0x8 \Symbian\9.2\S60_3rd_FP1\EPOC32\RELEASE\ARMV5\UREL\EDLL.LIB(uc_dll_.o)
 .rel.text._ZN4QMapIm13ServiceRecordEC1Ev
                0x00000e88        0x8 \Symbian\9.2\S60_3rd_FP1\EPOC32\RELEASE\ARMV5\UREL\EDLL.LIB(uc_dll_.o)
 .rel.text._ZN4QSetI7QStringE5clearEv
                0x00000e90        0x8 \Symbian\9.2\S60_3rd_FP1\EPOC32\RELEASE\ARMV5\UREL\EDLL.LIB(uc_dll_.o)
 .rel.text._ZN13ServiceRecordC1ERKS_
                0x00000e98       0x20 \Symbian\9.2\S60_3rd_FP1\EPOC32\RELEASE\ARMV5\UREL\EDLL.LIB(uc_dll_.o)
 .rel.text._ZN4QMapIm13ServiceRecordE8freeDataEP8QMapData
                0x00000eb8       0x20 \Symbian\9.2\S60_3rd_FP1\EPOC32\RELEASE\ARMV5\UREL\EDLL.LIB(uc_dll_.o)
 .rel.text._ZN5QHashI7QString15QHashDummyValueE13detach_helperEv
                0x00000ed8       0x10 \Symbian\9.2\S60_3rd_FP1\EPOC32\RELEASE\ARMV5\UREL\EDLL.LIB(uc_dll_.o)
 .rel.text._ZN11AttrVisitorD0Ev
                0x00000ee8        0x8 \Symbian\9.2\S60_3rd_FP1\EPOC32\RELEASE\ARMV5\UREL\EDLL.LIB(uc_dll_.o)
 .rel.text._ZN11AttrVisitorD1Ev
                0x00000ef0        0x8 \Symbian\9.2\S60_3rd_FP1\EPOC32\RELEASE\ARMV5\UREL\EDLL.LIB(uc_dll_.o)
 .rel.text._ZN19ProtocolListVisitorD0Ev
                0x00000ef8       0x10 \Symbian\9.2\S60_3rd_FP1\EPOC32\RELEASE\ARMV5\UREL\EDLL.LIB(uc_dll_.o)
 .rel.text._ZN19ProtocolListVisitorD1Ev
                0x00000f08       0x10 \Symbian\9.2\S60_3rd_FP1\EPOC32\RELEASE\ARMV5\UREL\EDLL.LIB(uc_dll_.o)
 .rel.text._ZN13StringVisitor5clearEv
                0x00000f18        0x8 \Symbian\9.2\S60_3rd_FP1\EPOC32\RELEASE\ARMV5\UREL\EDLL.LIB(uc_dll_.o)
 .rel.text._ZN13StringVisitorD0Ev
                0x00000f20       0x10 \Symbian\9.2\S60_3rd_FP1\EPOC32\RELEASE\ARMV5\UREL\EDLL.LIB(uc_dll_.o)
 .rel.text._ZN13StringVisitorD1Ev
                0x00000f30       0x10 \Symbian\9.2\S60_3rd_FP1\EPOC32\RELEASE\ARMV5\UREL\EDLL.LIB(uc_dll_.o)
 .rel.text._ZN18ServiceUuidVisitorD0Ev
                0x00000f40       0x10 \Symbian\9.2\S60_3rd_FP1\EPOC32\RELEASE\ARMV5\UREL\EDLL.LIB(uc_dll_.o)
 .rel.text._ZN18ServiceUuidVisitorD1Ev
                0x00000f50       0x10 \Symbian\9.2\S60_3rd_FP1\EPOC32\RELEASE\ARMV5\UREL\EDLL.LIB(uc_dll_.o)
 *(.rel.fini)
 *(.rel.rodata .rel.rodata.* .rel.gnu.linkonce.r.*)
 .rel.rodata    0x00000f60      0xac8 \Symbian\9.2\S60_3rd_FP1\EPOC32\RELEASE\ARMV5\UREL\EDLL.LIB(uc_dll_.o)
 .rel.rodata._ZTI15XLeaveException
                0x00001a28       0x10 \Symbian\9.2\S60_3rd_FP1\EPOC32\RELEASE\ARMV5\UREL\EDLL.LIB(uc_dll_.o)
 .rel.rodata._ZTI21MBTDeviceFinderNotify
                0x00001a38       0x10 \Symbian\9.2\S60_3rd_FP1\EPOC32\RELEASE\ARMV5\UREL\EDLL.LIB(uc_dll_.o)
 .rel.rodata._ZTV11AttrVisitor
                0x00001a48       0x40 \Symbian\9.2\S60_3rd_FP1\EPOC32\RELEASE\ARMV5\UREL\EDLL.LIB(uc_dll_.o)
 .rel.rodata._ZTISt9bad_alloc
                0x00001a88       0x18 \Symbian\9.2\S60_3rd_FP1\EPOC32\RELEASE\ARMV5\UREL\EDLL.LIB(uc_dll_.o)
 .rel.rodata._ZTI11AttrVisitor
                0x00001aa0       0x18 \Symbian\9.2\S60_3rd_FP1\EPOC32\RELEASE\ARMV5\UREL\EDLL.LIB(uc_dll_.o)
 *(.rel.data.rel.ro*)
 *(.rel.data .rel.data.* .rel.gnu.linkonce.d.*)
 *(.rel.tdata .rel.tdata.* .rel.gnu.linkonce.td.*)
 *(.rel.tbss .rel.tbss.* .rel.gnu.linkonce.tb.*)
 *(.rel.ctors)
 *(.rel.dtors)
 *(.rel.bss .rel.bss.* .rel.gnu.linkonce.b.*)
 *(.rel.init_array)
 *(.rel.fini_array)

.rela.dyn
 *(.rela.init)
 *(.rela.text .rela.text.* .rela.gnu.linkonce.t.*)
 *(.rela.fini)
 *(.rela.rodata .rela.rodata.* .rela.gnu.linkonce.r.*)
 *(.rela.data .rela.data.* .rela.gnu.linkonce.d.*)
 *(.rela.tdata .rela.tdata.* .rela.gnu.linkonce.td.*)
 *(.rela.tbss .rela.tbss.* .rela.gnu.linkonce.tb.*)
 *(.rela.ctors)
 *(.rela.dtors)
 *(.rela.bss .rela.bss.* .rela.gnu.linkonce.b.*)
 *(.rela.init_array)
 *(.rela.fini_array)

.rel.plt        0x00000000      0xdb8
 *(.rel.plt)
 .rel.plt       0x00000000      0xdb8 \Symbian\9.2\S60_3rd_FP1\EPOC32\RELEASE\ARMV5\UREL\EDLL.LIB(uc_dll_.o)

.rela.plt
 *(.rela.plt)

.rel.other      0x00000000      0x298
 *(.rel.*)
 .rel.emb_text  0x00000000       0x38 \Symbian\9.2\S60_3rd_FP1\EPOC32\RELEASE\ARMV5\UREL\EDLL.LIB(uc_dll_.o)
 .rel.ARM.extab
                0x00000038      0x258 \Symbian\9.2\S60_3rd_FP1\EPOC32\RELEASE\ARMV5\UREL\EDLL.LIB(uc_dll_.o)
 .rel.ARM.extab.text._Z3MSGRK7QString
                0x00000290        0x8 \Symbian\9.2\S60_3rd_FP1\EPOC32\RELEASE\ARMV5\UREL\EDLL.LIB(uc_dll_.o)

.rela.other
 *(.rela.*)

.reli.other
 *(.reli.*)
OUTPUT(\Symbian\9.2\S60_3rd_FP1\EPOC32\BUILD\Carbide\NewLibVersion\QBluetooth_selfsigned\QBLUETOOTH_DLL\GCCE\UREL\QBluetooth.dll elf32-littlearm-symbian)

.debug_frame$$$.emb_text
                0x00000000       0x78
 .debug_frame$$$.emb_text
                0x00000000       0x3c \Symbian\9.2\S60_3rd_FP1\EPOC32\RELEASE\ARMV5\UREL\EDLL.LIB(uc_dll_.o)
 .debug_frame$$$.emb_text
                0x0000003c       0x3c \Symbian\9.2\S60_3rd_FP1\EPOC32\RELEASE\ARMV5\UREL\usrt2_2.lib(ucppinit_aeabi.o)

.got            0x00000000        0x0

.debug_frame$$$.text
                0x00000000       0x88
 .debug_frame$$$.text
                0x00000000       0x4c \Symbian\9.2\S60_3rd_FP1\EPOC32\RELEASE\ARMV5\UREL\EDLL.LIB(uc_dll.o)
 .debug_frame$$$.text
                0x0000004c       0x3c \Symbian\9.2\S60_3rd_FP1\EPOC32\RELEASE\ARMV5\UREL\usrt2_2.lib(dllexp.o)

.arm_vfe_header
                0x00000000        0x4
 .arm_vfe_header
                0x00000000        0x4 \Symbian\9.2\S60_3rd_FP1\EPOC32\RELEASE\ARMV5\UREL\usrt2_2.lib(dllexp.o)

.debug_ranges   0x00000000      0x158
 .debug_ranges  0x00000000      0x138 C:\Program Files\CSL Arm Toolchain\bin\..\arm-none-symbianelf\lib\libsupc++.a(eh_personality.o)
 .debug_ranges  0x00000138       0x20 C:\Program Files\CSL Arm Toolchain\bin\..\lib\gcc\arm-none-symbianelf\3.4.3\libgcc.a(pr-support.o)
